                              1 ;--------------------------------------------------------
                              2 ; File Created by SDCC : free open source ANSI-C Compiler
                              3 ; Version 4.0.0 #11528 (MINGW32)
                              4 ;--------------------------------------------------------
                              5 	.module C__Users_Mills_AppData_Local_Temp_lcc63521
                              6 	.optsdcc -mgbz80
                              7 	
                              8 ;--------------------------------------------------------
                              9 ; Public variables in this module
                             10 ;--------------------------------------------------------
                             11 	.globl _Road3D_Run
                             12 	.globl _Road3D_Set
                             13 	.globl _move_sprite
                             14 	.globl _set_sprite_prop
                             15 	.globl _set_sprite_data
                             16 	.globl _set_win_tiles
                             17 	.globl _set_bkg_tiles
                             18 	.globl _set_bkg_data
                             19 	.globl _set_sprite_palette
                             20 	.globl _set_bkg_palette
                             21 	.globl _Map3D_Frame0
                             22 	.globl _VanMovement
                             23 	.globl _SideRoad_SpritesPos2
                             24 	.globl _SideRoad_SpritesPos1
                             25 	.globl _Road3DspritesCGB1
                             26 ;--------------------------------------------------------
                             27 ; special function registers
                             28 ;--------------------------------------------------------
                             29 ;--------------------------------------------------------
                             30 ; ram data
                             31 ;--------------------------------------------------------
                             32 	.area _DATA
   0000                      33 _Map3D_Frame0::
   0000                      34 	.ds 2
                             35 ;--------------------------------------------------------
                             36 ; absolute external ram data
                             37 ;--------------------------------------------------------
                             38 	.area _DABS (ABS)
                             39 ;--------------------------------------------------------
                             40 ; global & static initialisations
                             41 ;--------------------------------------------------------
                             42 	.area _HOME
                             43 	.area _GSINIT
                             44 	.area _GSFINAL
                             45 	.area _GSINIT
                             46 ;--------------------------------------------------------
                             47 ; Home
                             48 ;--------------------------------------------------------
                             49 	.area _HOME
                             50 	.area _HOME
                             51 ;--------------------------------------------------------
                             52 ; code
                             53 ;--------------------------------------------------------
                             54 	.area _CODE_3
                             55 ;src/3_road.b3.c:67: void Road3D_Set(){
                             56 ;	---------------------------------
                             57 ; Function Road3D_Set
                             58 ; ---------------------------------
   0000                      59 _Road3D_Set::
                             60 ;src/3_road.b3.c:69: VBK_REG = 0;
   0000 3E 00                61 	ld	a, #0x00
   0002 E0r00                62 	ldh	(_VBK_REG+0),a
                             63 ;src/3_road.b3.c:71: set_bkg_data(0, 108, Road3DTiles);
   0004 21r00r00             64 	ld	hl, #_Road3DTiles
   0007 E5                   65 	push	hl
   0008 3E 6C                66 	ld	a, #0x6c
   000A F5                   67 	push	af
   000B 33                   68 	inc	sp
   000C AF                   69 	xor	a, a
   000D F5                   70 	push	af
   000E 33                   71 	inc	sp
   000F CDr00r00             72 	call	_set_bkg_data
   0012 E8 04                73 	add	sp, #4
                             74 ;src/3_road.b3.c:72: set_bkg_tiles( 0, 0, 32, 19, RoadBKGMap3DPLN0);
   0014 21r00r00             75 	ld	hl, #_RoadBKGMap3DPLN0
   0017 E5                   76 	push	hl
   0018 3E 13                77 	ld	a, #0x13
   001A F5                   78 	push	af
   001B 33                   79 	inc	sp
   001C 3E 20                80 	ld	a, #0x20
   001E F5                   81 	push	af
   001F 33                   82 	inc	sp
   0020 AF                   83 	xor	a, a
   0021 F5                   84 	push	af
   0022 33                   85 	inc	sp
   0023 AF                   86 	xor	a, a
   0024 F5                   87 	push	af
   0025 33                   88 	inc	sp
   0026 CDr00r00             89 	call	_set_bkg_tiles
   0029 E8 06                90 	add	sp, #6
                             91 ;src/3_road.b3.c:73: set_sprite_data( 0, 46, Road3Dsprites);//in 8x8 mode!!!
   002B 21r00r00             92 	ld	hl, #_Road3Dsprites
   002E E5                   93 	push	hl
   002F 3E 2E                94 	ld	a, #0x2e
   0031 F5                   95 	push	af
   0032 33                   96 	inc	sp
   0033 AF                   97 	xor	a, a
   0034 F5                   98 	push	af
   0035 33                   99 	inc	sp
   0036 CDr00r00            100 	call	_set_sprite_data
   0039 E8 04               101 	add	sp, #4
                            102 ;src/3_road.b3.c:74: VBK_REG = 1;	   
   003B 3E 01               103 	ld	a, #0x01
   003D E0r00               104 	ldh	(_VBK_REG+0),a
                            105 ;src/3_road.b3.c:75: set_bkg_tiles( 0, 0, 32, 19, RoadBKGMap3DPLN1); 
   003F 21r00r00            106 	ld	hl, #_RoadBKGMap3DPLN1
   0042 E5                  107 	push	hl
   0043 3E 13               108 	ld	a, #0x13
   0045 F5                  109 	push	af
   0046 33                  110 	inc	sp
   0047 3E 20               111 	ld	a, #0x20
   0049 F5                  112 	push	af
   004A 33                  113 	inc	sp
   004B AF                  114 	xor	a, a
   004C F5                  115 	push	af
   004D 33                  116 	inc	sp
   004E AF                  117 	xor	a, a
   004F F5                  118 	push	af
   0050 33                  119 	inc	sp
   0051 CDr00r00            120 	call	_set_bkg_tiles
   0054 E8 06               121 	add	sp, #6
                            122 ;src/3_road.b3.c:77: for (v = 0; v<32;v++) set_sprite_prop(v, Road3DspritesCGB1[v]);
   0056 21r00r00            123 	ld	hl, #_v
   0059 36 00               124 	ld	(hl), #0x00
   005B                     125 00102$:
   005B 3Er05               126 	ld	a, #<(_Road3DspritesCGB1)
   005D 21r00r00            127 	ld	hl, #_v
   0060 86                  128 	add	a, (hl)
   0061 4F                  129 	ld	c, a
   0062 3Es01               130 	ld	a, #>(_Road3DspritesCGB1)
   0064 CE 00               131 	adc	a, #0x00
   0066 47                  132 	ld	b, a
   0067 0A                  133 	ld	a, (bc)
   0068 F5                  134 	push	af
   0069 33                  135 	inc	sp
   006A 7E                  136 	ld	a, (hl)
   006B F5                  137 	push	af
   006C 33                  138 	inc	sp
   006D CDr00r00            139 	call	_set_sprite_prop
   0070 E8 02               140 	add	sp, #2
   0072 21r00r00            141 	ld	hl, #_v
   0075 34                  142 	inc	(hl)
   0076 7E                  143 	ld	a, (hl)
   0077 D6 20               144 	sub	a, #0x20
   0079 38 E0               145 	jr	C,00102$
                            146 ;src/3_road.b3.c:78: VBK_REG = 0;
   007B 3E 00               147 	ld	a, #0x00
   007D E0r00               148 	ldh	(_VBK_REG+0),a
                            149 ;src/3_road.b3.c:80: set_bkg_palette(0, 8, Road3DTilesPAL);
   007F 21r00r00            150 	ld	hl, #_Road3DTilesPAL
   0082 E5                  151 	push	hl
   0083 3E 08               152 	ld	a, #0x08
   0085 F5                  153 	push	af
   0086 33                  154 	inc	sp
   0087 AF                  155 	xor	a, a
   0088 F5                  156 	push	af
   0089 33                  157 	inc	sp
   008A CDr00r00            158 	call	_set_bkg_palette
   008D E8 04               159 	add	sp, #4
                            160 ;src/3_road.b3.c:81: set_sprite_palette( 0, 8, Road3DspritesPAL);
   008F 21r00r00            161 	ld	hl, #_Road3DspritesPAL
   0092 E5                  162 	push	hl
   0093 3E 08               163 	ld	a, #0x08
   0095 F5                  164 	push	af
   0096 33                  165 	inc	sp
   0097 AF                  166 	xor	a, a
   0098 F5                  167 	push	af
   0099 33                  168 	inc	sp
   009A CDr00r00            169 	call	_set_sprite_palette
   009D E8 04               170 	add	sp, #4
                            171 ;src/3_road.b3.c:84: move_sprite(12,180,180);move_sprite(13,180,180);
   009F 3E B4               172 	ld	a, #0xb4
   00A1 F5                  173 	push	af
   00A2 33                  174 	inc	sp
   00A3 3E B4               175 	ld	a, #0xb4
   00A5 F5                  176 	push	af
   00A6 33                  177 	inc	sp
   00A7 3E 0C               178 	ld	a, #0x0c
   00A9 F5                  179 	push	af
   00AA 33                  180 	inc	sp
   00AB CDr00r00            181 	call	_move_sprite
   00AE E8 03               182 	add	sp, #3
   00B0 3E B4               183 	ld	a, #0xb4
   00B2 F5                  184 	push	af
   00B3 33                  185 	inc	sp
   00B4 3E B4               186 	ld	a, #0xb4
   00B6 F5                  187 	push	af
   00B7 33                  188 	inc	sp
   00B8 3E 0D               189 	ld	a, #0x0d
   00BA F5                  190 	push	af
   00BB 33                  191 	inc	sp
   00BC CDr00r00            192 	call	_move_sprite
   00BF E8 03               193 	add	sp, #3
                            194 ;src/3_road.b3.c:85: SSPEED = 0;
   00C1 21r00r00            195 	ld	hl, #_SSPEED
   00C4 36 00               196 	ld	(hl), #0x00
                            197 ;src/3_road.b3.c:86: SSPEED1 = 0;
   00C6 21r00r00            198 	ld	hl, #_SSPEED1
   00C9 36 00               199 	ld	(hl), #0x00
                            200 ;src/3_road.b3.c:87: SSPEED2 = 50;
   00CB 21r00r00            201 	ld	hl, #_SSPEED2
   00CE 36 32               202 	ld	(hl), #0x32
                            203 ;src/3_road.b3.c:88: SSPEED3 = 0;
   00D0 21r00r00            204 	ld	hl, #_SSPEED3
   00D3 36 00               205 	ld	(hl), #0x00
                            206 ;src/3_road.b3.c:89: SPRX = 0;
   00D5 21r00r00            207 	ld	hl, #_SPRX
   00D8 36 00               208 	ld	(hl), #0x00
                            209 ;src/3_road.b3.c:90: SPRY = 170;
   00DA 21r00r00            210 	ld	hl, #_SPRY
   00DD 36 AA               211 	ld	(hl), #0xaa
                            212 ;src/3_road.b3.c:91: SPR = 0;
   00DF 21r00r00            213 	ld	hl, #_SPR
   00E2 36 00               214 	ld	(hl), #0x00
                            215 ;src/3_road.b3.c:93: Map3D_Frame0 = 0;
   00E4 21r00r00            216 	ld	hl, #_Map3D_Frame0
   00E7 36 00               217 	ld	(hl), #0x00
   00E9 23                  218 	inc	hl
   00EA 36 00               219 	ld	(hl), #0x00
                            220 ;src/3_road.b3.c:94: TIMER = 0;
   00EC 21r00r00            221 	ld	hl, #_TIMER
   00EF 36 00               222 	ld	(hl), #0x00
   00F1 23                  223 	inc	hl
   00F2 36 00               224 	ld	(hl), #0x00
                            225 ;src/3_road.b3.c:96: Scene++;
   00F4 21r00r00            226 	ld	hl, #_Scene
   00F7 34                  227 	inc	(hl)
                            228 ;src/3_road.b3.c:98: SHOW_SPRITES;
   00F8 F0r00               229 	ldh	a, (_LCDC_REG+0)
   00FA F6 02               230 	or	a, #0x02
   00FC E0r00               231 	ldh	(_LCDC_REG+0),a
                            232 ;src/3_road.b3.c:99: SHOW_BKG;
   00FE F0r00               233 	ldh	a, (_LCDC_REG+0)
   0100 F6 01               234 	or	a, #0x01
   0102 E0r00               235 	ldh	(_LCDC_REG+0),a
                            236 ;src/3_road.b3.c:100: }	
   0104 C9                  237 	ret
   0105                     238 _Road3DspritesCGB1:
   0105 01                  239 	.db #0x01	; 1
   0106 01                  240 	.db #0x01	; 1
   0107 00                  241 	.db #0x00	; 0
   0108 02                  242 	.db #0x02	; 2
   0109 03                  243 	.db #0x03	; 3
   010A 03                  244 	.db #0x03	; 3
   010B 02                  245 	.db #0x02	; 2
   010C 02                  246 	.db #0x02	; 2
   010D 02                  247 	.db #0x02	; 2
   010E 02                  248 	.db #0x02	; 2
   010F 02                  249 	.db #0x02	; 2
   0110 02                  250 	.db #0x02	; 2
   0111 05                  251 	.db #0x05	; 5
   0112 05                  252 	.db #0x05	; 5
   0113 05                  253 	.db #0x05	; 5
   0114 05                  254 	.db #0x05	; 5
   0115 06                  255 	.db #0x06	; 6
   0116 06                  256 	.db #0x06	; 6
   0117                     257 _SideRoad_SpritesPos1:
   0117 78                  258 	.db #0x78	; 120	'x'
   0118 5F                  259 	.db #0x5f	; 95
   0119 77                  260 	.db #0x77	; 119	'w'
   011A 60                  261 	.db #0x60	; 96
   011B 77                  262 	.db #0x77	; 119	'w'
   011C 60                  263 	.db #0x60	; 96
   011D 77                  264 	.db #0x77	; 119	'w'
   011E 60                  265 	.db #0x60	; 96
   011F 77                  266 	.db #0x77	; 119	'w'
   0120 60                  267 	.db #0x60	; 96
   0121 77                  268 	.db #0x77	; 119	'w'
   0122 60                  269 	.db #0x60	; 96
   0123 77                  270 	.db #0x77	; 119	'w'
   0124 60                  271 	.db #0x60	; 96
   0125 77                  272 	.db #0x77	; 119	'w'
   0126 61                  273 	.db #0x61	; 97	'a'
   0127 77                  274 	.db #0x77	; 119	'w'
   0128 61                  275 	.db #0x61	; 97	'a'
   0129 77                  276 	.db #0x77	; 119	'w'
   012A 61                  277 	.db #0x61	; 97	'a'
   012B 77                  278 	.db #0x77	; 119	'w'
   012C 61                  279 	.db #0x61	; 97	'a'
   012D 77                  280 	.db #0x77	; 119	'w'
   012E 62                  281 	.db #0x62	; 98	'b'
   012F 77                  282 	.db #0x77	; 119	'w'
   0130 62                  283 	.db #0x62	; 98	'b'
   0131 77                  284 	.db #0x77	; 119	'w'
   0132 62                  285 	.db #0x62	; 98	'b'
   0133 77                  286 	.db #0x77	; 119	'w'
   0134 62                  287 	.db #0x62	; 98	'b'
   0135 77                  288 	.db #0x77	; 119	'w'
   0136 62                  289 	.db #0x62	; 98	'b'
   0137 77                  290 	.db #0x77	; 119	'w'
   0138 62                  291 	.db #0x62	; 98	'b'
   0139 76                  292 	.db #0x76	; 118	'v'
   013A 63                  293 	.db #0x63	; 99	'c'
   013B 76                  294 	.db #0x76	; 118	'v'
   013C 63                  295 	.db #0x63	; 99	'c'
   013D 76                  296 	.db #0x76	; 118	'v'
   013E 63                  297 	.db #0x63	; 99	'c'
   013F 76                  298 	.db #0x76	; 118	'v'
   0140 63                  299 	.db #0x63	; 99	'c'
   0141 76                  300 	.db #0x76	; 118	'v'
   0142 63                  301 	.db #0x63	; 99	'c'
   0143 76                  302 	.db #0x76	; 118	'v'
   0144 63                  303 	.db #0x63	; 99	'c'
   0145 76                  304 	.db #0x76	; 118	'v'
   0146 63                  305 	.db #0x63	; 99	'c'
   0147 76                  306 	.db #0x76	; 118	'v'
   0148 63                  307 	.db #0x63	; 99	'c'
   0149 76                  308 	.db #0x76	; 118	'v'
   014A 64                  309 	.db #0x64	; 100	'd'
   014B 76                  310 	.db #0x76	; 118	'v'
   014C 64                  311 	.db #0x64	; 100	'd'
   014D 76                  312 	.db #0x76	; 118	'v'
   014E 64                  313 	.db #0x64	; 100	'd'
   014F 76                  314 	.db #0x76	; 118	'v'
   0150 64                  315 	.db #0x64	; 100	'd'
   0151 76                  316 	.db #0x76	; 118	'v'
   0152 65                  317 	.db #0x65	; 101	'e'
   0153 76                  318 	.db #0x76	; 118	'v'
   0154 65                  319 	.db #0x65	; 101	'e'
   0155 76                  320 	.db #0x76	; 118	'v'
   0156 65                  321 	.db #0x65	; 101	'e'
   0157 76                  322 	.db #0x76	; 118	'v'
   0158 65                  323 	.db #0x65	; 101	'e'
   0159 76                  324 	.db #0x76	; 118	'v'
   015A 65                  325 	.db #0x65	; 101	'e'
   015B 76                  326 	.db #0x76	; 118	'v'
   015C 65                  327 	.db #0x65	; 101	'e'
   015D 76                  328 	.db #0x76	; 118	'v'
   015E 65                  329 	.db #0x65	; 101	'e'
   015F 76                  330 	.db #0x76	; 118	'v'
   0160 65                  331 	.db #0x65	; 101	'e'
   0161 75                  332 	.db #0x75	; 117	'u'
   0162 66                  333 	.db #0x66	; 102	'f'
   0163 75                  334 	.db #0x75	; 117	'u'
   0164 66                  335 	.db #0x66	; 102	'f'
   0165 75                  336 	.db #0x75	; 117	'u'
   0166 66                  337 	.db #0x66	; 102	'f'
   0167 75                  338 	.db #0x75	; 117	'u'
   0168 66                  339 	.db #0x66	; 102	'f'
   0169 75                  340 	.db #0x75	; 117	'u'
   016A 66                  341 	.db #0x66	; 102	'f'
   016B 75                  342 	.db #0x75	; 117	'u'
   016C 67                  343 	.db #0x67	; 103	'g'
   016D 75                  344 	.db #0x75	; 117	'u'
   016E 67                  345 	.db #0x67	; 103	'g'
   016F 75                  346 	.db #0x75	; 117	'u'
   0170 67                  347 	.db #0x67	; 103	'g'
   0171 75                  348 	.db #0x75	; 117	'u'
   0172 67                  349 	.db #0x67	; 103	'g'
   0173 75                  350 	.db #0x75	; 117	'u'
   0174 68                  351 	.db #0x68	; 104	'h'
   0175 75                  352 	.db #0x75	; 117	'u'
   0176 68                  353 	.db #0x68	; 104	'h'
   0177 75                  354 	.db #0x75	; 117	'u'
   0178 68                  355 	.db #0x68	; 104	'h'
   0179 75                  356 	.db #0x75	; 117	'u'
   017A 68                  357 	.db #0x68	; 104	'h'
   017B 75                  358 	.db #0x75	; 117	'u'
   017C 68                  359 	.db #0x68	; 104	'h'
   017D 75                  360 	.db #0x75	; 117	'u'
   017E 69                  361 	.db #0x69	; 105	'i'
   017F 75                  362 	.db #0x75	; 117	'u'
   0180 69                  363 	.db #0x69	; 105	'i'
   0181 75                  364 	.db #0x75	; 117	'u'
   0182 69                  365 	.db #0x69	; 105	'i'
   0183 75                  366 	.db #0x75	; 117	'u'
   0184 69                  367 	.db #0x69	; 105	'i'
   0185 75                  368 	.db #0x75	; 117	'u'
   0186 6A                  369 	.db #0x6a	; 106	'j'
   0187 75                  370 	.db #0x75	; 117	'u'
   0188 6A                  371 	.db #0x6a	; 106	'j'
   0189 75                  372 	.db #0x75	; 117	'u'
   018A 6A                  373 	.db #0x6a	; 106	'j'
   018B 75                  374 	.db #0x75	; 117	'u'
   018C 6A                  375 	.db #0x6a	; 106	'j'
   018D 74                  376 	.db #0x74	; 116	't'
   018E 6B                  377 	.db #0x6b	; 107	'k'
   018F 74                  378 	.db #0x74	; 116	't'
   0190 6B                  379 	.db #0x6b	; 107	'k'
   0191 74                  380 	.db #0x74	; 116	't'
   0192 6B                  381 	.db #0x6b	; 107	'k'
   0193 74                  382 	.db #0x74	; 116	't'
   0194 6C                  383 	.db #0x6c	; 108	'l'
   0195 74                  384 	.db #0x74	; 116	't'
   0196 6C                  385 	.db #0x6c	; 108	'l'
   0197 74                  386 	.db #0x74	; 116	't'
   0198 6D                  387 	.db #0x6d	; 109	'm'
   0199 74                  388 	.db #0x74	; 116	't'
   019A 6D                  389 	.db #0x6d	; 109	'm'
   019B 74                  390 	.db #0x74	; 116	't'
   019C 6E                  391 	.db #0x6e	; 110	'n'
   019D 74                  392 	.db #0x74	; 116	't'
   019E 6E                  393 	.db #0x6e	; 110	'n'
   019F 74                  394 	.db #0x74	; 116	't'
   01A0 6F                  395 	.db #0x6f	; 111	'o'
   01A1 74                  396 	.db #0x74	; 116	't'
   01A2 6F                  397 	.db #0x6f	; 111	'o'
   01A3 74                  398 	.db #0x74	; 116	't'
   01A4 6F                  399 	.db #0x6f	; 111	'o'
   01A5 75                  400 	.db #0x75	; 117	'u'
   01A6 70                  401 	.db #0x70	; 112	'p'
   01A7 75                  402 	.db #0x75	; 117	'u'
   01A8 70                  403 	.db #0x70	; 112	'p'
   01A9 75                  404 	.db #0x75	; 117	'u'
   01AA 71                  405 	.db #0x71	; 113	'q'
   01AB 75                  406 	.db #0x75	; 117	'u'
   01AC 71                  407 	.db #0x71	; 113	'q'
   01AD 75                  408 	.db #0x75	; 117	'u'
   01AE 72                  409 	.db #0x72	; 114	'r'
   01AF 75                  410 	.db #0x75	; 117	'u'
   01B0 73                  411 	.db #0x73	; 115	's'
   01B1 76                  412 	.db #0x76	; 118	'v'
   01B2 74                  413 	.db #0x74	; 116	't'
   01B3 76                  414 	.db #0x76	; 118	'v'
   01B4 74                  415 	.db #0x74	; 116	't'
   01B5 76                  416 	.db #0x76	; 118	'v'
   01B6 75                  417 	.db #0x75	; 117	'u'
   01B7 77                  418 	.db #0x77	; 119	'w'
   01B8 76                  419 	.db #0x76	; 118	'v'
   01B9 78                  420 	.db #0x78	; 120	'x'
   01BA 77                  421 	.db #0x77	; 119	'w'
   01BB 79                  422 	.db #0x79	; 121	'y'
   01BC 78                  423 	.db #0x78	; 120	'x'
   01BD 7A                  424 	.db #0x7a	; 122	'z'
   01BE 79                  425 	.db #0x79	; 121	'y'
   01BF 7B                  426 	.db #0x7b	; 123
   01C0 7A                  427 	.db #0x7a	; 122	'z'
   01C1 7C                  428 	.db #0x7c	; 124
   01C2 7B                  429 	.db #0x7b	; 123
   01C3 7E                  430 	.db #0x7e	; 126
   01C4 7C                  431 	.db #0x7c	; 124
   01C5 80                  432 	.db #0x80	; 128
   01C6 7D                  433 	.db #0x7d	; 125
   01C7 82                  434 	.db #0x82	; 130
   01C8 7F                  435 	.db #0x7f	; 127
   01C9 84                  436 	.db #0x84	; 132
   01CA 81                  437 	.db #0x81	; 129
   01CB 86                  438 	.db #0x86	; 134
   01CC 82                  439 	.db #0x82	; 130
   01CD 8A                  440 	.db #0x8a	; 138
   01CE 85                  441 	.db #0x85	; 133
   01CF 8C                  442 	.db #0x8c	; 140
   01D0 87                  443 	.db #0x87	; 135
   01D1 8E                  444 	.db #0x8e	; 142
   01D2 89                  445 	.db #0x89	; 137
   01D3 90                  446 	.db #0x90	; 144
   01D4 8C                  447 	.db #0x8c	; 140
   01D5 96                  448 	.db #0x96	; 150
   01D6 8F                  449 	.db #0x8f	; 143
   01D7 98                  450 	.db #0x98	; 152
   01D8 94                  451 	.db #0x94	; 148
   01D9 9B                  452 	.db #0x9b	; 155
   01DA 98                  453 	.db #0x98	; 152
   01DB 9E                  454 	.db #0x9e	; 158
   01DC 9C                  455 	.db #0x9c	; 156
   01DD A1                  456 	.db #0xa1	; 161
   01DE A0                  457 	.db #0xa0	; 160
   01DF A4                  458 	.db #0xa4	; 164
   01E0 A4                  459 	.db #0xa4	; 164
   01E1 A7                  460 	.db #0xa7	; 167
   01E2 A8                  461 	.db #0xa8	; 168
   01E3 AA                  462 	.db #0xaa	; 170
   01E4 AC                  463 	.db #0xac	; 172
   01E5 AD                  464 	.db #0xad	; 173
   01E6 B0                  465 	.db #0xb0	; 176
   01E7                     466 _SideRoad_SpritesPos2:
   01E7 40                  467 	.db #0x40	; 64
   01E8 5F                  468 	.db #0x5f	; 95
   01E9 3F                  469 	.db #0x3f	; 63
   01EA 60                  470 	.db #0x60	; 96
   01EB 3F                  471 	.db #0x3f	; 63
   01EC 60                  472 	.db #0x60	; 96
   01ED 3F                  473 	.db #0x3f	; 63
   01EE 60                  474 	.db #0x60	; 96
   01EF 3F                  475 	.db #0x3f	; 63
   01F0 60                  476 	.db #0x60	; 96
   01F1 3F                  477 	.db #0x3f	; 63
   01F2 60                  478 	.db #0x60	; 96
   01F3 3E                  479 	.db #0x3e	; 62
   01F4 60                  480 	.db #0x60	; 96
   01F5 3D                  481 	.db #0x3d	; 61
   01F6 61                  482 	.db #0x61	; 97	'a'
   01F7 3D                  483 	.db #0x3d	; 61
   01F8 61                  484 	.db #0x61	; 97	'a'
   01F9 3C                  485 	.db #0x3c	; 60
   01FA 61                  486 	.db #0x61	; 97	'a'
   01FB 3B                  487 	.db #0x3b	; 59
   01FC 61                  488 	.db #0x61	; 97	'a'
   01FD 3A                  489 	.db #0x3a	; 58
   01FE 62                  490 	.db #0x62	; 98	'b'
   01FF 3A                  491 	.db #0x3a	; 58
   0200 62                  492 	.db #0x62	; 98	'b'
   0201 39                  493 	.db #0x39	; 57	'9'
   0202 62                  494 	.db #0x62	; 98	'b'
   0203 39                  495 	.db #0x39	; 57	'9'
   0204 62                  496 	.db #0x62	; 98	'b'
   0205 38                  497 	.db #0x38	; 56	'8'
   0206 62                  498 	.db #0x62	; 98	'b'
   0207 38                  499 	.db #0x38	; 56	'8'
   0208 62                  500 	.db #0x62	; 98	'b'
   0209 37                  501 	.db #0x37	; 55	'7'
   020A 63                  502 	.db #0x63	; 99	'c'
   020B 37                  503 	.db #0x37	; 55	'7'
   020C 63                  504 	.db #0x63	; 99	'c'
   020D 37                  505 	.db #0x37	; 55	'7'
   020E 63                  506 	.db #0x63	; 99	'c'
   020F 36                  507 	.db #0x36	; 54	'6'
   0210 63                  508 	.db #0x63	; 99	'c'
   0211 36                  509 	.db #0x36	; 54	'6'
   0212 63                  510 	.db #0x63	; 99	'c'
   0213 36                  511 	.db #0x36	; 54	'6'
   0214 63                  512 	.db #0x63	; 99	'c'
   0215 35                  513 	.db #0x35	; 53	'5'
   0216 63                  514 	.db #0x63	; 99	'c'
   0217 35                  515 	.db #0x35	; 53	'5'
   0218 63                  516 	.db #0x63	; 99	'c'
   0219 34                  517 	.db #0x34	; 52	'4'
   021A 64                  518 	.db #0x64	; 100	'd'
   021B 34                  519 	.db #0x34	; 52	'4'
   021C 64                  520 	.db #0x64	; 100	'd'
   021D 33                  521 	.db #0x33	; 51	'3'
   021E 64                  522 	.db #0x64	; 100	'd'
   021F 33                  523 	.db #0x33	; 51	'3'
   0220 64                  524 	.db #0x64	; 100	'd'
   0221 32                  525 	.db #0x32	; 50	'2'
   0222 65                  526 	.db #0x65	; 101	'e'
   0223 32                  527 	.db #0x32	; 50	'2'
   0224 65                  528 	.db #0x65	; 101	'e'
   0225 32                  529 	.db #0x32	; 50	'2'
   0226 65                  530 	.db #0x65	; 101	'e'
   0227 32                  531 	.db #0x32	; 50	'2'
   0228 65                  532 	.db #0x65	; 101	'e'
   0229 32                  533 	.db #0x32	; 50	'2'
   022A 65                  534 	.db #0x65	; 101	'e'
   022B 31                  535 	.db #0x31	; 49	'1'
   022C 65                  536 	.db #0x65	; 101	'e'
   022D 31                  537 	.db #0x31	; 49	'1'
   022E 65                  538 	.db #0x65	; 101	'e'
   022F 31                  539 	.db #0x31	; 49	'1'
   0230 65                  540 	.db #0x65	; 101	'e'
   0231 30                  541 	.db #0x30	; 48	'0'
   0232 66                  542 	.db #0x66	; 102	'f'
   0233 30                  543 	.db #0x30	; 48	'0'
   0234 66                  544 	.db #0x66	; 102	'f'
   0235 30                  545 	.db #0x30	; 48	'0'
   0236 66                  546 	.db #0x66	; 102	'f'
   0237 30                  547 	.db #0x30	; 48	'0'
   0238 66                  548 	.db #0x66	; 102	'f'
   0239 30                  549 	.db #0x30	; 48	'0'
   023A 66                  550 	.db #0x66	; 102	'f'
   023B 2F                  551 	.db #0x2f	; 47
   023C 67                  552 	.db #0x67	; 103	'g'
   023D 2F                  553 	.db #0x2f	; 47
   023E 67                  554 	.db #0x67	; 103	'g'
   023F 2E                  555 	.db #0x2e	; 46
   0240 67                  556 	.db #0x67	; 103	'g'
   0241 2E                  557 	.db #0x2e	; 46
   0242 67                  558 	.db #0x67	; 103	'g'
   0243 2D                  559 	.db #0x2d	; 45
   0244 68                  560 	.db #0x68	; 104	'h'
   0245 2D                  561 	.db #0x2d	; 45
   0246 68                  562 	.db #0x68	; 104	'h'
   0247 2D                  563 	.db #0x2d	; 45
   0248 68                  564 	.db #0x68	; 104	'h'
   0249 2C                  565 	.db #0x2c	; 44
   024A 68                  566 	.db #0x68	; 104	'h'
   024B 2C                  567 	.db #0x2c	; 44
   024C 68                  568 	.db #0x68	; 104	'h'
   024D 2B                  569 	.db #0x2b	; 43
   024E 69                  570 	.db #0x69	; 105	'i'
   024F 2B                  571 	.db #0x2b	; 43
   0250 69                  572 	.db #0x69	; 105	'i'
   0251 2B                  573 	.db #0x2b	; 43
   0252 69                  574 	.db #0x69	; 105	'i'
   0253 2B                  575 	.db #0x2b	; 43
   0254 69                  576 	.db #0x69	; 105	'i'
   0255 2A                  577 	.db #0x2a	; 42
   0256 6A                  578 	.db #0x6a	; 106	'j'
   0257 2A                  579 	.db #0x2a	; 42
   0258 6A                  580 	.db #0x6a	; 106	'j'
   0259 29                  581 	.db #0x29	; 41
   025A 6A                  582 	.db #0x6a	; 106	'j'
   025B 29                  583 	.db #0x29	; 41
   025C 6A                  584 	.db #0x6a	; 106	'j'
   025D 28                  585 	.db #0x28	; 40
   025E 6B                  586 	.db #0x6b	; 107	'k'
   025F 28                  587 	.db #0x28	; 40
   0260 6B                  588 	.db #0x6b	; 107	'k'
   0261 28                  589 	.db #0x28	; 40
   0262 6B                  590 	.db #0x6b	; 107	'k'
   0263 27                  591 	.db #0x27	; 39
   0264 6C                  592 	.db #0x6c	; 108	'l'
   0265 26                  593 	.db #0x26	; 38
   0266 6C                  594 	.db #0x6c	; 108	'l'
   0267 25                  595 	.db #0x25	; 37
   0268 6D                  596 	.db #0x6d	; 109	'm'
   0269 24                  597 	.db #0x24	; 36
   026A 6D                  598 	.db #0x6d	; 109	'm'
   026B 23                  599 	.db #0x23	; 35
   026C 6E                  600 	.db #0x6e	; 110	'n'
   026D 23                  601 	.db #0x23	; 35
   026E 6E                  602 	.db #0x6e	; 110	'n'
   026F 22                  603 	.db #0x22	; 34
   0270 6F                  604 	.db #0x6f	; 111	'o'
   0271 22                  605 	.db #0x22	; 34
   0272 6F                  606 	.db #0x6f	; 111	'o'
   0273 21                  607 	.db #0x21	; 33
   0274 6F                  608 	.db #0x6f	; 111	'o'
   0275 20                  609 	.db #0x20	; 32
   0276 70                  610 	.db #0x70	; 112	'p'
   0277 20                  611 	.db #0x20	; 32
   0278 70                  612 	.db #0x70	; 112	'p'
   0279 1F                  613 	.db #0x1f	; 31
   027A 71                  614 	.db #0x71	; 113	'q'
   027B 1E                  615 	.db #0x1e	; 30
   027C 71                  616 	.db #0x71	; 113	'q'
   027D 1D                  617 	.db #0x1d	; 29
   027E 72                  618 	.db #0x72	; 114	'r'
   027F 1C                  619 	.db #0x1c	; 28
   0280 73                  620 	.db #0x73	; 115	's'
   0281 1B                  621 	.db #0x1b	; 27
   0282 74                  622 	.db #0x74	; 116	't'
   0283 1A                  623 	.db #0x1a	; 26
   0284 74                  624 	.db #0x74	; 116	't'
   0285 19                  625 	.db #0x19	; 25
   0286 75                  626 	.db #0x75	; 117	'u'
   0287 18                  627 	.db #0x18	; 24
   0288 76                  628 	.db #0x76	; 118	'v'
   0289 17                  629 	.db #0x17	; 23
   028A 77                  630 	.db #0x77	; 119	'w'
   028B 16                  631 	.db #0x16	; 22
   028C 78                  632 	.db #0x78	; 120	'x'
   028D 15                  633 	.db #0x15	; 21
   028E 79                  634 	.db #0x79	; 121	'y'
   028F 14                  635 	.db #0x14	; 20
   0290 7A                  636 	.db #0x7a	; 122	'z'
   0291 13                  637 	.db #0x13	; 19
   0292 7B                  638 	.db #0x7b	; 123
   0293 12                  639 	.db #0x12	; 18
   0294 7C                  640 	.db #0x7c	; 124
   0295 11                  641 	.db #0x11	; 17
   0296 7D                  642 	.db #0x7d	; 125
   0297 10                  643 	.db #0x10	; 16
   0298 7F                  644 	.db #0x7f	; 127
   0299 0F                  645 	.db #0x0f	; 15
   029A 81                  646 	.db #0x81	; 129
   029B 0E                  647 	.db #0x0e	; 14
   029C 82                  648 	.db #0x82	; 130
   029D 0D                  649 	.db #0x0d	; 13
   029E 85                  650 	.db #0x85	; 133
   029F 0C                  651 	.db #0x0c	; 12
   02A0 87                  652 	.db #0x87	; 135
   02A1 0B                  653 	.db #0x0b	; 11
   02A2 89                  654 	.db #0x89	; 137
   02A3 0A                  655 	.db #0x0a	; 10
   02A4 8C                  656 	.db #0x8c	; 140
   02A5 09                  657 	.db #0x09	; 9
   02A6 8F                  658 	.db #0x8f	; 143
   02A7 08                  659 	.db #0x08	; 8
   02A8 94                  660 	.db #0x94	; 148
   02A9 07                  661 	.db #0x07	; 7
   02AA 98                  662 	.db #0x98	; 152
   02AB 06                  663 	.db #0x06	; 6
   02AC 9C                  664 	.db #0x9c	; 156
   02AD 05                  665 	.db #0x05	; 5
   02AE A0                  666 	.db #0xa0	; 160
   02AF 04                  667 	.db #0x04	; 4
   02B0 A4                  668 	.db #0xa4	; 164
   02B1 03                  669 	.db #0x03	; 3
   02B2 A8                  670 	.db #0xa8	; 168
   02B3 02                  671 	.db #0x02	; 2
   02B4 AC                  672 	.db #0xac	; 172
   02B5 01                  673 	.db #0x01	; 1
   02B6 B0                  674 	.db #0xb0	; 176
   02B7                     675 _VanMovement:
   02B7 00                  676 	.db #0x00	; 0
   02B8 00                  677 	.db #0x00	; 0
   02B9 01                  678 	.db #0x01	; 1
   02BA 01                  679 	.db #0x01	; 1
   02BB 01                  680 	.db #0x01	; 1
   02BC 02                  681 	.db #0x02	; 2
   02BD 02                  682 	.db #0x02	; 2
   02BE 02                  683 	.db #0x02	; 2
   02BF 01                  684 	.db #0x01	; 1
   02C0 01                  685 	.db #0x01	; 1
   02C1 01                  686 	.db #0x01	; 1
   02C2 00                  687 	.db #0x00	; 0
                            688 ;src/3_road.b3.c:103: void Road3D_Run(){
                            689 ;	---------------------------------
                            690 ; Function Road3D_Run
                            691 ; ---------------------------------
   02C3                     692 _Road3D_Run::
   02C3 E8 FE               693 	add	sp, #-2
                            694 ;src/3_road.b3.c:104: if ((TIMER > 838) && (TIMER < 880)){SCY_REG--;WY_REG++;}
   02C5 21r00r00            695 	ld	hl, #_TIMER
   02C8 3E 46               696 	ld	a, #0x46
   02CA 96                  697 	sub	a, (hl)
   02CB 23                  698 	inc	hl
   02CC 3E 03               699 	ld	a, #0x03
   02CE 9E                  700 	sbc	a, (hl)
   02CF 30 17               701 	jr	NC,00102$
   02D1 21r00r00            702 	ld	hl, #_TIMER
   02D4 7E                  703 	ld	a, (hl)
   02D5 D6 70               704 	sub	a, #0x70
   02D7 23                  705 	inc	hl
   02D8 7E                  706 	ld	a, (hl)
   02D9 DE 03               707 	sbc	a, #0x03
   02DB 30 0B               708 	jr	NC,00102$
   02DD F0r00               709 	ldh	a, (_SCY_REG+0)
   02DF C6 FF               710 	add	a, #0xff
   02E1 E0r00               711 	ldh	(_SCY_REG+0),a
   02E3 F0r00               712 	ldh	a, (_WY_REG+0)
   02E5 3C                  713 	inc	a
   02E6 E0r00               714 	ldh	(_WY_REG+0),a
   02E8                     715 00102$:
                            716 ;src/3_road.b3.c:105: if ((TIMER > 910) && (TIMER < 946))WY_REG-=4;
   02E8 21r00r00            717 	ld	hl, #_TIMER
   02EB 3E 8E               718 	ld	a, #0x8e
   02ED 96                  719 	sub	a, (hl)
   02EE 23                  720 	inc	hl
   02EF 3E 03               721 	ld	a, #0x03
   02F1 9E                  722 	sbc	a, (hl)
   02F2 30 12               723 	jr	NC,00105$
   02F4 21r00r00            724 	ld	hl, #_TIMER
   02F7 7E                  725 	ld	a, (hl)
   02F8 D6 B2               726 	sub	a, #0xb2
   02FA 23                  727 	inc	hl
   02FB 7E                  728 	ld	a, (hl)
   02FC DE 03               729 	sbc	a, #0x03
   02FE 30 06               730 	jr	NC,00105$
   0300 F0r00               731 	ldh	a, (_WY_REG+0)
   0302 C6 FC               732 	add	a, #0xfc
   0304 E0r00               733 	ldh	(_WY_REG+0),a
   0306                     734 00105$:
                            735 ;src/3_road.b3.c:106: if (TIMER == 946) WY_REG = 0;
   0306 21r00r00            736 	ld	hl, #_TIMER
   0309 7E                  737 	ld	a, (hl)
   030A D6 B2               738 	sub	a, #0xb2
   030C 20 0A               739 	jr	NZ,00108$
   030E 23                  740 	inc	hl
   030F 7E                  741 	ld	a, (hl)
   0310 D6 03               742 	sub	a, #0x03
   0312 20 04               743 	jr	NZ,00108$
   0314 3E 00               744 	ld	a, #0x00
   0316 E0r00               745 	ldh	(_WY_REG+0),a
   0318                     746 00108$:
                            747 ;src/3_road.b3.c:108: if ((TIMER > 12) && (TIMER < 52))WY_REG+=4;
   0318 21r00r00            748 	ld	hl, #_TIMER
   031B 3E 0C               749 	ld	a, #0x0c
   031D 96                  750 	sub	a, (hl)
   031E 23                  751 	inc	hl
   031F 3E 00               752 	ld	a, #0x00
   0321 9E                  753 	sbc	a, (hl)
   0322 30 12               754 	jr	NC,00110$
   0324 21r00r00            755 	ld	hl, #_TIMER
   0327 7E                  756 	ld	a, (hl)
   0328 D6 34               757 	sub	a, #0x34
   032A 23                  758 	inc	hl
   032B 7E                  759 	ld	a, (hl)
   032C DE 00               760 	sbc	a, #0x00
   032E 30 06               761 	jr	NC,00110$
   0330 F0r00               762 	ldh	a, (_WY_REG+0)
   0332 C6 04               763 	add	a, #0x04
   0334 E0r00               764 	ldh	(_WY_REG+0),a
   0336                     765 00110$:
                            766 ;src/3_road.b3.c:109: if (TIMER == 53) WY_REG = 144;
   0336 21r00r00            767 	ld	hl, #_TIMER
   0339 7E                  768 	ld	a, (hl)
   033A D6 35               769 	sub	a, #0x35
   033C 23                  770 	inc	hl
   033D B6                  771 	or	a, (hl)
   033E 20 04               772 	jr	NZ,00113$
   0340 3E 90               773 	ld	a, #0x90
   0342 E0r00               774 	ldh	(_WY_REG+0),a
   0344                     775 00113$:
                            776 ;src/3_road.b3.c:110: if ((TIMER > 53) && (TIMER < 101))SCY_REG++;
   0344 21r00r00            777 	ld	hl, #_TIMER
   0347 3E 35               778 	ld	a, #0x35
   0349 96                  779 	sub	a, (hl)
   034A 23                  780 	inc	hl
   034B 3E 00               781 	ld	a, #0x00
   034D 9E                  782 	sbc	a, (hl)
   034E 3E 00               783 	ld	a, #0x00
   0350 17                  784 	rla
   0351 4F                  785 	ld	c,a
   0352 B7                  786 	or	a, a
   0353 28 11               787 	jr	Z,00115$
   0355 21r00r00            788 	ld	hl, #_TIMER
   0358 7E                  789 	ld	a, (hl)
   0359 D6 65               790 	sub	a, #0x65
   035B 23                  791 	inc	hl
   035C 7E                  792 	ld	a, (hl)
   035D DE 00               793 	sbc	a, #0x00
   035F 30 05               794 	jr	NC,00115$
   0361 F0r00               795 	ldh	a, (_SCY_REG+0)
   0363 3C                  796 	inc	a
   0364 E0r00               797 	ldh	(_SCY_REG+0),a
   0366                     798 00115$:
                            799 ;src/3_road.b3.c:111: if ((TIMER > 53) && (TIMER < 93))WY_REG--;
   0366 79                  800 	ld	a, c
   0367 B7                  801 	or	a, a
   0368 28 12               802 	jr	Z,00118$
   036A 21r00r00            803 	ld	hl, #_TIMER
   036D 7E                  804 	ld	a, (hl)
   036E D6 5D               805 	sub	a, #0x5d
   0370 23                  806 	inc	hl
   0371 7E                  807 	ld	a, (hl)
   0372 DE 00               808 	sbc	a, #0x00
   0374 30 06               809 	jr	NC,00118$
   0376 F0r00               810 	ldh	a, (_WY_REG+0)
   0378 C6 FF               811 	add	a, #0xff
   037A E0r00               812 	ldh	(_WY_REG+0),a
   037C                     813 00118$:
                            814 ;src/3_road.b3.c:113: if(SSPEED == 5){SSPEED = 0;SCX_REG++;}
   037C 21r00r00            815 	ld	hl, #_SSPEED
   037F 7E                  816 	ld	a, (hl)
   0380 D6 05               817 	sub	a, #0x05
   0382 20 0A               818 	jr	NZ,00121$
   0384 21r00r00            819 	ld	hl, #_SSPEED
   0387 36 00               820 	ld	(hl), #0x00
   0389 F0r00               821 	ldh	a, (_SCX_REG+0)
   038B 3C                  822 	inc	a
   038C E0r00               823 	ldh	(_SCX_REG+0),a
   038E                     824 00121$:
                            825 ;src/3_road.b3.c:114: SSPEED++;
   038E 21r00r00            826 	ld	hl, #_SSPEED
   0391 34                  827 	inc	(hl)
                            828 ;src/3_road.b3.c:116: Map3D_Frame0+=25*16;
   0392 21r00r00            829 	ld	hl, #_Map3D_Frame0
   0395 7E                  830 	ld	a, (hl)
   0396 C6 90               831 	add	a, #0x90
   0398 22                  832 	ld	(hl+), a
   0399 7E                  833 	ld	a, (hl)
   039A CE 01               834 	adc	a, #0x01
                            835 ;src/3_road.b3.c:118: if (Map3D_Frame0 == (25*16*30) - (25*16)) Map3D_Frame0 = 0; 
   039C 32                  836 	ld	(hl-), a
   039D 7E                  837 	ld	a, (hl)
   039E D6 50               838 	sub	a, #0x50
   03A0 20 0E               839 	jr	NZ,00123$
   03A2 23                  840 	inc	hl
   03A3 7E                  841 	ld	a, (hl)
   03A4 D6 2D               842 	sub	a, #0x2d
   03A6 20 08               843 	jr	NZ,00123$
   03A8 21r00r00            844 	ld	hl, #_Map3D_Frame0
   03AB 36 00               845 	ld	(hl), #0x00
   03AD 23                  846 	inc	hl
   03AE 36 00               847 	ld	(hl), #0x00
   03B0                     848 00123$:
                            849 ;src/3_road.b3.c:121: move_sprite(0,56,SPRY+VanMovement[SPRX]);
   03B0 3ErB7               850 	ld	a, #<(_VanMovement)
   03B2 21r00r00            851 	ld	hl, #_SPRX
   03B5 86                  852 	add	a, (hl)
   03B6 4F                  853 	ld	c, a
   03B7 3Es02               854 	ld	a, #>(_VanMovement)
   03B9 CE 00               855 	adc	a, #0x00
   03BB 47                  856 	ld	b, a
   03BC 0A                  857 	ld	a, (bc)
   03BD 21r00r00            858 	ld	hl, #_SPRY
   03C0 86                  859 	add	a, (hl)
   03C1 F5                  860 	push	af
   03C2 33                  861 	inc	sp
   03C3 3E 38               862 	ld	a, #0x38
   03C5 F5                  863 	push	af
   03C6 33                  864 	inc	sp
   03C7 AF                  865 	xor	a, a
   03C8 F5                  866 	push	af
   03C9 33                  867 	inc	sp
   03CA CDr00r00            868 	call	_move_sprite
   03CD E8 03               869 	add	sp, #3
                            870 ;src/3_road.b3.c:122: move_sprite(1,56+8,SPRY+VanMovement[SPRX]);
   03CF 3ErB7               871 	ld	a, #<(_VanMovement)
   03D1 21r00r00            872 	ld	hl, #_SPRX
   03D4 86                  873 	add	a, (hl)
   03D5 4F                  874 	ld	c, a
   03D6 3Es02               875 	ld	a, #>(_VanMovement)
   03D8 CE 00               876 	adc	a, #0x00
   03DA 47                  877 	ld	b, a
   03DB 0A                  878 	ld	a, (bc)
   03DC 21r00r00            879 	ld	hl, #_SPRY
   03DF 86                  880 	add	a, (hl)
   03E0 F5                  881 	push	af
   03E1 33                  882 	inc	sp
   03E2 3E 40               883 	ld	a, #0x40
   03E4 F5                  884 	push	af
   03E5 33                  885 	inc	sp
   03E6 3E 01               886 	ld	a, #0x01
   03E8 F5                  887 	push	af
   03E9 33                  888 	inc	sp
   03EA CDr00r00            889 	call	_move_sprite
   03ED E8 03               890 	add	sp, #3
                            891 ;src/3_road.b3.c:123: move_sprite(2,56+16,SPRY+VanMovement[SPRX]);
   03EF 3ErB7               892 	ld	a, #<(_VanMovement)
   03F1 21r00r00            893 	ld	hl, #_SPRX
   03F4 86                  894 	add	a, (hl)
   03F5 4F                  895 	ld	c, a
   03F6 3Es02               896 	ld	a, #>(_VanMovement)
   03F8 CE 00               897 	adc	a, #0x00
   03FA 47                  898 	ld	b, a
   03FB 0A                  899 	ld	a, (bc)
   03FC 21r00r00            900 	ld	hl, #_SPRY
   03FF 86                  901 	add	a, (hl)
   0400 F5                  902 	push	af
   0401 33                  903 	inc	sp
   0402 3E 48               904 	ld	a, #0x48
   0404 F5                  905 	push	af
   0405 33                  906 	inc	sp
   0406 3E 02               907 	ld	a, #0x02
   0408 F5                  908 	push	af
   0409 33                  909 	inc	sp
   040A CDr00r00            910 	call	_move_sprite
   040D E8 03               911 	add	sp, #3
                            912 ;src/3_road.b3.c:124: move_sprite(3,56+24,SPRY+VanMovement[SPRX]);
   040F 3ErB7               913 	ld	a, #<(_VanMovement)
   0411 21r00r00            914 	ld	hl, #_SPRX
   0414 86                  915 	add	a, (hl)
   0415 4F                  916 	ld	c, a
   0416 3Es02               917 	ld	a, #>(_VanMovement)
   0418 CE 00               918 	adc	a, #0x00
   041A 47                  919 	ld	b, a
   041B 0A                  920 	ld	a, (bc)
   041C 21r00r00            921 	ld	hl, #_SPRY
   041F 86                  922 	add	a, (hl)
   0420 F5                  923 	push	af
   0421 33                  924 	inc	sp
   0422 3E 50               925 	ld	a, #0x50
   0424 F5                  926 	push	af
   0425 33                  927 	inc	sp
   0426 3E 03               928 	ld	a, #0x03
   0428 F5                  929 	push	af
   0429 33                  930 	inc	sp
   042A CDr00r00            931 	call	_move_sprite
   042D E8 03               932 	add	sp, #3
                            933 ;src/3_road.b3.c:125: move_sprite(4,56,SPRY+16+VanMovement[SPRX]);
   042F 21r00r00            934 	ld	hl, #_SPRY
   0432 7E                  935 	ld	a, (hl)
   0433 C6 10               936 	add	a, #0x10
   0435 F8 01               937 	ldhl	sp,	#1
   0437 77                  938 	ld	(hl), a
   0438 3ErB7               939 	ld	a, #<(_VanMovement)
   043A 21r00r00            940 	ld	hl, #_SPRX
   043D 86                  941 	add	a, (hl)
   043E 4F                  942 	ld	c, a
   043F 3Es02               943 	ld	a, #>(_VanMovement)
   0441 CE 00               944 	adc	a, #0x00
   0443 47                  945 	ld	b, a
   0444 0A                  946 	ld	a, (bc)
   0445 F8 01               947 	ldhl	sp,	#1
   0447 86                  948 	add	a, (hl)
   0448 F5                  949 	push	af
   0449 33                  950 	inc	sp
   044A 3E 38               951 	ld	a, #0x38
   044C F5                  952 	push	af
   044D 33                  953 	inc	sp
   044E 3E 04               954 	ld	a, #0x04
   0450 F5                  955 	push	af
   0451 33                  956 	inc	sp
   0452 CDr00r00            957 	call	_move_sprite
   0455 E8 03               958 	add	sp, #3
                            959 ;src/3_road.b3.c:126: move_sprite(5,56+8,SPRY+16+VanMovement[SPRX]);
   0457 21r00r00            960 	ld	hl, #_SPRY
   045A 7E                  961 	ld	a, (hl)
   045B C6 10               962 	add	a, #0x10
   045D F8 01               963 	ldhl	sp,	#1
   045F 77                  964 	ld	(hl), a
   0460 3ErB7               965 	ld	a, #<(_VanMovement)
   0462 21r00r00            966 	ld	hl, #_SPRX
   0465 86                  967 	add	a, (hl)
   0466 4F                  968 	ld	c, a
   0467 3Es02               969 	ld	a, #>(_VanMovement)
   0469 CE 00               970 	adc	a, #0x00
   046B 47                  971 	ld	b, a
   046C 0A                  972 	ld	a, (bc)
   046D F8 01               973 	ldhl	sp,	#1
   046F 86                  974 	add	a, (hl)
   0470 F5                  975 	push	af
   0471 33                  976 	inc	sp
   0472 3E 40               977 	ld	a, #0x40
   0474 F5                  978 	push	af
   0475 33                  979 	inc	sp
   0476 3E 05               980 	ld	a, #0x05
   0478 F5                  981 	push	af
   0479 33                  982 	inc	sp
   047A CDr00r00            983 	call	_move_sprite
   047D E8 03               984 	add	sp, #3
                            985 ;src/3_road.b3.c:127: move_sprite(6,56+16,SPRY+16+VanMovement[SPRX]);
   047F 21r00r00            986 	ld	hl, #_SPRY
   0482 7E                  987 	ld	a, (hl)
   0483 C6 10               988 	add	a, #0x10
   0485 F8 01               989 	ldhl	sp,	#1
   0487 77                  990 	ld	(hl), a
   0488 3ErB7               991 	ld	a, #<(_VanMovement)
   048A 21r00r00            992 	ld	hl, #_SPRX
   048D 86                  993 	add	a, (hl)
   048E 4F                  994 	ld	c, a
   048F 3Es02               995 	ld	a, #>(_VanMovement)
   0491 CE 00               996 	adc	a, #0x00
   0493 47                  997 	ld	b, a
   0494 0A                  998 	ld	a, (bc)
   0495 F8 01               999 	ldhl	sp,	#1
   0497 86                 1000 	add	a, (hl)
   0498 F5                 1001 	push	af
   0499 33                 1002 	inc	sp
   049A 3E 48              1003 	ld	a, #0x48
   049C F5                 1004 	push	af
   049D 33                 1005 	inc	sp
   049E 3E 06              1006 	ld	a, #0x06
   04A0 F5                 1007 	push	af
   04A1 33                 1008 	inc	sp
   04A2 CDr00r00           1009 	call	_move_sprite
   04A5 E8 03              1010 	add	sp, #3
                           1011 ;src/3_road.b3.c:128: move_sprite(7,56+24,SPRY+16+VanMovement[SPRX]);
   04A7 21r00r00           1012 	ld	hl, #_SPRY
   04AA 7E                 1013 	ld	a, (hl)
   04AB C6 10              1014 	add	a, #0x10
   04AD F8 01              1015 	ldhl	sp,	#1
   04AF 77                 1016 	ld	(hl), a
   04B0 3ErB7              1017 	ld	a, #<(_VanMovement)
   04B2 21r00r00           1018 	ld	hl, #_SPRX
   04B5 86                 1019 	add	a, (hl)
   04B6 4F                 1020 	ld	c, a
   04B7 3Es02              1021 	ld	a, #>(_VanMovement)
   04B9 CE 00              1022 	adc	a, #0x00
   04BB 47                 1023 	ld	b, a
   04BC 0A                 1024 	ld	a, (bc)
   04BD F8 01              1025 	ldhl	sp,	#1
   04BF 86                 1026 	add	a, (hl)
   04C0 F5                 1027 	push	af
   04C1 33                 1028 	inc	sp
   04C2 3E 50              1029 	ld	a, #0x50
   04C4 F5                 1030 	push	af
   04C5 33                 1031 	inc	sp
   04C6 3E 07              1032 	ld	a, #0x07
   04C8 F5                 1033 	push	af
   04C9 33                 1034 	inc	sp
   04CA CDr00r00           1035 	call	_move_sprite
   04CD E8 03              1036 	add	sp, #3
                           1037 ;src/3_road.b3.c:130: if (SPR == 1){
   04CF 21r00r00           1038 	ld	hl, #_SPR
   04D2 7E                 1039 	ld	a, (hl)
   04D3 3D                 1040 	dec	a
   04D4 C2r1Br05           1041 	jp	NZ,00125$
                           1042 ;src/3_road.b3.c:131: move_sprite(8,180,180);move_sprite(9,180,180);
   04D7 3E B4              1043 	ld	a, #0xb4
   04D9 F5                 1044 	push	af
   04DA 33                 1045 	inc	sp
   04DB 3E B4              1046 	ld	a, #0xb4
   04DD F5                 1047 	push	af
   04DE 33                 1048 	inc	sp
   04DF 3E 08              1049 	ld	a, #0x08
   04E1 F5                 1050 	push	af
   04E2 33                 1051 	inc	sp
   04E3 CDr00r00           1052 	call	_move_sprite
   04E6 E8 03              1053 	add	sp, #3
   04E8 3E B4              1054 	ld	a, #0xb4
   04EA F5                 1055 	push	af
   04EB 33                 1056 	inc	sp
   04EC 3E B4              1057 	ld	a, #0xb4
   04EE F5                 1058 	push	af
   04EF 33                 1059 	inc	sp
   04F0 3E 09              1060 	ld	a, #0x09
   04F2 F5                 1061 	push	af
   04F3 33                 1062 	inc	sp
   04F4 CDr00r00           1063 	call	_move_sprite
   04F7 E8 03              1064 	add	sp, #3
                           1065 ;src/3_road.b3.c:132: move_sprite(10,180,180);move_sprite(11,180,180);
   04F9 3E B4              1066 	ld	a, #0xb4
   04FB F5                 1067 	push	af
   04FC 33                 1068 	inc	sp
   04FD 3E B4              1069 	ld	a, #0xb4
   04FF F5                 1070 	push	af
   0500 33                 1071 	inc	sp
   0501 3E 0A              1072 	ld	a, #0x0a
   0503 F5                 1073 	push	af
   0504 33                 1074 	inc	sp
   0505 CDr00r00           1075 	call	_move_sprite
   0508 E8 03              1076 	add	sp, #3
   050A 3E B4              1077 	ld	a, #0xb4
   050C F5                 1078 	push	af
   050D 33                 1079 	inc	sp
   050E 3E B4              1080 	ld	a, #0xb4
   0510 F5                 1081 	push	af
   0511 33                 1082 	inc	sp
   0512 3E 0B              1083 	ld	a, #0x0b
   0514 F5                 1084 	push	af
   0515 33                 1085 	inc	sp
   0516 CDr00r00           1086 	call	_move_sprite
   0519 E8 03              1087 	add	sp, #3
   051B                    1088 00125$:
                           1089 ;src/3_road.b3.c:134: if (SPR == 2){
   051B 21r00r00           1090 	ld	hl, #_SPR
   051E 7E                 1091 	ld	a, (hl)
   051F D6 02              1092 	sub	a, #0x02
   0521 C2r7Dr05           1093 	jp	NZ,00127$
                           1094 ;src/3_road.b3.c:135: move_sprite(8,44,32+SPRY);move_sprite(9,44+8,32+SPRY);
   0524 21r00r00           1095 	ld	hl, #_SPRY
   0527 7E                 1096 	ld	a, (hl)
   0528 C6 20              1097 	add	a, #0x20
   052A F5                 1098 	push	af
   052B 33                 1099 	inc	sp
   052C 3E 2C              1100 	ld	a, #0x2c
   052E F5                 1101 	push	af
   052F 33                 1102 	inc	sp
   0530 3E 08              1103 	ld	a, #0x08
   0532 F5                 1104 	push	af
   0533 33                 1105 	inc	sp
   0534 CDr00r00           1106 	call	_move_sprite
   0537 E8 03              1107 	add	sp, #3
   0539 21r00r00           1108 	ld	hl, #_SPRY
   053C 7E                 1109 	ld	a, (hl)
   053D C6 20              1110 	add	a, #0x20
   053F F5                 1111 	push	af
   0540 33                 1112 	inc	sp
   0541 3E 34              1113 	ld	a, #0x34
   0543 F5                 1114 	push	af
   0544 33                 1115 	inc	sp
   0545 3E 09              1116 	ld	a, #0x09
   0547 F5                 1117 	push	af
   0548 33                 1118 	inc	sp
   0549 CDr00r00           1119 	call	_move_sprite
   054C E8 03              1120 	add	sp, #3
                           1121 ;src/3_road.b3.c:136: move_sprite(10,44+16,32+SPRY);move_sprite(11,44+24,32+SPRY);
   054E 21r00r00           1122 	ld	hl, #_SPRY
   0551 7E                 1123 	ld	a, (hl)
   0552 C6 20              1124 	add	a, #0x20
   0554 F5                 1125 	push	af
   0555 33                 1126 	inc	sp
   0556 3E 3C              1127 	ld	a, #0x3c
   0558 F5                 1128 	push	af
   0559 33                 1129 	inc	sp
   055A 3E 0A              1130 	ld	a, #0x0a
   055C F5                 1131 	push	af
   055D 33                 1132 	inc	sp
   055E CDr00r00           1133 	call	_move_sprite
   0561 E8 03              1134 	add	sp, #3
   0563 21r00r00           1135 	ld	hl, #_SPRY
   0566 7E                 1136 	ld	a, (hl)
   0567 C6 20              1137 	add	a, #0x20
   0569 F5                 1138 	push	af
   056A 33                 1139 	inc	sp
   056B 3E 44              1140 	ld	a, #0x44
   056D F5                 1141 	push	af
   056E 33                 1142 	inc	sp
   056F 3E 0B              1143 	ld	a, #0x0b
   0571 F5                 1144 	push	af
   0572 33                 1145 	inc	sp
   0573 CDr00r00           1146 	call	_move_sprite
   0576 E8 03              1147 	add	sp, #3
                           1148 ;src/3_road.b3.c:137: SPR = 0;
   0578 21r00r00           1149 	ld	hl, #_SPR
   057B 36 00              1150 	ld	(hl), #0x00
   057D                    1151 00127$:
                           1152 ;src/3_road.b3.c:139: SPR++;
   057D 21r00r00           1153 	ld	hl, #_SPR
   0580 34                 1154 	inc	(hl)
                           1155 ;src/3_road.b3.c:141: if ((TIMER > 53) && (TIMER < 838)){
   0581 21r00r00           1156 	ld	hl, #_TIMER
   0584 3E 35              1157 	ld	a, #0x35
   0586 96                 1158 	sub	a, (hl)
   0587 23                 1159 	inc	hl
   0588 3E 00              1160 	ld	a, #0x00
   058A 9E                 1161 	sbc	a, (hl)
   058B D2r14r07           1162 	jp	NC, 00133$
   058E 21r00r00           1163 	ld	hl, #_TIMER
   0591 7E                 1164 	ld	a, (hl)
   0592 D6 46              1165 	sub	a, #0x46
   0594 23                 1166 	inc	hl
   0595 7E                 1167 	ld	a, (hl)
   0596 DE 03              1168 	sbc	a, #0x03
   0598 D2r14r07           1169 	jp	NC, 00133$
                           1170 ;src/3_road.b3.c:143: if (SSPEED2 == 208) SSPEED2 = 0;
   059B 21r00r00           1171 	ld	hl, #_SSPEED2
   059E 7E                 1172 	ld	a, (hl)
   059F D6 D0              1173 	sub	a, #0xd0
   05A1 20 05              1174 	jr	NZ,00129$
   05A3 21r00r00           1175 	ld	hl, #_SSPEED2
   05A6 36 00              1176 	ld	(hl), #0x00
   05A8                    1177 00129$:
                           1178 ;src/3_road.b3.c:144: move_sprite(12,SideRoad_SpritesPos1[SSPEED2],(WY_REG-96)+SideRoad_SpritesPos1[SSPEED2+1]);
   05A8 F0r00              1179 	ldh	a, (_WY_REG+0)
   05AA C6 A0              1180 	add	a, #0xa0
   05AC F8 01              1181 	ldhl	sp,	#1
   05AE 77                 1182 	ld	(hl), a
   05AF 21r00r00           1183 	ld	hl, #_SSPEED2
   05B2 4E                 1184 	ld	c, (hl)
   05B3 06 00              1185 	ld	b, #0x00
   05B5 03                 1186 	inc	bc
   05B6 21r17r01           1187 	ld	hl, #_SideRoad_SpritesPos1
   05B9 09                 1188 	add	hl, bc
   05BA 4D                 1189 	ld	c, l
   05BB 44                 1190 	ld	b, h
   05BC 0A                 1191 	ld	a, (bc)
   05BD F8 01              1192 	ldhl	sp,	#1
   05BF 86                 1193 	add	a, (hl)
   05C0 47                 1194 	ld	b, a
   05C1 11r17r01           1195 	ld	de, #_SideRoad_SpritesPos1
   05C4 21r00r00           1196 	ld	hl, #_SSPEED2
   05C7 6E                 1197 	ld	l, (hl)
   05C8 26 00              1198 	ld	h, #0x00
   05CA 19                 1199 	add	hl, de
   05CB 33                 1200 	inc	sp
   05CC 33                 1201 	inc	sp
   05CD E5                 1202 	push	hl
   05CE D1                 1203 	pop	de
   05CF D5                 1204 	push	de
   05D0 1A                 1205 	ld	a,(de)
   05D1 C5                 1206 	push	bc
   05D2 33                 1207 	inc	sp
   05D3 F5                 1208 	push	af
   05D4 33                 1209 	inc	sp
   05D5 3E 0C              1210 	ld	a, #0x0c
   05D7 F5                 1211 	push	af
   05D8 33                 1212 	inc	sp
   05D9 CDr00r00           1213 	call	_move_sprite
   05DC E8 03              1214 	add	sp, #3
                           1215 ;src/3_road.b3.c:145: move_sprite(13,SideRoad_SpritesPos1[SSPEED2]+8,(WY_REG-96)+SideRoad_SpritesPos1[SSPEED2+1]);
   05DE F0r00              1216 	ldh	a, (_WY_REG+0)
   05E0 C6 A0              1217 	add	a, #0xa0
   05E2 F8 01              1218 	ldhl	sp,	#1
   05E4 77                 1219 	ld	(hl), a
   05E5 21r00r00           1220 	ld	hl, #_SSPEED2
   05E8 4E                 1221 	ld	c, (hl)
   05E9 06 00              1222 	ld	b, #0x00
   05EB 03                 1223 	inc	bc
   05EC 21r17r01           1224 	ld	hl, #_SideRoad_SpritesPos1
   05EF 09                 1225 	add	hl, bc
   05F0 4D                 1226 	ld	c, l
   05F1 44                 1227 	ld	b, h
   05F2 0A                 1228 	ld	a, (bc)
   05F3 F8 01              1229 	ldhl	sp,	#1
   05F5 86                 1230 	add	a, (hl)
   05F6 47                 1231 	ld	b, a
   05F7 11r17r01           1232 	ld	de, #_SideRoad_SpritesPos1
   05FA 21r00r00           1233 	ld	hl, #_SSPEED2
   05FD 6E                 1234 	ld	l, (hl)
   05FE 26 00              1235 	ld	h, #0x00
   0600 19                 1236 	add	hl, de
   0601 33                 1237 	inc	sp
   0602 33                 1238 	inc	sp
   0603 E5                 1239 	push	hl
   0604 D1                 1240 	pop	de
   0605 D5                 1241 	push	de
   0606 1A                 1242 	ld	a,(de)
   0607 C6 08              1243 	add	a, #0x08
   0609 C5                 1244 	push	bc
   060A 33                 1245 	inc	sp
   060B F5                 1246 	push	af
   060C 33                 1247 	inc	sp
   060D 3E 0D              1248 	ld	a, #0x0d
   060F F5                 1249 	push	af
   0610 33                 1250 	inc	sp
   0611 CDr00r00           1251 	call	_move_sprite
   0614 E8 03              1252 	add	sp, #3
                           1253 ;src/3_road.b3.c:146: SSPEED2+=2;	
   0616 21r00r00           1254 	ld	hl, #_SSPEED2
   0619 7E                 1255 	ld	a, (hl)
   061A C6 02              1256 	add	a, #0x02
   061C 77                 1257 	ld	(hl), a
                           1258 ;src/3_road.b3.c:148: if (SSPEED3 == 208) SSPEED3 = 0;
   061D 21r00r00           1259 	ld	hl, #_SSPEED3
   0620 7E                 1260 	ld	a, (hl)
   0621 D6 D0              1261 	sub	a, #0xd0
   0623 20 05              1262 	jr	NZ,00131$
   0625 21r00r00           1263 	ld	hl, #_SSPEED3
   0628 36 00              1264 	ld	(hl), #0x00
   062A                    1265 00131$:
                           1266 ;src/3_road.b3.c:149: move_sprite(14,SideRoad_SpritesPos2[SSPEED3],(WY_REG-114)+SideRoad_SpritesPos2[SSPEED3+1]);
   062A F0r00              1267 	ldh	a, (_WY_REG+0)
   062C C6 8E              1268 	add	a, #0x8e
   062E F8 01              1269 	ldhl	sp,	#1
   0630 77                 1270 	ld	(hl), a
   0631 21r00r00           1271 	ld	hl, #_SSPEED3
   0634 4E                 1272 	ld	c, (hl)
   0635 06 00              1273 	ld	b, #0x00
   0637 03                 1274 	inc	bc
   0638 21rE7r01           1275 	ld	hl, #_SideRoad_SpritesPos2
   063B 09                 1276 	add	hl, bc
   063C 4D                 1277 	ld	c, l
   063D 44                 1278 	ld	b, h
   063E 0A                 1279 	ld	a, (bc)
   063F F8 01              1280 	ldhl	sp,	#1
   0641 86                 1281 	add	a, (hl)
   0642 77                 1282 	ld	(hl), a
   0643 3ErE7              1283 	ld	a, #<(_SideRoad_SpritesPos2)
   0645 21r00r00           1284 	ld	hl, #_SSPEED3
   0648 86                 1285 	add	a, (hl)
   0649 4F                 1286 	ld	c, a
   064A 3Es01              1287 	ld	a, #>(_SideRoad_SpritesPos2)
   064C CE 00              1288 	adc	a, #0x00
   064E 47                 1289 	ld	b, a
   064F 0A                 1290 	ld	a, (bc)
   0650 47                 1291 	ld	b, a
   0651 F8 01              1292 	ldhl	sp,	#1
   0653 7E                 1293 	ld	a, (hl)
   0654 F5                 1294 	push	af
   0655 33                 1295 	inc	sp
   0656 C5                 1296 	push	bc
   0657 33                 1297 	inc	sp
   0658 3E 0E              1298 	ld	a, #0x0e
   065A F5                 1299 	push	af
   065B 33                 1300 	inc	sp
   065C CDr00r00           1301 	call	_move_sprite
   065F E8 03              1302 	add	sp, #3
                           1303 ;src/3_road.b3.c:150: move_sprite(15,SideRoad_SpritesPos2[SSPEED3]+8,(WY_REG-114)+SideRoad_SpritesPos2[SSPEED3+1]);
   0661 F0r00              1304 	ldh	a, (_WY_REG+0)
   0663 C6 8E              1305 	add	a, #0x8e
   0665 F8 01              1306 	ldhl	sp,	#1
   0667 77                 1307 	ld	(hl), a
   0668 21r00r00           1308 	ld	hl, #_SSPEED3
   066B 4E                 1309 	ld	c, (hl)
   066C 06 00              1310 	ld	b, #0x00
   066E 03                 1311 	inc	bc
   066F 21rE7r01           1312 	ld	hl, #_SideRoad_SpritesPos2
   0672 09                 1313 	add	hl, bc
   0673 4D                 1314 	ld	c, l
   0674 44                 1315 	ld	b, h
   0675 0A                 1316 	ld	a, (bc)
   0676 F8 01              1317 	ldhl	sp,	#1
   0678 86                 1318 	add	a, (hl)
   0679 77                 1319 	ld	(hl), a
   067A 3ErE7              1320 	ld	a, #<(_SideRoad_SpritesPos2)
   067C 21r00r00           1321 	ld	hl, #_SSPEED3
   067F 86                 1322 	add	a, (hl)
   0680 4F                 1323 	ld	c, a
   0681 3Es01              1324 	ld	a, #>(_SideRoad_SpritesPos2)
   0683 CE 00              1325 	adc	a, #0x00
   0685 47                 1326 	ld	b, a
   0686 0A                 1327 	ld	a, (bc)
   0687 C6 08              1328 	add	a, #0x08
   0689 47                 1329 	ld	b, a
   068A F8 01              1330 	ldhl	sp,	#1
   068C 7E                 1331 	ld	a, (hl)
   068D F5                 1332 	push	af
   068E 33                 1333 	inc	sp
   068F C5                 1334 	push	bc
   0690 33                 1335 	inc	sp
   0691 3E 0F              1336 	ld	a, #0x0f
   0693 F5                 1337 	push	af
   0694 33                 1338 	inc	sp
   0695 CDr00r00           1339 	call	_move_sprite
   0698 E8 03              1340 	add	sp, #3
                           1341 ;src/3_road.b3.c:151: move_sprite(16,SideRoad_SpritesPos2[SSPEED3],(WY_REG-98)+SideRoad_SpritesPos2[SSPEED3+1]);
   069A F0r00              1342 	ldh	a, (_WY_REG+0)
   069C C6 9E              1343 	add	a, #0x9e
   069E F8 01              1344 	ldhl	sp,	#1
   06A0 77                 1345 	ld	(hl), a
   06A1 21r00r00           1346 	ld	hl, #_SSPEED3
   06A4 4E                 1347 	ld	c, (hl)
   06A5 06 00              1348 	ld	b, #0x00
   06A7 03                 1349 	inc	bc
   06A8 21rE7r01           1350 	ld	hl, #_SideRoad_SpritesPos2
   06AB 09                 1351 	add	hl, bc
   06AC 4D                 1352 	ld	c, l
   06AD 44                 1353 	ld	b, h
   06AE 0A                 1354 	ld	a, (bc)
   06AF F8 01              1355 	ldhl	sp,	#1
   06B1 86                 1356 	add	a, (hl)
   06B2 77                 1357 	ld	(hl), a
   06B3 3ErE7              1358 	ld	a, #<(_SideRoad_SpritesPos2)
   06B5 21r00r00           1359 	ld	hl, #_SSPEED3
   06B8 86                 1360 	add	a, (hl)
   06B9 4F                 1361 	ld	c, a
   06BA 3Es01              1362 	ld	a, #>(_SideRoad_SpritesPos2)
   06BC CE 00              1363 	adc	a, #0x00
   06BE 47                 1364 	ld	b, a
   06BF 0A                 1365 	ld	a, (bc)
   06C0 47                 1366 	ld	b, a
   06C1 F8 01              1367 	ldhl	sp,	#1
   06C3 7E                 1368 	ld	a, (hl)
   06C4 F5                 1369 	push	af
   06C5 33                 1370 	inc	sp
   06C6 C5                 1371 	push	bc
   06C7 33                 1372 	inc	sp
   06C8 3E 10              1373 	ld	a, #0x10
   06CA F5                 1374 	push	af
   06CB 33                 1375 	inc	sp
   06CC CDr00r00           1376 	call	_move_sprite
   06CF E8 03              1377 	add	sp, #3
                           1378 ;src/3_road.b3.c:152: move_sprite(17,SideRoad_SpritesPos2[SSPEED3]+8,(WY_REG-98)+SideRoad_SpritesPos2[SSPEED3+1]);
   06D1 F0r00              1379 	ldh	a, (_WY_REG+0)
   06D3 C6 9E              1380 	add	a, #0x9e
   06D5 F8 01              1381 	ldhl	sp,	#1
   06D7 77                 1382 	ld	(hl), a
   06D8 21r00r00           1383 	ld	hl, #_SSPEED3
   06DB 4E                 1384 	ld	c, (hl)
   06DC 06 00              1385 	ld	b, #0x00
   06DE 03                 1386 	inc	bc
   06DF 21rE7r01           1387 	ld	hl, #_SideRoad_SpritesPos2
   06E2 09                 1388 	add	hl, bc
   06E3 4D                 1389 	ld	c, l
   06E4 44                 1390 	ld	b, h
   06E5 0A                 1391 	ld	a, (bc)
   06E6 F8 01              1392 	ldhl	sp,	#1
   06E8 86                 1393 	add	a, (hl)
   06E9 77                 1394 	ld	(hl), a
   06EA 3ErE7              1395 	ld	a, #<(_SideRoad_SpritesPos2)
   06EC 21r00r00           1396 	ld	hl, #_SSPEED3
   06EF 86                 1397 	add	a, (hl)
   06F0 4F                 1398 	ld	c, a
   06F1 3Es01              1399 	ld	a, #>(_SideRoad_SpritesPos2)
   06F3 CE 00              1400 	adc	a, #0x00
   06F5 47                 1401 	ld	b, a
   06F6 0A                 1402 	ld	a, (bc)
   06F7 C6 08              1403 	add	a, #0x08
   06F9 47                 1404 	ld	b, a
   06FA F8 01              1405 	ldhl	sp,	#1
   06FC 7E                 1406 	ld	a, (hl)
   06FD F5                 1407 	push	af
   06FE 33                 1408 	inc	sp
   06FF C5                 1409 	push	bc
   0700 33                 1410 	inc	sp
   0701 3E 11              1411 	ld	a, #0x11
   0703 F5                 1412 	push	af
   0704 33                 1413 	inc	sp
   0705 CDr00r00           1414 	call	_move_sprite
   0708 E8 03              1415 	add	sp, #3
                           1416 ;src/3_road.b3.c:153: SSPEED3+=2;
   070A 21r00r00           1417 	ld	hl, #_SSPEED3
   070D 7E                 1418 	ld	a, (hl)
   070E C6 02              1419 	add	a, #0x02
   0710 77                 1420 	ld	(hl), a
   0711 C3r7Ar07           1421 	jp	00134$
   0714                    1422 00133$:
                           1423 ;src/3_road.b3.c:156: move_sprite(12,180,180);move_sprite(13,180,180);
   0714 3E B4              1424 	ld	a, #0xb4
   0716 F5                 1425 	push	af
   0717 33                 1426 	inc	sp
   0718 3E B4              1427 	ld	a, #0xb4
   071A F5                 1428 	push	af
   071B 33                 1429 	inc	sp
   071C 3E 0C              1430 	ld	a, #0x0c
   071E F5                 1431 	push	af
   071F 33                 1432 	inc	sp
   0720 CDr00r00           1433 	call	_move_sprite
   0723 E8 03              1434 	add	sp, #3
   0725 3E B4              1435 	ld	a, #0xb4
   0727 F5                 1436 	push	af
   0728 33                 1437 	inc	sp
   0729 3E B4              1438 	ld	a, #0xb4
   072B F5                 1439 	push	af
   072C 33                 1440 	inc	sp
   072D 3E 0D              1441 	ld	a, #0x0d
   072F F5                 1442 	push	af
   0730 33                 1443 	inc	sp
   0731 CDr00r00           1444 	call	_move_sprite
   0734 E8 03              1445 	add	sp, #3
                           1446 ;src/3_road.b3.c:157: move_sprite(14,180,180);move_sprite(15,180,180);
   0736 3E B4              1447 	ld	a, #0xb4
   0738 F5                 1448 	push	af
   0739 33                 1449 	inc	sp
   073A 3E B4              1450 	ld	a, #0xb4
   073C F5                 1451 	push	af
   073D 33                 1452 	inc	sp
   073E 3E 0E              1453 	ld	a, #0x0e
   0740 F5                 1454 	push	af
   0741 33                 1455 	inc	sp
   0742 CDr00r00           1456 	call	_move_sprite
   0745 E8 03              1457 	add	sp, #3
   0747 3E B4              1458 	ld	a, #0xb4
   0749 F5                 1459 	push	af
   074A 33                 1460 	inc	sp
   074B 3E B4              1461 	ld	a, #0xb4
   074D F5                 1462 	push	af
   074E 33                 1463 	inc	sp
   074F 3E 0F              1464 	ld	a, #0x0f
   0751 F5                 1465 	push	af
   0752 33                 1466 	inc	sp
   0753 CDr00r00           1467 	call	_move_sprite
   0756 E8 03              1468 	add	sp, #3
                           1469 ;src/3_road.b3.c:158: move_sprite(16,180,180);move_sprite(17,180,180);
   0758 3E B4              1470 	ld	a, #0xb4
   075A F5                 1471 	push	af
   075B 33                 1472 	inc	sp
   075C 3E B4              1473 	ld	a, #0xb4
   075E F5                 1474 	push	af
   075F 33                 1475 	inc	sp
   0760 3E 10              1476 	ld	a, #0x10
   0762 F5                 1477 	push	af
   0763 33                 1478 	inc	sp
   0764 CDr00r00           1479 	call	_move_sprite
   0767 E8 03              1480 	add	sp, #3
   0769 3E B4              1481 	ld	a, #0xb4
   076B F5                 1482 	push	af
   076C 33                 1483 	inc	sp
   076D 3E B4              1484 	ld	a, #0xb4
   076F F5                 1485 	push	af
   0770 33                 1486 	inc	sp
   0771 3E 11              1487 	ld	a, #0x11
   0773 F5                 1488 	push	af
   0774 33                 1489 	inc	sp
   0775 CDr00r00           1490 	call	_move_sprite
   0778 E8 03              1491 	add	sp, #3
   077A                    1492 00134$:
                           1493 ;src/3_road.b3.c:161: if(SPRX == 11) SPRX = 0;
   077A 21r00r00           1494 	ld	hl, #_SPRX
   077D 7E                 1495 	ld	a, (hl)
   077E D6 0B              1496 	sub	a, #0x0b
   0780 20 05              1497 	jr	NZ,00137$
   0782 21r00r00           1498 	ld	hl, #_SPRX
   0785 36 00              1499 	ld	(hl), #0x00
   0787                    1500 00137$:
                           1501 ;src/3_road.b3.c:162: SPRX++;
   0787 21r00r00           1502 	ld	hl, #_SPRX
   078A 34                 1503 	inc	(hl)
                           1504 ;src/3_road.b3.c:164: TIMER++;
   078B 21r00r00           1505 	ld	hl, #_TIMER
   078E 34                 1506 	inc	(hl)
   078F 20 02              1507 	jr	NZ,00316$
   0791 23                 1508 	inc	hl
   0792 34                 1509 	inc	(hl)
   0793                    1510 00316$:
                           1511 ;src/3_road.b3.c:166: if (TIMER == 54){
   0793 21r00r00           1512 	ld	hl, #_TIMER
   0796 7E                 1513 	ld	a, (hl)
   0797 D6 36              1514 	sub	a, #0x36
   0799 23                 1515 	inc	hl
                           1516 ;src/3_road.b3.c:167: VBK_REG = 0;
   079A B6                 1517 	or	a,(hl)
   079B C2rD6r07           1518 	jp	NZ,00139$
   079E E0r00              1519 	ldh	(_VBK_REG+0),a
                           1520 ;src/3_road.b3.c:168: set_win_tiles( 0, 0, 20, 6, RoadFMap3DPLN0);
   07A0 21r00r00           1521 	ld	hl, #_RoadFMap3DPLN0
   07A3 E5                 1522 	push	hl
   07A4 3E 06              1523 	ld	a, #0x06
   07A6 F5                 1524 	push	af
   07A7 33                 1525 	inc	sp
   07A8 3E 14              1526 	ld	a, #0x14
   07AA F5                 1527 	push	af
   07AB 33                 1528 	inc	sp
   07AC AF                 1529 	xor	a, a
   07AD F5                 1530 	push	af
   07AE 33                 1531 	inc	sp
   07AF AF                 1532 	xor	a, a
   07B0 F5                 1533 	push	af
   07B1 33                 1534 	inc	sp
   07B2 CDr00r00           1535 	call	_set_win_tiles
   07B5 E8 06              1536 	add	sp, #6
                           1537 ;src/3_road.b3.c:169: VBK_REG = 1;
   07B7 3E 01              1538 	ld	a, #0x01
   07B9 E0r00              1539 	ldh	(_VBK_REG+0),a
                           1540 ;src/3_road.b3.c:170: set_win_tiles( 0, 0, 20, 6, RoadFMap3DPLN1);
   07BB 21r00r00           1541 	ld	hl, #_RoadFMap3DPLN1
   07BE E5                 1542 	push	hl
   07BF 3E 06              1543 	ld	a, #0x06
   07C1 F5                 1544 	push	af
   07C2 33                 1545 	inc	sp
   07C3 3E 14              1546 	ld	a, #0x14
   07C5 F5                 1547 	push	af
   07C6 33                 1548 	inc	sp
   07C7 AF                 1549 	xor	a, a
   07C8 F5                 1550 	push	af
   07C9 33                 1551 	inc	sp
   07CA AF                 1552 	xor	a, a
   07CB F5                 1553 	push	af
   07CC 33                 1554 	inc	sp
   07CD CDr00r00           1555 	call	_set_win_tiles
   07D0 E8 06              1556 	add	sp, #6
                           1557 ;src/3_road.b3.c:171: VBK_REG = 0;
   07D2 3E 00              1558 	ld	a, #0x00
   07D4 E0r00              1559 	ldh	(_VBK_REG+0),a
   07D6                    1560 00139$:
                           1561 ;src/3_road.b3.c:173: if ((TIMER > 100) && (TIMER < 152)) SPRY--;
   07D6 21r00r00           1562 	ld	hl, #_TIMER
   07D9 3E 64              1563 	ld	a, #0x64
   07DB 96                 1564 	sub	a, (hl)
   07DC 23                 1565 	inc	hl
   07DD 3E 00              1566 	ld	a, #0x00
   07DF 9E                 1567 	sbc	a, (hl)
   07E0 30 10              1568 	jr	NC,00141$
   07E2 21r00r00           1569 	ld	hl, #_TIMER
   07E5 7E                 1570 	ld	a, (hl)
   07E6 D6 98              1571 	sub	a, #0x98
   07E8 23                 1572 	inc	hl
   07E9 7E                 1573 	ld	a, (hl)
   07EA DE 00              1574 	sbc	a, #0x00
   07EC 30 04              1575 	jr	NC,00141$
   07EE 21r00r00           1576 	ld	hl, #_SPRY
   07F1 35                 1577 	dec	(hl)
   07F2                    1578 00141$:
                           1579 ;src/3_road.b3.c:174: if ((TIMER > 818) && (TIMER < 870)) SPRY++;
   07F2 21r00r00           1580 	ld	hl, #_TIMER
   07F5 3E 32              1581 	ld	a, #0x32
   07F7 96                 1582 	sub	a, (hl)
   07F8 23                 1583 	inc	hl
   07F9 3E 03              1584 	ld	a, #0x03
   07FB 9E                 1585 	sbc	a, (hl)
   07FC 30 10              1586 	jr	NC,00144$
   07FE 21r00r00           1587 	ld	hl, #_TIMER
   0801 7E                 1588 	ld	a, (hl)
   0802 D6 66              1589 	sub	a, #0x66
   0804 23                 1590 	inc	hl
   0805 7E                 1591 	ld	a, (hl)
   0806 DE 03              1592 	sbc	a, #0x03
   0808 30 04              1593 	jr	NC,00144$
   080A 21r00r00           1594 	ld	hl, #_SPRY
   080D 34                 1595 	inc	(hl)
   080E                    1596 00144$:
                           1597 ;src/3_road.b3.c:176: if(TIMER == 960) {
   080E 21r00r00           1598 	ld	hl, #_TIMER
   0811 7E                 1599 	ld	a, (hl)
   0812 D6 C0              1600 	sub	a, #0xc0
   0814 20 33              1601 	jr	NZ,00151$
   0816 23                 1602 	inc	hl
   0817 7E                 1603 	ld	a, (hl)
   0818 D6 03              1604 	sub	a, #0x03
   081A 20 2D              1605 	jr	NZ,00151$
                           1606 ;src/3_road.b3.c:177: for (v = 0;v<40;v++)move_sprite(v,180,180);
   081C 21r00r00           1607 	ld	hl, #_v
   081F 36 00              1608 	ld	(hl), #0x00
   0821                    1609 00149$:
   0821 3E B4              1610 	ld	a, #0xb4
   0823 F5                 1611 	push	af
   0824 33                 1612 	inc	sp
   0825 3E B4              1613 	ld	a, #0xb4
   0827 F5                 1614 	push	af
   0828 33                 1615 	inc	sp
   0829 21r00r00           1616 	ld	hl, #_v
   082C 7E                 1617 	ld	a, (hl)
   082D F5                 1618 	push	af
   082E 33                 1619 	inc	sp
   082F CDr00r00           1620 	call	_move_sprite
   0832 E8 03              1621 	add	sp, #3
   0834 21r00r00           1622 	ld	hl, #_v
   0837 34                 1623 	inc	(hl)
   0838 7E                 1624 	ld	a, (hl)
   0839 D6 28              1625 	sub	a, #0x28
   083B 38 E4              1626 	jr	C,00149$
                           1627 ;src/3_road.b3.c:178: TIMER = 0; Scene++; 
   083D 21r00r00           1628 	ld	hl, #_TIMER
   0840 36 00              1629 	ld	(hl), #0x00
   0842 23                 1630 	inc	hl
   0843 36 00              1631 	ld	(hl), #0x00
   0845 21r00r00           1632 	ld	hl, #_Scene
   0848 34                 1633 	inc	(hl)
   0849                    1634 00151$:
                           1635 ;src/3_road.b3.c:181: }
   0849 E8 02              1636 	add	sp, #2
   084B C9                 1637 	ret
                           1638 	.area _CODE_3
                           1639 	.area _CABS (ABS)
