                              1 ;--------------------------------------------------------
                              2 ; File Created by SDCC : free open source ANSI-C Compiler
                              3 ; Version 4.0.0 #11528 (MINGW32)
                              4 ;--------------------------------------------------------
                              5 	.module C__Users_Mills_AppData_Local_Temp_lcc85281
                              6 	.optsdcc -mgbz80
                              7 	
                              8 ;--------------------------------------------------------
                              9 ; Public variables in this module
                             10 ;--------------------------------------------------------
                             11 	.globl _Cog3D_MapPLN1
                             12 	.globl _Cog3D_MapPLN0
                             13 ;--------------------------------------------------------
                             14 ; special function registers
                             15 ;--------------------------------------------------------
                             16 ;--------------------------------------------------------
                             17 ; ram data
                             18 ;--------------------------------------------------------
                             19 	.area _DATA
                             20 ;--------------------------------------------------------
                             21 ; absolute external ram data
                             22 ;--------------------------------------------------------
                             23 	.area _DABS (ABS)
                             24 ;--------------------------------------------------------
                             25 ; global & static initialisations
                             26 ;--------------------------------------------------------
                             27 	.area _HOME
                             28 	.area _GSINIT
                             29 	.area _GSFINAL
                             30 	.area _GSINIT
                             31 ;--------------------------------------------------------
                             32 ; Home
                             33 ;--------------------------------------------------------
                             34 	.area _HOME
                             35 	.area _HOME
                             36 ;--------------------------------------------------------
                             37 ; code
                             38 ;--------------------------------------------------------
                             39 	.area _CODE_8
                             40 	.area _CODE_8
   0000                      41 _Cog3D_MapPLN0:
   0000 00                   42 	.db #0x00	; 0
   0001 00                   43 	.db #0x00	; 0
   0002 00                   44 	.db #0x00	; 0
   0003 00                   45 	.db #0x00	; 0
   0004 00                   46 	.db #0x00	; 0
   0005 00                   47 	.db #0x00	; 0
   0006 00                   48 	.db #0x00	; 0
   0007 00                   49 	.db #0x00	; 0
   0008 00                   50 	.db #0x00	; 0
   0009 00                   51 	.db #0x00	; 0
   000A 00                   52 	.db #0x00	; 0
   000B 00                   53 	.db #0x00	; 0
   000C 00                   54 	.db #0x00	; 0
   000D 00                   55 	.db #0x00	; 0
   000E 00                   56 	.db #0x00	; 0
   000F 00                   57 	.db #0x00	; 0
   0010 00                   58 	.db #0x00	; 0
   0011 00                   59 	.db #0x00	; 0
   0012 00                   60 	.db #0x00	; 0
   0013 00                   61 	.db #0x00	; 0
   0014 00                   62 	.db #0x00	; 0
   0015 00                   63 	.db #0x00	; 0
   0016 00                   64 	.db #0x00	; 0
   0017 00                   65 	.db #0x00	; 0
   0018 00                   66 	.db #0x00	; 0
   0019 00                   67 	.db #0x00	; 0
   001A 00                   68 	.db #0x00	; 0
   001B 00                   69 	.db #0x00	; 0
   001C 00                   70 	.db #0x00	; 0
   001D 00                   71 	.db #0x00	; 0
   001E 00                   72 	.db #0x00	; 0
   001F 00                   73 	.db #0x00	; 0
   0020 00                   74 	.db #0x00	; 0
   0021 00                   75 	.db #0x00	; 0
   0022 00                   76 	.db #0x00	; 0
   0023 00                   77 	.db #0x00	; 0
   0024 00                   78 	.db #0x00	; 0
   0025 00                   79 	.db #0x00	; 0
   0026 00                   80 	.db #0x00	; 0
   0027 00                   81 	.db #0x00	; 0
   0028 00                   82 	.db #0x00	; 0
   0029 00                   83 	.db #0x00	; 0
   002A 00                   84 	.db #0x00	; 0
   002B 00                   85 	.db #0x00	; 0
   002C 00                   86 	.db #0x00	; 0
   002D 00                   87 	.db #0x00	; 0
   002E 00                   88 	.db #0x00	; 0
   002F 00                   89 	.db #0x00	; 0
   0030 00                   90 	.db #0x00	; 0
   0031 00                   91 	.db #0x00	; 0
   0032 00                   92 	.db #0x00	; 0
   0033 00                   93 	.db #0x00	; 0
   0034 00                   94 	.db #0x00	; 0
   0035 00                   95 	.db #0x00	; 0
   0036 00                   96 	.db #0x00	; 0
   0037 00                   97 	.db #0x00	; 0
   0038 00                   98 	.db #0x00	; 0
   0039 00                   99 	.db #0x00	; 0
   003A 00                  100 	.db #0x00	; 0
   003B 00                  101 	.db #0x00	; 0
   003C 00                  102 	.db #0x00	; 0
   003D 00                  103 	.db #0x00	; 0
   003E 03                  104 	.db #0x03	; 3
   003F 0B                  105 	.db #0x0b	; 11
   0040 0B                  106 	.db #0x0b	; 11
   0041 04                  107 	.db #0x04	; 4
   0042 08                  108 	.db #0x08	; 8
   0043 08                  109 	.db #0x08	; 8
   0044 08                  110 	.db #0x08	; 8
   0045 08                  111 	.db #0x08	; 8
   0046 08                  112 	.db #0x08	; 8
   0047 08                  113 	.db #0x08	; 8
   0048 08                  114 	.db #0x08	; 8
   0049 08                  115 	.db #0x08	; 8
   004A 04                  116 	.db #0x04	; 4
   004B 0B                  117 	.db #0x0b	; 11
   004C 0B                  118 	.db #0x0b	; 11
   004D 03                  119 	.db #0x03	; 3
   004E 00                  120 	.db #0x00	; 0
   004F 00                  121 	.db #0x00	; 0
   0050 00                  122 	.db #0x00	; 0
   0051 00                  123 	.db #0x00	; 0
   0052 00                  124 	.db #0x00	; 0
   0053 03                  125 	.db #0x03	; 3
   0054 0B                  126 	.db #0x0b	; 11
   0055 0A                  127 	.db #0x0a	; 10
   0056 06                  128 	.db #0x06	; 6
   0057 08                  129 	.db #0x08	; 8
   0058 08                  130 	.db #0x08	; 8
   0059 08                  131 	.db #0x08	; 8
   005A 08                  132 	.db #0x08	; 8
   005B 08                  133 	.db #0x08	; 8
   005C 08                  134 	.db #0x08	; 8
   005D 06                  135 	.db #0x06	; 6
   005E 0A                  136 	.db #0x0a	; 10
   005F 0B                  137 	.db #0x0b	; 11
   0060 03                  138 	.db #0x03	; 3
   0061 00                  139 	.db #0x00	; 0
   0062 00                  140 	.db #0x00	; 0
   0063 00                  141 	.db #0x00	; 0
   0064 00                  142 	.db #0x00	; 0
   0065 00                  143 	.db #0x00	; 0
   0066 00                  144 	.db #0x00	; 0
   0067 00                  145 	.db #0x00	; 0
   0068 03                  146 	.db #0x03	; 3
   0069 0B                  147 	.db #0x0b	; 11
   006A 04                  148 	.db #0x04	; 4
   006B 08                  149 	.db #0x08	; 8
   006C 08                  150 	.db #0x08	; 8
   006D 08                  151 	.db #0x08	; 8
   006E 08                  152 	.db #0x08	; 8
   006F 08                  153 	.db #0x08	; 8
   0070 08                  154 	.db #0x08	; 8
   0071 04                  155 	.db #0x04	; 4
   0072 0B                  156 	.db #0x0b	; 11
   0073 03                  157 	.db #0x03	; 3
   0074 00                  158 	.db #0x00	; 0
   0075 00                  159 	.db #0x00	; 0
   0076 00                  160 	.db #0x00	; 0
   0077 00                  161 	.db #0x00	; 0
   0078 00                  162 	.db #0x00	; 0
   0079 00                  163 	.db #0x00	; 0
   007A 00                  164 	.db #0x00	; 0
   007B 00                  165 	.db #0x00	; 0
   007C 00                  166 	.db #0x00	; 0
   007D 03                  167 	.db #0x03	; 3
   007E 0A                  168 	.db #0x0a	; 10
   007F 06                  169 	.db #0x06	; 6
   0080 08                  170 	.db #0x08	; 8
   0081 08                  171 	.db #0x08	; 8
   0082 08                  172 	.db #0x08	; 8
   0083 08                  173 	.db #0x08	; 8
   0084 06                  174 	.db #0x06	; 6
   0085 0A                  175 	.db #0x0a	; 10
   0086 03                  176 	.db #0x03	; 3
   0087 00                  177 	.db #0x00	; 0
   0088 00                  178 	.db #0x00	; 0
   0089 00                  179 	.db #0x00	; 0
   008A 00                  180 	.db #0x00	; 0
   008B 00                  181 	.db #0x00	; 0
   008C 00                  182 	.db #0x00	; 0
   008D 00                  183 	.db #0x00	; 0
   008E 00                  184 	.db #0x00	; 0
   008F 00                  185 	.db #0x00	; 0
   0090 00                  186 	.db #0x00	; 0
   0091 00                  187 	.db #0x00	; 0
   0092 03                  188 	.db #0x03	; 3
   0093 05                  189 	.db #0x05	; 5
   0094 09                  190 	.db #0x09	; 9
   0095 09                  191 	.db #0x09	; 9
   0096 09                  192 	.db #0x09	; 9
   0097 09                  193 	.db #0x09	; 9
   0098 05                  194 	.db #0x05	; 5
   0099 03                  195 	.db #0x03	; 3
   009A 00                  196 	.db #0x00	; 0
   009B 00                  197 	.db #0x00	; 0
   009C 00                  198 	.db #0x00	; 0
   009D 00                  199 	.db #0x00	; 0
   009E 00                  200 	.db #0x00	; 0
   009F 00                  201 	.db #0x00	; 0
   00A0 00                  202 	.db #0x00	; 0
   00A1 00                  203 	.db #0x00	; 0
   00A2 00                  204 	.db #0x00	; 0
   00A3 00                  205 	.db #0x00	; 0
   00A4 00                  206 	.db #0x00	; 0
   00A5 00                  207 	.db #0x00	; 0
   00A6 00                  208 	.db #0x00	; 0
   00A7 00                  209 	.db #0x00	; 0
   00A8 00                  210 	.db #0x00	; 0
   00A9 00                  211 	.db #0x00	; 0
   00AA 00                  212 	.db #0x00	; 0
   00AB 00                  213 	.db #0x00	; 0
   00AC 00                  214 	.db #0x00	; 0
   00AD 00                  215 	.db #0x00	; 0
   00AE 00                  216 	.db #0x00	; 0
   00AF 00                  217 	.db #0x00	; 0
   00B0 00                  218 	.db #0x00	; 0
   00B1 00                  219 	.db #0x00	; 0
   00B2 00                  220 	.db #0x00	; 0
   00B3 00                  221 	.db #0x00	; 0
   00B4 00                  222 	.db #0x00	; 0
   00B5 00                  223 	.db #0x00	; 0
   00B6 00                  224 	.db #0x00	; 0
   00B7 00                  225 	.db #0x00	; 0
   00B8 00                  226 	.db #0x00	; 0
   00B9 00                  227 	.db #0x00	; 0
   00BA 00                  228 	.db #0x00	; 0
   00BB 00                  229 	.db #0x00	; 0
   00BC 00                  230 	.db #0x00	; 0
   00BD 00                  231 	.db #0x00	; 0
   00BE 00                  232 	.db #0x00	; 0
   00BF 00                  233 	.db #0x00	; 0
   00C0 00                  234 	.db #0x00	; 0
   00C1 00                  235 	.db #0x00	; 0
   00C2 00                  236 	.db #0x00	; 0
   00C3 00                  237 	.db #0x00	; 0
   00C4 00                  238 	.db #0x00	; 0
   00C5 00                  239 	.db #0x00	; 0
   00C6 00                  240 	.db #0x00	; 0
   00C7 00                  241 	.db #0x00	; 0
   00C8 00                  242 	.db #0x00	; 0
   00C9 00                  243 	.db #0x00	; 0
   00CA 00                  244 	.db #0x00	; 0
   00CB 00                  245 	.db #0x00	; 0
   00CC 00                  246 	.db #0x00	; 0
   00CD 00                  247 	.db #0x00	; 0
   00CE 00                  248 	.db #0x00	; 0
   00CF 00                  249 	.db #0x00	; 0
   00D0 00                  250 	.db #0x00	; 0
   00D1 00                  251 	.db #0x00	; 0
   00D2 00                  252 	.db #0x00	; 0
   00D3 00                  253 	.db #0x00	; 0
   00D4 00                  254 	.db #0x00	; 0
   00D5 00                  255 	.db #0x00	; 0
   00D6 00                  256 	.db #0x00	; 0
   00D7 00                  257 	.db #0x00	; 0
   00D8 00                  258 	.db #0x00	; 0
   00D9 00                  259 	.db #0x00	; 0
   00DA 00                  260 	.db #0x00	; 0
   00DB 00                  261 	.db #0x00	; 0
   00DC 00                  262 	.db #0x00	; 0
   00DD 00                  263 	.db #0x00	; 0
   00DE 02                  264 	.db #0x02	; 2
   00DF 0B                  265 	.db #0x0b	; 11
   00E0 0B                  266 	.db #0x0b	; 11
   00E1 04                  267 	.db #0x04	; 4
   00E2 08                  268 	.db #0x08	; 8
   00E3 08                  269 	.db #0x08	; 8
   00E4 08                  270 	.db #0x08	; 8
   00E5 08                  271 	.db #0x08	; 8
   00E6 08                  272 	.db #0x08	; 8
   00E7 08                  273 	.db #0x08	; 8
   00E8 08                  274 	.db #0x08	; 8
   00E9 08                  275 	.db #0x08	; 8
   00EA 04                  276 	.db #0x04	; 4
   00EB 0B                  277 	.db #0x0b	; 11
   00EC 0B                  278 	.db #0x0b	; 11
   00ED 02                  279 	.db #0x02	; 2
   00EE 00                  280 	.db #0x00	; 0
   00EF 00                  281 	.db #0x00	; 0
   00F0 00                  282 	.db #0x00	; 0
   00F1 00                  283 	.db #0x00	; 0
   00F2 00                  284 	.db #0x00	; 0
   00F3 02                  285 	.db #0x02	; 2
   00F4 0B                  286 	.db #0x0b	; 11
   00F5 0A                  287 	.db #0x0a	; 10
   00F6 06                  288 	.db #0x06	; 6
   00F7 08                  289 	.db #0x08	; 8
   00F8 08                  290 	.db #0x08	; 8
   00F9 08                  291 	.db #0x08	; 8
   00FA 08                  292 	.db #0x08	; 8
   00FB 08                  293 	.db #0x08	; 8
   00FC 08                  294 	.db #0x08	; 8
   00FD 06                  295 	.db #0x06	; 6
   00FE 0A                  296 	.db #0x0a	; 10
   00FF 0B                  297 	.db #0x0b	; 11
   0100 02                  298 	.db #0x02	; 2
   0101 00                  299 	.db #0x00	; 0
   0102 00                  300 	.db #0x00	; 0
   0103 00                  301 	.db #0x00	; 0
   0104 00                  302 	.db #0x00	; 0
   0105 00                  303 	.db #0x00	; 0
   0106 00                  304 	.db #0x00	; 0
   0107 00                  305 	.db #0x00	; 0
   0108 02                  306 	.db #0x02	; 2
   0109 0B                  307 	.db #0x0b	; 11
   010A 05                  308 	.db #0x05	; 5
   010B 09                  309 	.db #0x09	; 9
   010C 09                  310 	.db #0x09	; 9
   010D 09                  311 	.db #0x09	; 9
   010E 09                  312 	.db #0x09	; 9
   010F 09                  313 	.db #0x09	; 9
   0110 09                  314 	.db #0x09	; 9
   0111 05                  315 	.db #0x05	; 5
   0112 0B                  316 	.db #0x0b	; 11
   0113 02                  317 	.db #0x02	; 2
   0114 00                  318 	.db #0x00	; 0
   0115 00                  319 	.db #0x00	; 0
   0116 00                  320 	.db #0x00	; 0
   0117 00                  321 	.db #0x00	; 0
   0118 00                  322 	.db #0x00	; 0
   0119 00                  323 	.db #0x00	; 0
   011A 00                  324 	.db #0x00	; 0
   011B 00                  325 	.db #0x00	; 0
   011C 00                  326 	.db #0x00	; 0
   011D 02                  327 	.db #0x02	; 2
   011E 0A                  328 	.db #0x0a	; 10
   011F 06                  329 	.db #0x06	; 6
   0120 08                  330 	.db #0x08	; 8
   0121 08                  331 	.db #0x08	; 8
   0122 08                  332 	.db #0x08	; 8
   0123 08                  333 	.db #0x08	; 8
   0124 06                  334 	.db #0x06	; 6
   0125 0A                  335 	.db #0x0a	; 10
   0126 02                  336 	.db #0x02	; 2
   0127 00                  337 	.db #0x00	; 0
   0128 00                  338 	.db #0x00	; 0
   0129 00                  339 	.db #0x00	; 0
   012A 00                  340 	.db #0x00	; 0
   012B 00                  341 	.db #0x00	; 0
   012C 00                  342 	.db #0x00	; 0
   012D 00                  343 	.db #0x00	; 0
   012E 00                  344 	.db #0x00	; 0
   012F 00                  345 	.db #0x00	; 0
   0130 00                  346 	.db #0x00	; 0
   0131 00                  347 	.db #0x00	; 0
   0132 02                  348 	.db #0x02	; 2
   0133 05                  349 	.db #0x05	; 5
   0134 09                  350 	.db #0x09	; 9
   0135 09                  351 	.db #0x09	; 9
   0136 09                  352 	.db #0x09	; 9
   0137 09                  353 	.db #0x09	; 9
   0138 05                  354 	.db #0x05	; 5
   0139 02                  355 	.db #0x02	; 2
   013A 00                  356 	.db #0x00	; 0
   013B 00                  357 	.db #0x00	; 0
   013C 00                  358 	.db #0x00	; 0
   013D 00                  359 	.db #0x00	; 0
   013E 00                  360 	.db #0x00	; 0
   013F 00                  361 	.db #0x00	; 0
   0140 00                  362 	.db #0x00	; 0
   0141 00                  363 	.db #0x00	; 0
   0142 00                  364 	.db #0x00	; 0
   0143 00                  365 	.db #0x00	; 0
   0144 00                  366 	.db #0x00	; 0
   0145 00                  367 	.db #0x00	; 0
   0146 00                  368 	.db #0x00	; 0
   0147 00                  369 	.db #0x00	; 0
   0148 00                  370 	.db #0x00	; 0
   0149 00                  371 	.db #0x00	; 0
   014A 00                  372 	.db #0x00	; 0
   014B 00                  373 	.db #0x00	; 0
   014C 00                  374 	.db #0x00	; 0
   014D 00                  375 	.db #0x00	; 0
   014E 00                  376 	.db #0x00	; 0
   014F 00                  377 	.db #0x00	; 0
   0150 00                  378 	.db #0x00	; 0
   0151 00                  379 	.db #0x00	; 0
   0152 00                  380 	.db #0x00	; 0
   0153 00                  381 	.db #0x00	; 0
   0154 00                  382 	.db #0x00	; 0
   0155 00                  383 	.db #0x00	; 0
   0156 00                  384 	.db #0x00	; 0
   0157 00                  385 	.db #0x00	; 0
   0158 00                  386 	.db #0x00	; 0
   0159 00                  387 	.db #0x00	; 0
   015A 00                  388 	.db #0x00	; 0
   015B 00                  389 	.db #0x00	; 0
   015C 00                  390 	.db #0x00	; 0
   015D 00                  391 	.db #0x00	; 0
   015E 00                  392 	.db #0x00	; 0
   015F 00                  393 	.db #0x00	; 0
   0160 00                  394 	.db #0x00	; 0
   0161 00                  395 	.db #0x00	; 0
   0162 00                  396 	.db #0x00	; 0
   0163 00                  397 	.db #0x00	; 0
   0164 00                  398 	.db #0x00	; 0
   0165 00                  399 	.db #0x00	; 0
   0166 00                  400 	.db #0x00	; 0
   0167 00                  401 	.db #0x00	; 0
   0168 00                  402 	.db #0x00	; 0
   0169 00                  403 	.db #0x00	; 0
   016A 00                  404 	.db #0x00	; 0
   016B 00                  405 	.db #0x00	; 0
   016C 00                  406 	.db #0x00	; 0
   016D 00                  407 	.db #0x00	; 0
   016E 00                  408 	.db #0x00	; 0
   016F 00                  409 	.db #0x00	; 0
   0170 00                  410 	.db #0x00	; 0
   0171 00                  411 	.db #0x00	; 0
   0172 00                  412 	.db #0x00	; 0
   0173 00                  413 	.db #0x00	; 0
   0174 00                  414 	.db #0x00	; 0
   0175 00                  415 	.db #0x00	; 0
   0176 00                  416 	.db #0x00	; 0
   0177 00                  417 	.db #0x00	; 0
   0178 00                  418 	.db #0x00	; 0
   0179 00                  419 	.db #0x00	; 0
   017A 00                  420 	.db #0x00	; 0
   017B 00                  421 	.db #0x00	; 0
   017C 00                  422 	.db #0x00	; 0
   017D 00                  423 	.db #0x00	; 0
   017E 01                  424 	.db #0x01	; 1
   017F 0B                  425 	.db #0x0b	; 11
   0180 0B                  426 	.db #0x0b	; 11
   0181 05                  427 	.db #0x05	; 5
   0182 09                  428 	.db #0x09	; 9
   0183 09                  429 	.db #0x09	; 9
   0184 09                  430 	.db #0x09	; 9
   0185 09                  431 	.db #0x09	; 9
   0186 09                  432 	.db #0x09	; 9
   0187 09                  433 	.db #0x09	; 9
   0188 09                  434 	.db #0x09	; 9
   0189 09                  435 	.db #0x09	; 9
   018A 05                  436 	.db #0x05	; 5
   018B 0B                  437 	.db #0x0b	; 11
   018C 0B                  438 	.db #0x0b	; 11
   018D 01                  439 	.db #0x01	; 1
   018E 00                  440 	.db #0x00	; 0
   018F 00                  441 	.db #0x00	; 0
   0190 00                  442 	.db #0x00	; 0
   0191 00                  443 	.db #0x00	; 0
   0192 00                  444 	.db #0x00	; 0
   0193 01                  445 	.db #0x01	; 1
   0194 0B                  446 	.db #0x0b	; 11
   0195 0A                  447 	.db #0x0a	; 10
   0196 06                  448 	.db #0x06	; 6
   0197 08                  449 	.db #0x08	; 8
   0198 08                  450 	.db #0x08	; 8
   0199 08                  451 	.db #0x08	; 8
   019A 08                  452 	.db #0x08	; 8
   019B 08                  453 	.db #0x08	; 8
   019C 08                  454 	.db #0x08	; 8
   019D 06                  455 	.db #0x06	; 6
   019E 0A                  456 	.db #0x0a	; 10
   019F 0B                  457 	.db #0x0b	; 11
   01A0 01                  458 	.db #0x01	; 1
   01A1 00                  459 	.db #0x00	; 0
   01A2 00                  460 	.db #0x00	; 0
   01A3 00                  461 	.db #0x00	; 0
   01A4 00                  462 	.db #0x00	; 0
   01A5 00                  463 	.db #0x00	; 0
   01A6 00                  464 	.db #0x00	; 0
   01A7 00                  465 	.db #0x00	; 0
   01A8 01                  466 	.db #0x01	; 1
   01A9 0B                  467 	.db #0x0b	; 11
   01AA 05                  468 	.db #0x05	; 5
   01AB 09                  469 	.db #0x09	; 9
   01AC 09                  470 	.db #0x09	; 9
   01AD 09                  471 	.db #0x09	; 9
   01AE 09                  472 	.db #0x09	; 9
   01AF 09                  473 	.db #0x09	; 9
   01B0 09                  474 	.db #0x09	; 9
   01B1 05                  475 	.db #0x05	; 5
   01B2 0B                  476 	.db #0x0b	; 11
   01B3 01                  477 	.db #0x01	; 1
   01B4 00                  478 	.db #0x00	; 0
   01B5 00                  479 	.db #0x00	; 0
   01B6 00                  480 	.db #0x00	; 0
   01B7 00                  481 	.db #0x00	; 0
   01B8 00                  482 	.db #0x00	; 0
   01B9 00                  483 	.db #0x00	; 0
   01BA 00                  484 	.db #0x00	; 0
   01BB 00                  485 	.db #0x00	; 0
   01BC 00                  486 	.db #0x00	; 0
   01BD 01                  487 	.db #0x01	; 1
   01BE 0A                  488 	.db #0x0a	; 10
   01BF 06                  489 	.db #0x06	; 6
   01C0 08                  490 	.db #0x08	; 8
   01C1 08                  491 	.db #0x08	; 8
   01C2 08                  492 	.db #0x08	; 8
   01C3 08                  493 	.db #0x08	; 8
   01C4 06                  494 	.db #0x06	; 6
   01C5 0A                  495 	.db #0x0a	; 10
   01C6 01                  496 	.db #0x01	; 1
   01C7 00                  497 	.db #0x00	; 0
   01C8 00                  498 	.db #0x00	; 0
   01C9 00                  499 	.db #0x00	; 0
   01CA 00                  500 	.db #0x00	; 0
   01CB 00                  501 	.db #0x00	; 0
   01CC 00                  502 	.db #0x00	; 0
   01CD 00                  503 	.db #0x00	; 0
   01CE 00                  504 	.db #0x00	; 0
   01CF 00                  505 	.db #0x00	; 0
   01D0 00                  506 	.db #0x00	; 0
   01D1 00                  507 	.db #0x00	; 0
   01D2 01                  508 	.db #0x01	; 1
   01D3 04                  509 	.db #0x04	; 4
   01D4 08                  510 	.db #0x08	; 8
   01D5 08                  511 	.db #0x08	; 8
   01D6 08                  512 	.db #0x08	; 8
   01D7 08                  513 	.db #0x08	; 8
   01D8 04                  514 	.db #0x04	; 4
   01D9 01                  515 	.db #0x01	; 1
   01DA 00                  516 	.db #0x00	; 0
   01DB 00                  517 	.db #0x00	; 0
   01DC 00                  518 	.db #0x00	; 0
   01DD 00                  519 	.db #0x00	; 0
   01DE 00                  520 	.db #0x00	; 0
   01DF 00                  521 	.db #0x00	; 0
   01E0 00                  522 	.db #0x00	; 0
   01E1 00                  523 	.db #0x00	; 0
   01E2 00                  524 	.db #0x00	; 0
   01E3 00                  525 	.db #0x00	; 0
   01E4 00                  526 	.db #0x00	; 0
   01E5 00                  527 	.db #0x00	; 0
   01E6 00                  528 	.db #0x00	; 0
   01E7 00                  529 	.db #0x00	; 0
   01E8 00                  530 	.db #0x00	; 0
   01E9 00                  531 	.db #0x00	; 0
   01EA 00                  532 	.db #0x00	; 0
   01EB 00                  533 	.db #0x00	; 0
   01EC 00                  534 	.db #0x00	; 0
   01ED 00                  535 	.db #0x00	; 0
   01EE 00                  536 	.db #0x00	; 0
   01EF 00                  537 	.db #0x00	; 0
   01F0 00                  538 	.db #0x00	; 0
   01F1 00                  539 	.db #0x00	; 0
   01F2 00                  540 	.db #0x00	; 0
   01F3 00                  541 	.db #0x00	; 0
   01F4                     542 _Cog3D_MapPLN1:
   01F4 00                  543 	.db #0x00	; 0
   01F5 00                  544 	.db #0x00	; 0
   01F6 00                  545 	.db #0x00	; 0
   01F7 00                  546 	.db #0x00	; 0
   01F8 00                  547 	.db #0x00	; 0
   01F9 00                  548 	.db #0x00	; 0
   01FA 00                  549 	.db #0x00	; 0
   01FB 00                  550 	.db #0x00	; 0
   01FC 00                  551 	.db #0x00	; 0
   01FD 00                  552 	.db #0x00	; 0
   01FE 00                  553 	.db #0x00	; 0
   01FF 00                  554 	.db #0x00	; 0
   0200 00                  555 	.db #0x00	; 0
   0201 00                  556 	.db #0x00	; 0
   0202 00                  557 	.db #0x00	; 0
   0203 00                  558 	.db #0x00	; 0
   0204 00                  559 	.db #0x00	; 0
   0205 00                  560 	.db #0x00	; 0
   0206 00                  561 	.db #0x00	; 0
   0207 00                  562 	.db #0x00	; 0
   0208 00                  563 	.db #0x00	; 0
   0209 00                  564 	.db #0x00	; 0
   020A 00                  565 	.db #0x00	; 0
   020B 00                  566 	.db #0x00	; 0
   020C 00                  567 	.db #0x00	; 0
   020D 00                  568 	.db #0x00	; 0
   020E 00                  569 	.db #0x00	; 0
   020F 00                  570 	.db #0x00	; 0
   0210 00                  571 	.db #0x00	; 0
   0211 00                  572 	.db #0x00	; 0
   0212 00                  573 	.db #0x00	; 0
   0213 00                  574 	.db #0x00	; 0
   0214 00                  575 	.db #0x00	; 0
   0215 00                  576 	.db #0x00	; 0
   0216 00                  577 	.db #0x00	; 0
   0217 00                  578 	.db #0x00	; 0
   0218 00                  579 	.db #0x00	; 0
   0219 00                  580 	.db #0x00	; 0
   021A 00                  581 	.db #0x00	; 0
   021B 00                  582 	.db #0x00	; 0
   021C 00                  583 	.db #0x00	; 0
   021D 00                  584 	.db #0x00	; 0
   021E 00                  585 	.db #0x00	; 0
   021F 00                  586 	.db #0x00	; 0
   0220 00                  587 	.db #0x00	; 0
   0221 00                  588 	.db #0x00	; 0
   0222 00                  589 	.db #0x00	; 0
   0223 00                  590 	.db #0x00	; 0
   0224 00                  591 	.db #0x00	; 0
   0225 00                  592 	.db #0x00	; 0
   0226 00                  593 	.db #0x00	; 0
   0227 00                  594 	.db #0x00	; 0
   0228 00                  595 	.db #0x00	; 0
   0229 00                  596 	.db #0x00	; 0
   022A 00                  597 	.db #0x00	; 0
   022B 00                  598 	.db #0x00	; 0
   022C 00                  599 	.db #0x00	; 0
   022D 00                  600 	.db #0x00	; 0
   022E 00                  601 	.db #0x00	; 0
   022F 00                  602 	.db #0x00	; 0
   0230 00                  603 	.db #0x00	; 0
   0231 00                  604 	.db #0x00	; 0
   0232 00                  605 	.db #0x00	; 0
   0233 01                  606 	.db #0x01	; 1
   0234 01                  607 	.db #0x01	; 1
   0235 01                  608 	.db #0x01	; 1
   0236 01                  609 	.db #0x01	; 1
   0237 01                  610 	.db #0x01	; 1
   0238 01                  611 	.db #0x01	; 1
   0239 01                  612 	.db #0x01	; 1
   023A 01                  613 	.db #0x01	; 1
   023B 01                  614 	.db #0x01	; 1
   023C 01                  615 	.db #0x01	; 1
   023D 01                  616 	.db #0x01	; 1
   023E 21                  617 	.db #0x21	; 33
   023F 01                  618 	.db #0x01	; 1
   0240 01                  619 	.db #0x01	; 1
   0241 20                  620 	.db #0x20	; 32
   0242 00                  621 	.db #0x00	; 0
   0243 00                  622 	.db #0x00	; 0
   0244 00                  623 	.db #0x00	; 0
   0245 00                  624 	.db #0x00	; 0
   0246 00                  625 	.db #0x00	; 0
   0247 00                  626 	.db #0x00	; 0
   0248 01                  627 	.db #0x01	; 1
   0249 01                  628 	.db #0x01	; 1
   024A 01                  629 	.db #0x01	; 1
   024B 01                  630 	.db #0x01	; 1
   024C 01                  631 	.db #0x01	; 1
   024D 01                  632 	.db #0x01	; 1
   024E 01                  633 	.db #0x01	; 1
   024F 01                  634 	.db #0x01	; 1
   0250 01                  635 	.db #0x01	; 1
   0251 21                  636 	.db #0x21	; 33
   0252 21                  637 	.db #0x21	; 33
   0253 01                  638 	.db #0x01	; 1
   0254 20                  639 	.db #0x20	; 32
   0255 00                  640 	.db #0x00	; 0
   0256 00                  641 	.db #0x00	; 0
   0257 00                  642 	.db #0x00	; 0
   0258 00                  643 	.db #0x00	; 0
   0259 00                  644 	.db #0x00	; 0
   025A 00                  645 	.db #0x00	; 0
   025B 00                  646 	.db #0x00	; 0
   025C 00                  647 	.db #0x00	; 0
   025D 01                  648 	.db #0x01	; 1
   025E 01                  649 	.db #0x01	; 1
   025F 01                  650 	.db #0x01	; 1
   0260 01                  651 	.db #0x01	; 1
   0261 01                  652 	.db #0x01	; 1
   0262 01                  653 	.db #0x01	; 1
   0263 01                  654 	.db #0x01	; 1
   0264 01                  655 	.db #0x01	; 1
   0265 21                  656 	.db #0x21	; 33
   0266 01                  657 	.db #0x01	; 1
   0267 20                  658 	.db #0x20	; 32
   0268 00                  659 	.db #0x00	; 0
   0269 00                  660 	.db #0x00	; 0
   026A 00                  661 	.db #0x00	; 0
   026B 00                  662 	.db #0x00	; 0
   026C 00                  663 	.db #0x00	; 0
   026D 00                  664 	.db #0x00	; 0
   026E 00                  665 	.db #0x00	; 0
   026F 00                  666 	.db #0x00	; 0
   0270 00                  667 	.db #0x00	; 0
   0271 00                  668 	.db #0x00	; 0
   0272 01                  669 	.db #0x01	; 1
   0273 01                  670 	.db #0x01	; 1
   0274 01                  671 	.db #0x01	; 1
   0275 01                  672 	.db #0x01	; 1
   0276 01                  673 	.db #0x01	; 1
   0277 01                  674 	.db #0x01	; 1
   0278 21                  675 	.db #0x21	; 33
   0279 21                  676 	.db #0x21	; 33
   027A 20                  677 	.db #0x20	; 32
   027B 00                  678 	.db #0x00	; 0
   027C 00                  679 	.db #0x00	; 0
   027D 00                  680 	.db #0x00	; 0
   027E 00                  681 	.db #0x00	; 0
   027F 00                  682 	.db #0x00	; 0
   0280 00                  683 	.db #0x00	; 0
   0281 00                  684 	.db #0x00	; 0
   0282 00                  685 	.db #0x00	; 0
   0283 00                  686 	.db #0x00	; 0
   0284 00                  687 	.db #0x00	; 0
   0285 00                  688 	.db #0x00	; 0
   0286 00                  689 	.db #0x00	; 0
   0287 01                  690 	.db #0x01	; 1
   0288 01                  691 	.db #0x01	; 1
   0289 01                  692 	.db #0x01	; 1
   028A 01                  693 	.db #0x01	; 1
   028B 01                  694 	.db #0x01	; 1
   028C 21                  695 	.db #0x21	; 33
   028D 20                  696 	.db #0x20	; 32
   028E 00                  697 	.db #0x00	; 0
   028F 00                  698 	.db #0x00	; 0
   0290 00                  699 	.db #0x00	; 0
   0291 00                  700 	.db #0x00	; 0
   0292 00                  701 	.db #0x00	; 0
   0293 00                  702 	.db #0x00	; 0
   0294 00                  703 	.db #0x00	; 0
   0295 00                  704 	.db #0x00	; 0
   0296 00                  705 	.db #0x00	; 0
   0297 00                  706 	.db #0x00	; 0
   0298 00                  707 	.db #0x00	; 0
   0299 00                  708 	.db #0x00	; 0
   029A 00                  709 	.db #0x00	; 0
   029B 00                  710 	.db #0x00	; 0
   029C 00                  711 	.db #0x00	; 0
   029D 00                  712 	.db #0x00	; 0
   029E 00                  713 	.db #0x00	; 0
   029F 00                  714 	.db #0x00	; 0
   02A0 00                  715 	.db #0x00	; 0
   02A1 00                  716 	.db #0x00	; 0
   02A2 00                  717 	.db #0x00	; 0
   02A3 00                  718 	.db #0x00	; 0
   02A4 00                  719 	.db #0x00	; 0
   02A5 00                  720 	.db #0x00	; 0
   02A6 00                  721 	.db #0x00	; 0
   02A7 00                  722 	.db #0x00	; 0
   02A8 00                  723 	.db #0x00	; 0
   02A9 00                  724 	.db #0x00	; 0
   02AA 00                  725 	.db #0x00	; 0
   02AB 00                  726 	.db #0x00	; 0
   02AC 00                  727 	.db #0x00	; 0
   02AD 00                  728 	.db #0x00	; 0
   02AE 00                  729 	.db #0x00	; 0
   02AF 00                  730 	.db #0x00	; 0
   02B0 00                  731 	.db #0x00	; 0
   02B1 00                  732 	.db #0x00	; 0
   02B2 00                  733 	.db #0x00	; 0
   02B3 00                  734 	.db #0x00	; 0
   02B4 00                  735 	.db #0x00	; 0
   02B5 00                  736 	.db #0x00	; 0
   02B6 00                  737 	.db #0x00	; 0
   02B7 00                  738 	.db #0x00	; 0
   02B8 00                  739 	.db #0x00	; 0
   02B9 00                  740 	.db #0x00	; 0
   02BA 00                  741 	.db #0x00	; 0
   02BB 00                  742 	.db #0x00	; 0
   02BC 00                  743 	.db #0x00	; 0
   02BD 00                  744 	.db #0x00	; 0
   02BE 00                  745 	.db #0x00	; 0
   02BF 00                  746 	.db #0x00	; 0
   02C0 00                  747 	.db #0x00	; 0
   02C1 00                  748 	.db #0x00	; 0
   02C2 00                  749 	.db #0x00	; 0
   02C3 00                  750 	.db #0x00	; 0
   02C4 00                  751 	.db #0x00	; 0
   02C5 00                  752 	.db #0x00	; 0
   02C6 00                  753 	.db #0x00	; 0
   02C7 00                  754 	.db #0x00	; 0
   02C8 00                  755 	.db #0x00	; 0
   02C9 00                  756 	.db #0x00	; 0
   02CA 00                  757 	.db #0x00	; 0
   02CB 00                  758 	.db #0x00	; 0
   02CC 00                  759 	.db #0x00	; 0
   02CD 00                  760 	.db #0x00	; 0
   02CE 00                  761 	.db #0x00	; 0
   02CF 00                  762 	.db #0x00	; 0
   02D0 00                  763 	.db #0x00	; 0
   02D1 00                  764 	.db #0x00	; 0
   02D2 00                  765 	.db #0x00	; 0
   02D3 02                  766 	.db #0x02	; 2
   02D4 02                  767 	.db #0x02	; 2
   02D5 03                  768 	.db #0x03	; 3
   02D6 03                  769 	.db #0x03	; 3
   02D7 03                  770 	.db #0x03	; 3
   02D8 03                  771 	.db #0x03	; 3
   02D9 03                  772 	.db #0x03	; 3
   02DA 03                  773 	.db #0x03	; 3
   02DB 03                  774 	.db #0x03	; 3
   02DC 03                  775 	.db #0x03	; 3
   02DD 03                  776 	.db #0x03	; 3
   02DE 23                  777 	.db #0x23	; 35
   02DF 02                  778 	.db #0x02	; 2
   02E0 02                  779 	.db #0x02	; 2
   02E1 20                  780 	.db #0x20	; 32
   02E2 00                  781 	.db #0x00	; 0
   02E3 00                  782 	.db #0x00	; 0
   02E4 00                  783 	.db #0x00	; 0
   02E5 00                  784 	.db #0x00	; 0
   02E6 00                  785 	.db #0x00	; 0
   02E7 00                  786 	.db #0x00	; 0
   02E8 02                  787 	.db #0x02	; 2
   02E9 02                  788 	.db #0x02	; 2
   02EA 03                  789 	.db #0x03	; 3
   02EB 03                  790 	.db #0x03	; 3
   02EC 03                  791 	.db #0x03	; 3
   02ED 03                  792 	.db #0x03	; 3
   02EE 03                  793 	.db #0x03	; 3
   02EF 03                  794 	.db #0x03	; 3
   02F0 03                  795 	.db #0x03	; 3
   02F1 23                  796 	.db #0x23	; 35
   02F2 22                  797 	.db #0x22	; 34
   02F3 02                  798 	.db #0x02	; 2
   02F4 20                  799 	.db #0x20	; 32
   02F5 00                  800 	.db #0x00	; 0
   02F6 00                  801 	.db #0x00	; 0
   02F7 00                  802 	.db #0x00	; 0
   02F8 00                  803 	.db #0x00	; 0
   02F9 00                  804 	.db #0x00	; 0
   02FA 00                  805 	.db #0x00	; 0
   02FB 00                  806 	.db #0x00	; 0
   02FC 00                  807 	.db #0x00	; 0
   02FD 03                  808 	.db #0x03	; 3
   02FE 03                  809 	.db #0x03	; 3
   02FF 03                  810 	.db #0x03	; 3
   0300 03                  811 	.db #0x03	; 3
   0301 03                  812 	.db #0x03	; 3
   0302 03                  813 	.db #0x03	; 3
   0303 03                  814 	.db #0x03	; 3
   0304 03                  815 	.db #0x03	; 3
   0305 23                  816 	.db #0x23	; 35
   0306 02                  817 	.db #0x02	; 2
   0307 20                  818 	.db #0x20	; 32
   0308 00                  819 	.db #0x00	; 0
   0309 00                  820 	.db #0x00	; 0
   030A 00                  821 	.db #0x00	; 0
   030B 00                  822 	.db #0x00	; 0
   030C 00                  823 	.db #0x00	; 0
   030D 00                  824 	.db #0x00	; 0
   030E 00                  825 	.db #0x00	; 0
   030F 00                  826 	.db #0x00	; 0
   0310 00                  827 	.db #0x00	; 0
   0311 00                  828 	.db #0x00	; 0
   0312 03                  829 	.db #0x03	; 3
   0313 02                  830 	.db #0x02	; 2
   0314 02                  831 	.db #0x02	; 2
   0315 02                  832 	.db #0x02	; 2
   0316 02                  833 	.db #0x02	; 2
   0317 02                  834 	.db #0x02	; 2
   0318 22                  835 	.db #0x22	; 34
   0319 23                  836 	.db #0x23	; 35
   031A 20                  837 	.db #0x20	; 32
   031B 00                  838 	.db #0x00	; 0
   031C 00                  839 	.db #0x00	; 0
   031D 00                  840 	.db #0x00	; 0
   031E 00                  841 	.db #0x00	; 0
   031F 00                  842 	.db #0x00	; 0
   0320 00                  843 	.db #0x00	; 0
   0321 00                  844 	.db #0x00	; 0
   0322 00                  845 	.db #0x00	; 0
   0323 00                  846 	.db #0x00	; 0
   0324 00                  847 	.db #0x00	; 0
   0325 00                  848 	.db #0x00	; 0
   0326 00                  849 	.db #0x00	; 0
   0327 02                  850 	.db #0x02	; 2
   0328 02                  851 	.db #0x02	; 2
   0329 02                  852 	.db #0x02	; 2
   032A 02                  853 	.db #0x02	; 2
   032B 02                  854 	.db #0x02	; 2
   032C 22                  855 	.db #0x22	; 34
   032D 20                  856 	.db #0x20	; 32
   032E 00                  857 	.db #0x00	; 0
   032F 00                  858 	.db #0x00	; 0
   0330 00                  859 	.db #0x00	; 0
   0331 00                  860 	.db #0x00	; 0
   0332 00                  861 	.db #0x00	; 0
   0333 00                  862 	.db #0x00	; 0
   0334 00                  863 	.db #0x00	; 0
   0335 00                  864 	.db #0x00	; 0
   0336 00                  865 	.db #0x00	; 0
   0337 00                  866 	.db #0x00	; 0
   0338 00                  867 	.db #0x00	; 0
   0339 00                  868 	.db #0x00	; 0
   033A 00                  869 	.db #0x00	; 0
   033B 00                  870 	.db #0x00	; 0
   033C 00                  871 	.db #0x00	; 0
   033D 00                  872 	.db #0x00	; 0
   033E 00                  873 	.db #0x00	; 0
   033F 00                  874 	.db #0x00	; 0
   0340 00                  875 	.db #0x00	; 0
   0341 00                  876 	.db #0x00	; 0
   0342 00                  877 	.db #0x00	; 0
   0343 00                  878 	.db #0x00	; 0
   0344 00                  879 	.db #0x00	; 0
   0345 00                  880 	.db #0x00	; 0
   0346 00                  881 	.db #0x00	; 0
   0347 00                  882 	.db #0x00	; 0
   0348 00                  883 	.db #0x00	; 0
   0349 00                  884 	.db #0x00	; 0
   034A 00                  885 	.db #0x00	; 0
   034B 00                  886 	.db #0x00	; 0
   034C 00                  887 	.db #0x00	; 0
   034D 00                  888 	.db #0x00	; 0
   034E 00                  889 	.db #0x00	; 0
   034F 00                  890 	.db #0x00	; 0
   0350 00                  891 	.db #0x00	; 0
   0351 00                  892 	.db #0x00	; 0
   0352 00                  893 	.db #0x00	; 0
   0353 00                  894 	.db #0x00	; 0
   0354 00                  895 	.db #0x00	; 0
   0355 00                  896 	.db #0x00	; 0
   0356 00                  897 	.db #0x00	; 0
   0357 00                  898 	.db #0x00	; 0
   0358 00                  899 	.db #0x00	; 0
   0359 00                  900 	.db #0x00	; 0
   035A 00                  901 	.db #0x00	; 0
   035B 00                  902 	.db #0x00	; 0
   035C 00                  903 	.db #0x00	; 0
   035D 00                  904 	.db #0x00	; 0
   035E 00                  905 	.db #0x00	; 0
   035F 00                  906 	.db #0x00	; 0
   0360 00                  907 	.db #0x00	; 0
   0361 00                  908 	.db #0x00	; 0
   0362 00                  909 	.db #0x00	; 0
   0363 00                  910 	.db #0x00	; 0
   0364 00                  911 	.db #0x00	; 0
   0365 00                  912 	.db #0x00	; 0
   0366 00                  913 	.db #0x00	; 0
   0367 00                  914 	.db #0x00	; 0
   0368 00                  915 	.db #0x00	; 0
   0369 00                  916 	.db #0x00	; 0
   036A 00                  917 	.db #0x00	; 0
   036B 00                  918 	.db #0x00	; 0
   036C 00                  919 	.db #0x00	; 0
   036D 00                  920 	.db #0x00	; 0
   036E 00                  921 	.db #0x00	; 0
   036F 00                  922 	.db #0x00	; 0
   0370 00                  923 	.db #0x00	; 0
   0371 00                  924 	.db #0x00	; 0
   0372 00                  925 	.db #0x00	; 0
   0373 04                  926 	.db #0x04	; 4
   0374 04                  927 	.db #0x04	; 4
   0375 04                  928 	.db #0x04	; 4
   0376 04                  929 	.db #0x04	; 4
   0377 04                  930 	.db #0x04	; 4
   0378 04                  931 	.db #0x04	; 4
   0379 04                  932 	.db #0x04	; 4
   037A 04                  933 	.db #0x04	; 4
   037B 04                  934 	.db #0x04	; 4
   037C 04                  935 	.db #0x04	; 4
   037D 04                  936 	.db #0x04	; 4
   037E 24                  937 	.db #0x24	; 36
   037F 04                  938 	.db #0x04	; 4
   0380 04                  939 	.db #0x04	; 4
   0381 20                  940 	.db #0x20	; 32
   0382 00                  941 	.db #0x00	; 0
   0383 00                  942 	.db #0x00	; 0
   0384 00                  943 	.db #0x00	; 0
   0385 00                  944 	.db #0x00	; 0
   0386 00                  945 	.db #0x00	; 0
   0387 00                  946 	.db #0x00	; 0
   0388 04                  947 	.db #0x04	; 4
   0389 04                  948 	.db #0x04	; 4
   038A 04                  949 	.db #0x04	; 4
   038B 04                  950 	.db #0x04	; 4
   038C 04                  951 	.db #0x04	; 4
   038D 04                  952 	.db #0x04	; 4
   038E 04                  953 	.db #0x04	; 4
   038F 04                  954 	.db #0x04	; 4
   0390 04                  955 	.db #0x04	; 4
   0391 24                  956 	.db #0x24	; 36
   0392 24                  957 	.db #0x24	; 36
   0393 04                  958 	.db #0x04	; 4
   0394 20                  959 	.db #0x20	; 32
   0395 00                  960 	.db #0x00	; 0
   0396 00                  961 	.db #0x00	; 0
   0397 00                  962 	.db #0x00	; 0
   0398 00                  963 	.db #0x00	; 0
   0399 00                  964 	.db #0x00	; 0
   039A 00                  965 	.db #0x00	; 0
   039B 00                  966 	.db #0x00	; 0
   039C 00                  967 	.db #0x00	; 0
   039D 04                  968 	.db #0x04	; 4
   039E 05                  969 	.db #0x05	; 5
   039F 05                  970 	.db #0x05	; 5
   03A0 05                  971 	.db #0x05	; 5
   03A1 05                  972 	.db #0x05	; 5
   03A2 05                  973 	.db #0x05	; 5
   03A3 05                  974 	.db #0x05	; 5
   03A4 05                  975 	.db #0x05	; 5
   03A5 25                  976 	.db #0x25	; 37
   03A6 04                  977 	.db #0x04	; 4
   03A7 20                  978 	.db #0x20	; 32
   03A8 00                  979 	.db #0x00	; 0
   03A9 00                  980 	.db #0x00	; 0
   03AA 00                  981 	.db #0x00	; 0
   03AB 00                  982 	.db #0x00	; 0
   03AC 00                  983 	.db #0x00	; 0
   03AD 00                  984 	.db #0x00	; 0
   03AE 00                  985 	.db #0x00	; 0
   03AF 00                  986 	.db #0x00	; 0
   03B0 00                  987 	.db #0x00	; 0
   03B1 00                  988 	.db #0x00	; 0
   03B2 05                  989 	.db #0x05	; 5
   03B3 05                  990 	.db #0x05	; 5
   03B4 05                  991 	.db #0x05	; 5
   03B5 05                  992 	.db #0x05	; 5
   03B6 05                  993 	.db #0x05	; 5
   03B7 05                  994 	.db #0x05	; 5
   03B8 25                  995 	.db #0x25	; 37
   03B9 25                  996 	.db #0x25	; 37
   03BA 20                  997 	.db #0x20	; 32
   03BB 00                  998 	.db #0x00	; 0
   03BC 00                  999 	.db #0x00	; 0
   03BD 00                 1000 	.db #0x00	; 0
   03BE 00                 1001 	.db #0x00	; 0
   03BF 00                 1002 	.db #0x00	; 0
   03C0 00                 1003 	.db #0x00	; 0
   03C1 00                 1004 	.db #0x00	; 0
   03C2 00                 1005 	.db #0x00	; 0
   03C3 00                 1006 	.db #0x00	; 0
   03C4 00                 1007 	.db #0x00	; 0
   03C5 00                 1008 	.db #0x00	; 0
   03C6 00                 1009 	.db #0x00	; 0
   03C7 05                 1010 	.db #0x05	; 5
   03C8 05                 1011 	.db #0x05	; 5
   03C9 05                 1012 	.db #0x05	; 5
   03CA 05                 1013 	.db #0x05	; 5
   03CB 05                 1014 	.db #0x05	; 5
   03CC 25                 1015 	.db #0x25	; 37
   03CD 20                 1016 	.db #0x20	; 32
   03CE 00                 1017 	.db #0x00	; 0
   03CF 00                 1018 	.db #0x00	; 0
   03D0 00                 1019 	.db #0x00	; 0
   03D1 00                 1020 	.db #0x00	; 0
   03D2 00                 1021 	.db #0x00	; 0
   03D3 00                 1022 	.db #0x00	; 0
   03D4 00                 1023 	.db #0x00	; 0
   03D5 00                 1024 	.db #0x00	; 0
   03D6 00                 1025 	.db #0x00	; 0
   03D7 00                 1026 	.db #0x00	; 0
   03D8 00                 1027 	.db #0x00	; 0
   03D9 00                 1028 	.db #0x00	; 0
   03DA 00                 1029 	.db #0x00	; 0
   03DB 00                 1030 	.db #0x00	; 0
   03DC 00                 1031 	.db #0x00	; 0
   03DD 00                 1032 	.db #0x00	; 0
   03DE 00                 1033 	.db #0x00	; 0
   03DF 00                 1034 	.db #0x00	; 0
   03E0 00                 1035 	.db #0x00	; 0
   03E1 00                 1036 	.db #0x00	; 0
   03E2 00                 1037 	.db #0x00	; 0
   03E3 00                 1038 	.db #0x00	; 0
   03E4 00                 1039 	.db #0x00	; 0
   03E5 00                 1040 	.db #0x00	; 0
   03E6 00                 1041 	.db #0x00	; 0
   03E7 00                 1042 	.db #0x00	; 0
                           1043 	.area _CABS (ABS)
