                              1 ;--------------------------------------------------------
                              2 ; File Created by SDCC : free open source ANSI-C Compiler
                              3 ; Version 4.0.0 #11528 (MINGW32)
                              4 ;--------------------------------------------------------
                              5 	.module C__Users_Mills_AppData_Local_Temp_lcc51681
                              6 	.optsdcc -mgbz80
                              7 	
                              8 ;--------------------------------------------------------
                              9 ; Public variables in this module
                             10 ;--------------------------------------------------------
                             11 	.globl _Intro_Tiles
                             12 	.globl _Intro_TilesPAL
                             13 ;--------------------------------------------------------
                             14 ; special function registers
                             15 ;--------------------------------------------------------
                             16 ;--------------------------------------------------------
                             17 ; ram data
                             18 ;--------------------------------------------------------
                             19 	.area _DATA
                             20 ;--------------------------------------------------------
                             21 ; absolute external ram data
                             22 ;--------------------------------------------------------
                             23 	.area _DABS (ABS)
                             24 ;--------------------------------------------------------
                             25 ; global & static initialisations
                             26 ;--------------------------------------------------------
                             27 	.area _HOME
                             28 	.area _GSINIT
                             29 	.area _GSFINAL
                             30 	.area _GSINIT
                             31 ;--------------------------------------------------------
                             32 ; Home
                             33 ;--------------------------------------------------------
                             34 	.area _HOME
                             35 	.area _HOME
                             36 ;--------------------------------------------------------
                             37 ; code
                             38 ;--------------------------------------------------------
                             39 	.area _CODE
                             40 	.area _CODE
   0000                      41 _Intro_TilesPAL:
   0000 60 08                42 	.dw #0x0860
   0002 FD 7F                43 	.dw #0x7ffd
   0004 E8 7B                44 	.dw #0x7be8
   0006 27 20                45 	.dw #0x2027
   0008 60 08                46 	.dw #0x0860
   000A DF 1B                47 	.dw #0x1bdf
   000C E0 0F                48 	.dw #0x0fe0
   000E AA 04                49 	.dw #0x04aa
   0010 00 67                50 	.dw #0x6700
   0012 5F 01                51 	.dw #0x015f
   0014 7D 00                52 	.dw #0x007d
   0016 60 14                53 	.dw #0x1460
   0018 60 08                54 	.dw #0x0860
   001A DF 1B                55 	.dw #0x1bdf
   001C E0 0F                56 	.dw #0x0fe0
   001E E0 67                57 	.dw #0x67e0
   0020 E5 1F                58 	.dw #0x1fe5
   0022 EC 02                59 	.dw #0x02ec
   0024 03 06                60 	.dw #0x0603
   0026 00 00                61 	.dw #0x0000
   0028 E5 1F                62 	.dw #0x1fe5
   002A EC 02                63 	.dw #0x02ec
   002C 03 06                64 	.dw #0x0603
   002E 00 00                65 	.dw #0x0000
   0030 E5 1F                66 	.dw #0x1fe5
   0032 EC 02                67 	.dw #0x02ec
   0034 03 06                68 	.dw #0x0603
   0036 00 00                69 	.dw #0x0000
   0038 E5 1F                70 	.dw #0x1fe5
   003A EC 02                71 	.dw #0x02ec
   003C 03 06                72 	.dw #0x0603
   003E 00 00                73 	.dw #0x0000
   0040                      74 _Intro_Tiles:
   0040 00                   75 	.db #0x00	; 0
   0041 00                   76 	.db #0x00	; 0
   0042 00                   77 	.db #0x00	; 0
   0043 00                   78 	.db #0x00	; 0
   0044 00                   79 	.db #0x00	; 0
   0045 00                   80 	.db #0x00	; 0
   0046 00                   81 	.db #0x00	; 0
   0047 00                   82 	.db #0x00	; 0
   0048 00                   83 	.db #0x00	; 0
   0049 00                   84 	.db #0x00	; 0
   004A 00                   85 	.db #0x00	; 0
   004B 00                   86 	.db #0x00	; 0
   004C 00                   87 	.db #0x00	; 0
   004D 00                   88 	.db #0x00	; 0
   004E 00                   89 	.db #0x00	; 0
   004F 00                   90 	.db #0x00	; 0
   0050 1C                   91 	.db #0x1c	; 28
   0051 1C                   92 	.db #0x1c	; 28
   0052 3E                   93 	.db #0x3e	; 62
   0053 22                   94 	.db #0x22	; 34
   0054 7F                   95 	.db #0x7f	; 127
   0055 49                   96 	.db #0x49	; 73	'I'
   0056 95                   97 	.db #0x95	; 149
   0057 F7                   98 	.db #0xf7	; 247
   0058 95                   99 	.db #0x95	; 149
   0059 F7                  100 	.db #0xf7	; 247
   005A 9B                  101 	.db #0x9b	; 155
   005B FF                  102 	.db #0xff	; 255
   005C 46                  103 	.db #0x46	; 70	'F'
   005D 7E                  104 	.db #0x7e	; 126
   005E 3C                  105 	.db #0x3c	; 60
   005F 3C                  106 	.db #0x3c	; 60
   0060 18                  107 	.db #0x18	; 24
   0061 18                  108 	.db #0x18	; 24
   0062 3C                  109 	.db #0x3c	; 60
   0063 24                  110 	.db #0x24	; 36
   0064 7C                  111 	.db #0x7c	; 124
   0065 44                  112 	.db #0x44	; 68	'D'
   0066 24                  113 	.db #0x24	; 36
   0067 3C                  114 	.db #0x3c	; 60
   0068 22                  115 	.db #0x22	; 34
   0069 3E                  116 	.db #0x3e	; 62
   006A 22                  117 	.db #0x22	; 34
   006B 3E                  118 	.db #0x3e	; 62
   006C 2E                  119 	.db #0x2e	; 46
   006D 3E                  120 	.db #0x3e	; 62
   006E 38                  121 	.db #0x38	; 56	'8'
   006F 38                  122 	.db #0x38	; 56	'8'
   0070 7C                  123 	.db #0x7c	; 124
   0071 7C                  124 	.db #0x7c	; 124
   0072 7E                  125 	.db #0x7e	; 126
   0073 42                  126 	.db #0x42	; 66	'B'
   0074 7F                  127 	.db #0x7f	; 127
   0075 79                  128 	.db #0x79	; 121	'y'
   0076 1B                  129 	.db #0x1b	; 27
   0077 17                  130 	.db #0x17	; 23
   0078 66                  131 	.db #0x66	; 102	'f'
   0079 7E                  132 	.db #0x7e	; 126
   007A 81                  133 	.db #0x81	; 129
   007B FF                  134 	.db #0xff	; 255
   007C F1                  135 	.db #0xf1	; 241
   007D FF                  136 	.db #0xff	; 255
   007E 0F                  137 	.db #0x0f	; 15
   007F 0F                  138 	.db #0x0f	; 15
   0080 FC                  139 	.db #0xfc	; 252
   0081 FC                  140 	.db #0xfc	; 252
   0082 FE                  141 	.db #0xfe	; 254
   0083 82                  142 	.db #0x82	; 130
   0084 7F                  143 	.db #0x7f	; 127
   0085 79                  144 	.db #0x79	; 121	'y'
   0086 3E                  145 	.db #0x3e	; 62
   0087 22                  146 	.db #0x22	; 34
   0088 F1                  147 	.db #0xf1	; 241
   0089 FF                  148 	.db #0xff	; 255
   008A 91                  149 	.db #0x91	; 145
   008B FF                  150 	.db #0xff	; 255
   008C 43                  151 	.db #0x43	; 67	'C'
   008D 7F                  152 	.db #0x7f	; 127
   008E 3E                  153 	.db #0x3e	; 62
   008F 3E                  154 	.db #0x3e	; 62
   0090 78                  155 	.db #0x78	; 120	'x'
   0091 78                  156 	.db #0x78	; 120	'x'
   0092 78                  157 	.db #0x78	; 120	'x'
   0093 48                  158 	.db #0x48	; 72	'H'
   0094 7E                  159 	.db #0x7e	; 126
   0095 4E                  160 	.db #0x4e	; 78	'N'
   0096 7E                  161 	.db #0x7e	; 126
   0097 5A                  162 	.db #0x5a	; 90	'Z'
   0098 93                  163 	.db #0x93	; 147
   0099 FF                  164 	.db #0xff	; 255
   009A 81                  165 	.db #0x81	; 129
   009B FF                  166 	.db #0xff	; 255
   009C E7                  167 	.db #0xe7	; 231
   009D FF                  168 	.db #0xff	; 255
   009E 3C                  169 	.db #0x3c	; 60
   009F 3C                  170 	.db #0x3c	; 60
   00A0 1E                  171 	.db #0x1e	; 30
   00A1 1E                  172 	.db #0x1e	; 30
   00A2 FE                  173 	.db #0xfe	; 254
   00A3 E2                  174 	.db #0xe2	; 226
   00A4 FE                  175 	.db #0xfe	; 254
   00A5 82                  176 	.db #0x82	; 130
   00A6 FC                  177 	.db #0xfc	; 252
   00A7 9C                  178 	.db #0x9c	; 156
   00A8 62                  179 	.db #0x62	; 98	'b'
   00A9 7E                  180 	.db #0x7e	; 126
   00AA B1                  181 	.db #0xb1	; 177
   00AB FF                  182 	.db #0xff	; 255
   00AC 43                  183 	.db #0x43	; 67	'C'
   00AD 7F                  184 	.db #0x7f	; 127
   00AE 3E                  185 	.db #0x3e	; 62
   00AF 3E                  186 	.db #0x3e	; 62
   00B0 18                  187 	.db #0x18	; 24
   00B1 18                  188 	.db #0x18	; 24
   00B2 38                  189 	.db #0x38	; 56	'8'
   00B3 28                  190 	.db #0x28	; 40
   00B4 7C                  191 	.db #0x7c	; 124
   00B5 44                  192 	.db #0x44	; 68	'D'
   00B6 FC                  193 	.db #0xfc	; 252
   00B7 8C                  194 	.db #0x8c	; 140
   00B8 92                  195 	.db #0x92	; 146
   00B9 FE                  196 	.db #0xfe	; 254
   00BA B9                  197 	.db #0xb9	; 185
   00BB FF                  198 	.db #0xff	; 255
   00BC 43                  199 	.db #0x43	; 67	'C'
   00BD 7F                  200 	.db #0x7f	; 127
   00BE 3E                  201 	.db #0x3e	; 62
   00BF 3E                  202 	.db #0x3e	; 62
   00C0 70                  203 	.db #0x70	; 112	'p'
   00C1 70                  204 	.db #0x70	; 112	'p'
   00C2 7F                  205 	.db #0x7f	; 127
   00C3 4F                  206 	.db #0x4f	; 79	'O'
   00C4 FF                  207 	.db #0xff	; 255
   00C5 81                  208 	.db #0x81	; 129
   00C6 FF                  209 	.db #0xff	; 255
   00C7 F9                  210 	.db #0xf9	; 249
   00C8 13                  211 	.db #0x13	; 19
   00C9 1F                  212 	.db #0x1f	; 31
   00CA 23                  213 	.db #0x23	; 35
   00CB 3F                  214 	.db #0x3f	; 63
   00CC 42                  215 	.db #0x42	; 66	'B'
   00CD 7E                  216 	.db #0x7e	; 126
   00CE 7E                  217 	.db #0x7e	; 126
   00CF 7E                  218 	.db #0x7e	; 126
   00D0 38                  219 	.db #0x38	; 56	'8'
   00D1 38                  220 	.db #0x38	; 56	'8'
   00D2 7C                  221 	.db #0x7c	; 124
   00D3 44                  222 	.db #0x44	; 68	'D'
   00D4 FE                  223 	.db #0xfe	; 254
   00D5 9A                  224 	.db #0x9a	; 154
   00D6 7E                  225 	.db #0x7e	; 126
   00D7 42                  226 	.db #0x42	; 66	'B'
   00D8 91                  227 	.db #0x91	; 145
   00D9 FF                  228 	.db #0xff	; 255
   00DA B1                  229 	.db #0xb1	; 177
   00DB FF                  230 	.db #0xff	; 255
   00DC 43                  231 	.db #0x43	; 67	'C'
   00DD 7F                  232 	.db #0x7f	; 127
   00DE 3E                  233 	.db #0x3e	; 62
   00DF 3E                  234 	.db #0x3e	; 62
   00E0 3C                  235 	.db #0x3c	; 60
   00E1 3C                  236 	.db #0x3c	; 60
   00E2 7E                  237 	.db #0x7e	; 126
   00E3 42                  238 	.db #0x42	; 66	'B'
   00E4 FF                  239 	.db #0xff	; 255
   00E5 B1                  240 	.db #0xb1	; 177
   00E6 7F                  241 	.db #0x7f	; 127
   00E7 59                  242 	.db #0x59	; 89	'Y'
   00E8 23                  243 	.db #0x23	; 35
   00E9 3F                  244 	.db #0x3f	; 63
   00EA 12                  245 	.db #0x12	; 18
   00EB 1E                  246 	.db #0x1e	; 30
   00EC 26                  247 	.db #0x26	; 38
   00ED 3E                  248 	.db #0x3e	; 62
   00EE 3C                  249 	.db #0x3c	; 60
   00EF 3C                  250 	.db #0x3c	; 60
   00F0 00                  251 	.db #0x00	; 0
   00F1 00                  252 	.db #0x00	; 0
   00F2 00                  253 	.db #0x00	; 0
   00F3 00                  254 	.db #0x00	; 0
   00F4 00                  255 	.db #0x00	; 0
   00F5 00                  256 	.db #0x00	; 0
   00F6 3C                  257 	.db #0x3c	; 60
   00F7 3C                  258 	.db #0x3c	; 60
   00F8 42                  259 	.db #0x42	; 66	'B'
   00F9 7E                  260 	.db #0x7e	; 126
   00FA 3C                  261 	.db #0x3c	; 60
   00FB 3C                  262 	.db #0x3c	; 60
   00FC 00                  263 	.db #0x00	; 0
   00FD 00                  264 	.db #0x00	; 0
   00FE 00                  265 	.db #0x00	; 0
   00FF 00                  266 	.db #0x00	; 0
   0100 70                  267 	.db #0x70	; 112	'p'
   0101 70                  268 	.db #0x70	; 112	'p'
   0102 78                  269 	.db #0x78	; 120	'x'
   0103 48                  270 	.db #0x48	; 72	'H'
   0104 7C                  271 	.db #0x7c	; 124
   0105 54                  272 	.db #0x54	; 84	'T'
   0106 7E                  273 	.db #0x7e	; 126
   0107 5A                  274 	.db #0x5a	; 90	'Z'
   0108 81                  275 	.db #0x81	; 129
   0109 FF                  276 	.db #0xff	; 255
   010A 99                  277 	.db #0x99	; 153
   010B FF                  278 	.db #0xff	; 255
   010C 95                  279 	.db #0x95	; 149
   010D F7                  280 	.db #0xf7	; 247
   010E F3                  281 	.db #0xf3	; 243
   010F F3                  282 	.db #0xf3	; 243
   0110 FC                  283 	.db #0xfc	; 252
   0111 FC                  284 	.db #0xfc	; 252
   0112 FE                  285 	.db #0xfe	; 254
   0113 82                  286 	.db #0x82	; 130
   0114 7F                  287 	.db #0x7f	; 127
   0115 49                  288 	.db #0x49	; 73	'I'
   0116 7F                  289 	.db #0x7f	; 127
   0117 43                  290 	.db #0x43	; 67	'C'
   0118 49                  291 	.db #0x49	; 73	'I'
   0119 7F                  292 	.db #0x7f	; 127
   011A 4D                  293 	.db #0x4d	; 77	'M'
   011B 7F                  294 	.db #0x7f	; 127
   011C 83                  295 	.db #0x83	; 131
   011D FF                  296 	.db #0xff	; 255
   011E 7E                  297 	.db #0x7e	; 126
   011F 7E                  298 	.db #0x7e	; 126
   0120 1C                  299 	.db #0x1c	; 28
   0121 1C                  300 	.db #0x1c	; 28
   0122 3E                  301 	.db #0x3e	; 62
   0123 22                  302 	.db #0x22	; 34
   0124 7F                  303 	.db #0x7f	; 127
   0125 51                  304 	.db #0x51	; 81	'Q'
   0126 FF                  305 	.db #0xff	; 255
   0127 9B                  306 	.db #0x9b	; 155
   0128 96                  307 	.db #0x96	; 150
   0129 F6                  308 	.db #0xf6	; 246
   012A 99                  309 	.db #0x99	; 153
   012B FF                  310 	.db #0xff	; 255
   012C 43                  311 	.db #0x43	; 67	'C'
   012D 7F                  312 	.db #0x7f	; 127
   012E 3E                  313 	.db #0x3e	; 62
   012F 3E                  314 	.db #0x3e	; 62
   0130 F8                  315 	.db #0xf8	; 248
   0131 F8                  316 	.db #0xf8	; 248
   0132 FC                  317 	.db #0xfc	; 252
   0133 84                  318 	.db #0x84	; 132
   0134 FE                  319 	.db #0xfe	; 254
   0135 82                  320 	.db #0x82	; 130
   0136 7F                  321 	.db #0x7f	; 127
   0137 49                  322 	.db #0x49	; 73	'I'
   0138 4D                  323 	.db #0x4d	; 77	'M'
   0139 7F                  324 	.db #0x7f	; 127
   013A CD                  325 	.db #0xcd	; 205
   013B FF                  326 	.db #0xff	; 255
   013C 83                  327 	.db #0x83	; 131
   013D FF                  328 	.db #0xff	; 255
   013E FE                  329 	.db #0xfe	; 254
   013F FE                  330 	.db #0xfe	; 254
   0140 FF                  331 	.db #0xff	; 255
   0141 FF                  332 	.db #0xff	; 255
   0142 FF                  333 	.db #0xff	; 255
   0143 81                  334 	.db #0x81	; 129
   0144 FE                  335 	.db #0xfe	; 254
   0145 CE                  336 	.db #0xce	; 206
   0146 7E                  337 	.db #0x7e	; 126
   0147 42                  338 	.db #0x42	; 66	'B'
   0148 44                  339 	.db #0x44	; 68	'D'
   0149 7C                  340 	.db #0x7c	; 124
   014A 4E                  341 	.db #0x4e	; 78	'N'
   014B 7E                  342 	.db #0x7e	; 126
   014C 81                  343 	.db #0x81	; 129
   014D FF                  344 	.db #0xff	; 255
   014E FF                  345 	.db #0xff	; 255
   014F FF                  346 	.db #0xff	; 255
   0150 1E                  347 	.db #0x1e	; 30
   0151 1E                  348 	.db #0x1e	; 30
   0152 FE                  349 	.db #0xfe	; 254
   0153 E2                  350 	.db #0xe2	; 226
   0154 FF                  351 	.db #0xff	; 255
   0155 81                  352 	.db #0x81	; 129
   0156 DF                  353 	.db #0xdf	; 223
   0157 FF                  354 	.db #0xff	; 255
   0158 44                  355 	.db #0x44	; 68	'D'
   0159 7C                  356 	.db #0x7c	; 124
   015A 9C                  357 	.db #0x9c	; 156
   015B FC                  358 	.db #0xfc	; 252
   015C 98                  359 	.db #0x98	; 152
   015D F8                  360 	.db #0xf8	; 248
   015E F8                  361 	.db #0xf8	; 248
   015F F8                  362 	.db #0xf8	; 248
   0160 0C                  363 	.db #0x0c	; 12
   0161 0C                  364 	.db #0x0c	; 12
   0162 3E                  365 	.db #0x3e	; 62
   0163 32                  366 	.db #0x32	; 50	'2'
   0164 7F                  367 	.db #0x7f	; 127
   0165 41                  368 	.db #0x41	; 65	'A'
   0166 9F                  369 	.db #0x9f	; 159
   0167 FF                  370 	.db #0xff	; 255
   0168 BA                  371 	.db #0xba	; 186
   0169 FE                  372 	.db #0xfe	; 254
   016A 91                  373 	.db #0x91	; 145
   016B FF                  374 	.db #0xff	; 255
   016C 41                  375 	.db #0x41	; 65	'A'
   016D 7F                  376 	.db #0x7f	; 127
   016E 3F                  377 	.db #0x3f	; 63
   016F 3F                  378 	.db #0x3f	; 63
   0170 77                  379 	.db #0x77	; 119	'w'
   0171 77                  380 	.db #0x77	; 119	'w'
   0172 7F                  381 	.db #0x7f	; 127
   0173 59                  382 	.db #0x59	; 89	'Y'
   0174 7F                  383 	.db #0x7f	; 127
   0175 59                  384 	.db #0x59	; 89	'Y'
   0176 41                  385 	.db #0x41	; 65	'A'
   0177 7F                  386 	.db #0x7f	; 127
   0178 99                  387 	.db #0x99	; 153
   0179 FF                  388 	.db #0xff	; 255
   017A 95                  389 	.db #0x95	; 149
   017B F7                  390 	.db #0xf7	; 247
   017C D5                  391 	.db #0xd5	; 213
   017D F7                  392 	.db #0xf7	; 247
   017E 33                  393 	.db #0x33	; 51	'3'
   017F 33                  394 	.db #0x33	; 51	'3'
   0180 7E                  395 	.db #0x7e	; 126
   0181 7E                  396 	.db #0x7e	; 126
   0182 7E                  397 	.db #0x7e	; 126
   0183 42                  398 	.db #0x42	; 66	'B'
   0184 7E                  399 	.db #0x7e	; 126
   0185 66                  400 	.db #0x66	; 102	'f'
   0186 24                  401 	.db #0x24	; 36
   0187 3C                  402 	.db #0x3c	; 60
   0188 24                  403 	.db #0x24	; 36
   0189 3C                  404 	.db #0x3c	; 60
   018A 62                  405 	.db #0x62	; 98	'b'
   018B 7E                  406 	.db #0x7e	; 126
   018C 43                  407 	.db #0x43	; 67	'C'
   018D 7F                  408 	.db #0x7f	; 127
   018E 7F                  409 	.db #0x7f	; 127
   018F 7F                  410 	.db #0x7f	; 127
   0190 F0                  411 	.db #0xf0	; 240
   0191 F0                  412 	.db #0xf0	; 240
   0192 FF                  413 	.db #0xff	; 255
   0193 8F                  414 	.db #0x8f	; 143
   0194 FF                  415 	.db #0xff	; 255
   0195 F1                  416 	.db #0xf1	; 241
   0196 32                  417 	.db #0x32	; 50	'2'
   0197 3E                  418 	.db #0x3e	; 62
   0198 52                  419 	.db #0x52	; 82	'R'
   0199 7E                  420 	.db #0x7e	; 126
   019A 82                  421 	.db #0x82	; 130
   019B FE                  422 	.db #0xfe	; 254
   019C 46                  423 	.db #0x46	; 70	'F'
   019D 7E                  424 	.db #0x7e	; 126
   019E 3C                  425 	.db #0x3c	; 60
   019F 3C                  426 	.db #0x3c	; 60
   01A0 34                  427 	.db #0x34	; 52	'4'
   01A1 34                  428 	.db #0x34	; 52	'4'
   01A2 7E                  429 	.db #0x7e	; 126
   01A3 5A                  430 	.db #0x5a	; 90	'Z'
   01A4 7F                  431 	.db #0x7f	; 127
   01A5 51                  432 	.db #0x51	; 81	'Q'
   01A6 47                  433 	.db #0x47	; 71	'G'
   01A7 7F                  434 	.db #0x7f	; 127
   01A8 42                  435 	.db #0x42	; 66	'B'
   01A9 7E                  436 	.db #0x7e	; 126
   01AA 91                  437 	.db #0x91	; 145
   01AB FF                  438 	.db #0xff	; 255
   01AC 9B                  439 	.db #0x9b	; 155
   01AD FF                  440 	.db #0xff	; 255
   01AE F6                  441 	.db #0xf6	; 246
   01AF F6                  442 	.db #0xf6	; 246
   01B0 F8                  443 	.db #0xf8	; 248
   01B1 F8                  444 	.db #0xf8	; 248
   01B2 F8                  445 	.db #0xf8	; 248
   01B3 88                  446 	.db #0x88	; 136
   01B4 F8                  447 	.db #0xf8	; 248
   01B5 88                  448 	.db #0x88	; 136
   01B6 98                  449 	.db #0x98	; 152
   01B7 F8                  450 	.db #0xf8	; 248
   01B8 9F                  451 	.db #0x9f	; 159
   01B9 FF                  452 	.db #0xff	; 255
   01BA 91                  453 	.db #0x91	; 145
   01BB FF                  454 	.db #0xff	; 255
   01BC 87                  455 	.db #0x87	; 135
   01BD FF                  456 	.db #0xff	; 255
   01BE FC                  457 	.db #0xfc	; 252
   01BF FC                  458 	.db #0xfc	; 252
   01C0 62                  459 	.db #0x62	; 98	'b'
   01C1 62                  460 	.db #0x62	; 98	'b'
   01C2 77                  461 	.db #0x77	; 119	'w'
   01C3 55                  462 	.db #0x55	; 85	'U'
   01C4 7F                  463 	.db #0x7f	; 127
   01C5 49                  464 	.db #0x49	; 73	'I'
   01C6 41                  465 	.db #0x41	; 65	'A'
   01C7 7F                  466 	.db #0x7f	; 127
   01C8 95                  467 	.db #0x95	; 149
   01C9 FF                  468 	.db #0xff	; 255
   01CA 9D                  469 	.db #0x9d	; 157
   01CB FF                  470 	.db #0xff	; 255
   01CC 95                  471 	.db #0x95	; 149
   01CD F7                  472 	.db #0xf7	; 247
   01CE F7                  473 	.db #0xf7	; 247
   01CF F7                  474 	.db #0xf7	; 247
   01D0 CF                  475 	.db #0xcf	; 207
   01D1 CF                  476 	.db #0xcf	; 207
   01D2 EF                  477 	.db #0xef	; 239
   01D3 A9                  478 	.db #0xa9	; 169
   01D4 FF                  479 	.db #0xff	; 255
   01D5 99                  480 	.db #0x99	; 153
   01D6 89                  481 	.db #0x89	; 137
   01D7 FF                  482 	.db #0xff	; 255
   01D8 83                  483 	.db #0x83	; 131
   01D9 FF                  484 	.db #0xff	; 255
   01DA 92                  485 	.db #0x92	; 146
   01DB FE                  486 	.db #0xfe	; 254
   01DC DA                  487 	.db #0xda	; 218
   01DD FE                  488 	.db #0xfe	; 254
   01DE 36                  489 	.db #0x36	; 54	'6'
   01DF 36                  490 	.db #0x36	; 54	'6'
   01E0 1C                  491 	.db #0x1c	; 28
   01E1 1C                  492 	.db #0x1c	; 28
   01E2 3E                  493 	.db #0x3e	; 62
   01E3 22                  494 	.db #0x22	; 34
   01E4 7F                  495 	.db #0x7f	; 127
   01E5 51                  496 	.db #0x51	; 81	'Q'
   01E6 A9                  497 	.db #0xa9	; 169
   01E7 EF                  498 	.db #0xef	; 239
   01E8 A9                  499 	.db #0xa9	; 169
   01E9 EF                  500 	.db #0xef	; 239
   01EA 9B                  501 	.db #0x9b	; 155
   01EB FF                  502 	.db #0xff	; 255
   01EC 46                  503 	.db #0x46	; 70	'F'
   01ED 7E                  504 	.db #0x7e	; 126
   01EE 3C                  505 	.db #0x3c	; 60
   01EF 3C                  506 	.db #0x3c	; 60
   01F0 7C                  507 	.db #0x7c	; 124
   01F1 7C                  508 	.db #0x7c	; 124
   01F2 7E                  509 	.db #0x7e	; 126
   01F3 42                  510 	.db #0x42	; 66	'B'
   01F4 FF                  511 	.db #0xff	; 255
   01F5 99                  512 	.db #0x99	; 153
   01F6 DF                  513 	.db #0xdf	; 223
   01F7 FD                  514 	.db #0xfd	; 253
   01F8 43                  515 	.db #0x43	; 67	'C'
   01F9 7F                  516 	.db #0x7f	; 127
   01FA 9E                  517 	.db #0x9e	; 158
   01FB FE                  518 	.db #0xfe	; 254
   01FC 90                  519 	.db #0x90	; 144
   01FD F0                  520 	.db #0xf0	; 240
   01FE F0                  521 	.db #0xf0	; 240
   01FF F0                  522 	.db #0xf0	; 240
   0200 3C                  523 	.db #0x3c	; 60
   0201 3C                  524 	.db #0x3c	; 60
   0202 7E                  525 	.db #0x7e	; 126
   0203 42                  526 	.db #0x42	; 66	'B'
   0204 FF                  527 	.db #0xff	; 255
   0205 B9                  528 	.db #0xb9	; 185
   0206 EF                  529 	.db #0xef	; 239
   0207 AD                  530 	.db #0xad	; 173
   0208 95                  531 	.db #0x95	; 149
   0209 FF                  532 	.db #0xff	; 255
   020A 43                  533 	.db #0x43	; 67	'C'
   020B 7F                  534 	.db #0x7f	; 127
   020C 31                  535 	.db #0x31	; 49	'1'
   020D 3F                  536 	.db #0x3f	; 63
   020E 0E                  537 	.db #0x0e	; 14
   020F 0E                  538 	.db #0x0e	; 14
   0210 F8                  539 	.db #0xf8	; 248
   0211 F8                  540 	.db #0xf8	; 248
   0212 FC                  541 	.db #0xfc	; 252
   0213 84                  542 	.db #0x84	; 132
   0214 FE                  543 	.db #0xfe	; 254
   0215 B2                  544 	.db #0xb2	; 178
   0216 FE                  545 	.db #0xfe	; 254
   0217 BA                  546 	.db #0xba	; 186
   0218 87                  547 	.db #0x87	; 135
   0219 FF                  548 	.db #0xff	; 255
   021A 91                  549 	.db #0x91	; 145
   021B FF                  550 	.db #0xff	; 255
   021C 99                  551 	.db #0x99	; 153
   021D FF                  552 	.db #0xff	; 255
   021E F6                  553 	.db #0xf6	; 246
   021F F6                  554 	.db #0xf6	; 246
   0220 0C                  555 	.db #0x0c	; 12
   0221 0C                  556 	.db #0x0c	; 12
   0222 3E                  557 	.db #0x3e	; 62
   0223 32                  558 	.db #0x32	; 50	'2'
   0224 7F                  559 	.db #0x7f	; 127
   0225 41                  560 	.db #0x41	; 65	'A'
   0226 FE                  561 	.db #0xfe	; 254
   0227 8E                  562 	.db #0x8e	; 142
   0228 62                  563 	.db #0x62	; 98	'b'
   0229 7E                  564 	.db #0x7e	; 126
   022A 71                  565 	.db #0x71	; 113	'q'
   022B 7F                  566 	.db #0x7f	; 127
   022C 83                  567 	.db #0x83	; 131
   022D FF                  568 	.db #0xff	; 255
   022E FE                  569 	.db #0xfe	; 254
   022F FE                  570 	.db #0xfe	; 254
   0230 0E                  571 	.db #0x0e	; 14
   0231 0E                  572 	.db #0x0e	; 14
   0232 7F                  573 	.db #0x7f	; 127
   0233 71                  574 	.db #0x71	; 113	'q'
   0234 FF                  575 	.db #0xff	; 255
   0235 81                  576 	.db #0x81	; 129
   0236 FF                  577 	.db #0xff	; 255
   0237 E7                  578 	.db #0xe7	; 231
   0238 24                  579 	.db #0x24	; 36
   0239 3C                  580 	.db #0x3c	; 60
   023A 44                  581 	.db #0x44	; 68	'D'
   023B 7C                  582 	.db #0x7c	; 124
   023C 44                  583 	.db #0x44	; 68	'D'
   023D 7C                  584 	.db #0x7c	; 124
   023E 7C                  585 	.db #0x7c	; 124
   023F 7C                  586 	.db #0x7c	; 124
   0240 03                  587 	.db #0x03	; 3
   0241 03                  588 	.db #0x03	; 3
   0242 CF                  589 	.db #0xcf	; 207
   0243 CD                  590 	.db #0xcd	; 205
   0244 EF                  591 	.db #0xef	; 239
   0245 A9                  592 	.db #0xa9	; 169
   0246 FF                  593 	.db #0xff	; 255
   0247 99                  594 	.db #0x99	; 153
   0248 99                  595 	.db #0x99	; 153
   0249 FF                  596 	.db #0xff	; 255
   024A 89                  597 	.db #0x89	; 137
   024B FF                  598 	.db #0xff	; 255
   024C 43                  599 	.db #0x43	; 67	'C'
   024D 7F                  600 	.db #0x7f	; 127
   024E 3E                  601 	.db #0x3e	; 62
   024F 3E                  602 	.db #0x3e	; 62
   0250 37                  603 	.db #0x37	; 55	'7'
   0251 37                  604 	.db #0x37	; 55	'7'
   0252 FF                  605 	.db #0xff	; 255
   0253 D9                  606 	.db #0xd9	; 217
   0254 99                  607 	.db #0x99	; 153
   0255 FF                  608 	.db #0xff	; 255
   0256 D3                  609 	.db #0xd3	; 211
   0257 FF                  610 	.db #0xff	; 255
   0258 52                  611 	.db #0x52	; 82	'R'
   0259 7E                  612 	.db #0x7e	; 126
   025A 26                  613 	.db #0x26	; 38
   025B 3E                  614 	.db #0x3e	; 62
   025C 24                  615 	.db #0x24	; 36
   025D 3C                  616 	.db #0x3c	; 60
   025E 1C                  617 	.db #0x1c	; 28
   025F 1C                  618 	.db #0x1c	; 28
   0260 E7                  619 	.db #0xe7	; 231
   0261 E7                  620 	.db #0xe7	; 231
   0262 F7                  621 	.db #0xf7	; 247
   0263 95                  622 	.db #0x95	; 149
   0264 9F                  623 	.db #0x9f	; 159
   0265 F9                  624 	.db #0xf9	; 249
   0266 99                  625 	.db #0x99	; 153
   0267 FF                  626 	.db #0xff	; 255
   0268 8B                  627 	.db #0x8b	; 139
   0269 FF                  628 	.db #0xff	; 255
   026A 92                  629 	.db #0x92	; 146
   026B FE                  630 	.db #0xfe	; 254
   026C BA                  631 	.db #0xba	; 186
   026D FE                  632 	.db #0xfe	; 254
   026E E6                  633 	.db #0xe6	; 230
   026F E6                  634 	.db #0xe6	; 230
   0270 22                  635 	.db #0x22	; 34
   0271 22                  636 	.db #0x22	; 34
   0272 77                  637 	.db #0x77	; 119	'w'
   0273 55                  638 	.db #0x55	; 85	'U'
   0274 FF                  639 	.db #0xff	; 255
   0275 8B                  640 	.db #0x8b	; 139
   0276 42                  641 	.db #0x42	; 66	'B'
   0277 7E                  642 	.db #0x7e	; 126
   0278 21                  643 	.db #0x21	; 33
   0279 3F                  644 	.db #0x3f	; 63
   027A 49                  645 	.db #0x49	; 73	'I'
   027B 7F                  646 	.db #0x7f	; 127
   027C 57                  647 	.db #0x57	; 87	'W'
   027D 77                  648 	.db #0x77	; 119	'w'
   027E 26                  649 	.db #0x26	; 38
   027F 26                  650 	.db #0x26	; 38
   0280 23                  651 	.db #0x23	; 35
   0281 23                  652 	.db #0x23	; 35
   0282 77                  653 	.db #0x77	; 119	'w'
   0283 55                  654 	.db #0x55	; 85	'U'
   0284 FF                  655 	.db #0xff	; 255
   0285 8D                  656 	.db #0x8d	; 141
   0286 49                  657 	.db #0x49	; 73	'I'
   0287 7F                  658 	.db #0x7f	; 127
   0288 23                  659 	.db #0x23	; 35
   0289 3F                  660 	.db #0x3f	; 63
   028A 12                  661 	.db #0x12	; 18
   028B 1E                  662 	.db #0x1e	; 30
   028C 22                  663 	.db #0x22	; 34
   028D 3E                  664 	.db #0x3e	; 62
   028E 7E                  665 	.db #0x7e	; 126
   028F 7E                  666 	.db #0x7e	; 126
   0290 70                  667 	.db #0x70	; 112	'p'
   0291 70                  668 	.db #0x70	; 112	'p'
   0292 FF                  669 	.db #0xff	; 255
   0293 8F                  670 	.db #0x8f	; 143
   0294 FF                  671 	.db #0xff	; 255
   0295 81                  672 	.db #0x81	; 129
   0296 F6                  673 	.db #0xf6	; 246
   0297 FE                  674 	.db #0xfe	; 254
   0298 2F                  675 	.db #0x2f	; 47
   0299 3F                  676 	.db #0x3f	; 63
   029A 41                  677 	.db #0x41	; 65	'A'
   029B 7F                  678 	.db #0x7f	; 127
   029C 81                  679 	.db #0x81	; 129
   029D FF                  680 	.db #0xff	; 255
   029E FF                  681 	.db #0xff	; 255
   029F FF                  682 	.db #0xff	; 255
   02A0 3E                  683 	.db #0x3e	; 62
   02A1 3E                  684 	.db #0x3e	; 62
   02A2 3E                  685 	.db #0x3e	; 62
   02A3 22                  686 	.db #0x22	; 34
   02A4 3E                  687 	.db #0x3e	; 62
   02A5 26                  688 	.db #0x26	; 38
   02A6 24                  689 	.db #0x24	; 36
   02A7 3C                  690 	.db #0x3c	; 60
   02A8 2C                  691 	.db #0x2c	; 44
   02A9 3C                  692 	.db #0x3c	; 60
   02AA 78                  693 	.db #0x78	; 120	'x'
   02AB 78                  694 	.db #0x78	; 120	'x'
   02AC 48                  695 	.db #0x48	; 72	'H'
   02AD 78                  696 	.db #0x78	; 120	'x'
   02AE 70                  697 	.db #0x70	; 112	'p'
   02AF 70                  698 	.db #0x70	; 112	'p'
   02B0 00                  699 	.db #0x00	; 0
   02B1 00                  700 	.db #0x00	; 0
   02B2 00                  701 	.db #0x00	; 0
   02B3 00                  702 	.db #0x00	; 0
   02B4 00                  703 	.db #0x00	; 0
   02B5 00                  704 	.db #0x00	; 0
   02B6 30                  705 	.db #0x30	; 48	'0'
   02B7 30                  706 	.db #0x30	; 48	'0'
   02B8 78                  707 	.db #0x78	; 120	'x'
   02B9 48                  708 	.db #0x48	; 72	'H'
   02BA 58                  709 	.db #0x58	; 88	'X'
   02BB 68                  710 	.db #0x68	; 104	'h'
   02BC 70                  711 	.db #0x70	; 112	'p'
   02BD 50                  712 	.db #0x50	; 80	'P'
   02BE 60                  713 	.db #0x60	; 96
   02BF 60                  714 	.db #0x60	; 96
   02C0 00                  715 	.db #0x00	; 0
   02C1 00                  716 	.db #0x00	; 0
   02C2 00                  717 	.db #0x00	; 0
   02C3 00                  718 	.db #0x00	; 0
   02C4 00                  719 	.db #0x00	; 0
   02C5 00                  720 	.db #0x00	; 0
   02C6 00                  721 	.db #0x00	; 0
   02C7 00                  722 	.db #0x00	; 0
   02C8 00                  723 	.db #0x00	; 0
   02C9 00                  724 	.db #0x00	; 0
   02CA 38                  725 	.db #0x38	; 56	'8'
   02CB 38                  726 	.db #0x38	; 56	'8'
   02CC 28                  727 	.db #0x28	; 40
   02CD 38                  728 	.db #0x38	; 56	'8'
   02CE 38                  729 	.db #0x38	; 56	'8'
   02CF 38                  730 	.db #0x38	; 56	'8'
   02D0 78                  731 	.db #0x78	; 120	'x'
   02D1 78                  732 	.db #0x78	; 120	'x'
   02D2 FC                  733 	.db #0xfc	; 252
   02D3 84                  734 	.db #0x84	; 132
   02D4 FC                  735 	.db #0xfc	; 252
   02D5 B4                  736 	.db #0xb4	; 180
   02D6 7E                  737 	.db #0x7e	; 126
   02D7 4A                  738 	.db #0x4a	; 74	'J'
   02D8 8C                  739 	.db #0x8c	; 140
   02D9 CC                  740 	.db #0xcc	; 204
   02DA B2                  741 	.db #0xb2	; 178
   02DB FE                  742 	.db #0xfe	; 254
   02DC 82                  743 	.db #0x82	; 130
   02DD FE                  744 	.db #0xfe	; 254
   02DE 7C                  745 	.db #0x7c	; 124
   02DF 7C                  746 	.db #0x7c	; 124
   02E0 00                  747 	.db #0x00	; 0
   02E1 C0                  748 	.db #0xc0	; 192
   02E2 00                  749 	.db #0x00	; 0
   02E3 C0                  750 	.db #0xc0	; 192
   02E4 00                  751 	.db #0x00	; 0
   02E5 C0                  752 	.db #0xc0	; 192
   02E6 00                  753 	.db #0x00	; 0
   02E7 C0                  754 	.db #0xc0	; 192
   02E8 00                  755 	.db #0x00	; 0
   02E9 C0                  756 	.db #0xc0	; 192
   02EA 00                  757 	.db #0x00	; 0
   02EB C0                  758 	.db #0xc0	; 192
   02EC 00                  759 	.db #0x00	; 0
   02ED C0                  760 	.db #0xc0	; 192
   02EE 00                  761 	.db #0x00	; 0
   02EF C0                  762 	.db #0xc0	; 192
   02F0 00                  763 	.db #0x00	; 0
   02F1 F0                  764 	.db #0xf0	; 240
   02F2 00                  765 	.db #0x00	; 0
   02F3 F0                  766 	.db #0xf0	; 240
   02F4 00                  767 	.db #0x00	; 0
   02F5 F0                  768 	.db #0xf0	; 240
   02F6 00                  769 	.db #0x00	; 0
   02F7 F0                  770 	.db #0xf0	; 240
   02F8 00                  771 	.db #0x00	; 0
   02F9 F0                  772 	.db #0xf0	; 240
   02FA 00                  773 	.db #0x00	; 0
   02FB F0                  774 	.db #0xf0	; 240
   02FC 00                  775 	.db #0x00	; 0
   02FD F0                  776 	.db #0xf0	; 240
   02FE 00                  777 	.db #0x00	; 0
   02FF F0                  778 	.db #0xf0	; 240
   0300 00                  779 	.db #0x00	; 0
   0301 FC                  780 	.db #0xfc	; 252
   0302 00                  781 	.db #0x00	; 0
   0303 FC                  782 	.db #0xfc	; 252
   0304 00                  783 	.db #0x00	; 0
   0305 FC                  784 	.db #0xfc	; 252
   0306 00                  785 	.db #0x00	; 0
   0307 FC                  786 	.db #0xfc	; 252
   0308 00                  787 	.db #0x00	; 0
   0309 FC                  788 	.db #0xfc	; 252
   030A 00                  789 	.db #0x00	; 0
   030B FC                  790 	.db #0xfc	; 252
   030C 00                  791 	.db #0x00	; 0
   030D FC                  792 	.db #0xfc	; 252
   030E 00                  793 	.db #0x00	; 0
   030F FC                  794 	.db #0xfc	; 252
   0310 00                  795 	.db #0x00	; 0
   0311 FF                  796 	.db #0xff	; 255
   0312 00                  797 	.db #0x00	; 0
   0313 FF                  798 	.db #0xff	; 255
   0314 00                  799 	.db #0x00	; 0
   0315 FF                  800 	.db #0xff	; 255
   0316 00                  801 	.db #0x00	; 0
   0317 FF                  802 	.db #0xff	; 255
   0318 00                  803 	.db #0x00	; 0
   0319 FF                  804 	.db #0xff	; 255
   031A 00                  805 	.db #0x00	; 0
   031B FF                  806 	.db #0xff	; 255
   031C 00                  807 	.db #0x00	; 0
   031D FF                  808 	.db #0xff	; 255
   031E 00                  809 	.db #0x00	; 0
   031F FF                  810 	.db #0xff	; 255
   0320 00                  811 	.db #0x00	; 0
   0321 FF                  812 	.db #0xff	; 255
   0322 00                  813 	.db #0x00	; 0
   0323 FF                  814 	.db #0xff	; 255
   0324 00                  815 	.db #0x00	; 0
   0325 FF                  816 	.db #0xff	; 255
   0326 00                  817 	.db #0x00	; 0
   0327 FF                  818 	.db #0xff	; 255
   0328 00                  819 	.db #0x00	; 0
   0329 FF                  820 	.db #0xff	; 255
   032A 00                  821 	.db #0x00	; 0
   032B FF                  822 	.db #0xff	; 255
   032C 00                  823 	.db #0x00	; 0
   032D FF                  824 	.db #0xff	; 255
   032E 00                  825 	.db #0x00	; 0
   032F FF                  826 	.db #0xff	; 255
   0330 3C                  827 	.db #0x3c	; 60
   0331 3C                  828 	.db #0x3c	; 60
   0332 7E                  829 	.db #0x7e	; 126
   0333 42                  830 	.db #0x42	; 66	'B'
   0334 FF                  831 	.db #0xff	; 255
   0335 99                  832 	.db #0x99	; 153
   0336 69                  833 	.db #0x69	; 105	'i'
   0337 6F                  834 	.db #0x6f	; 111	'o'
   0338 13                  835 	.db #0x13	; 19
   0339 1F                  836 	.db #0x1f	; 31
   033A 1E                  837 	.db #0x1e	; 30
   033B 1E                  838 	.db #0x1e	; 30
   033C 24                  839 	.db #0x24	; 36
   033D 3C                  840 	.db #0x3c	; 60
   033E 1C                  841 	.db #0x1c	; 28
   033F 1C                  842 	.db #0x1c	; 28
                            843 	.area _CABS (ABS)
