                              1 ;--------------------------------------------------------
                              2 ; File Created by SDCC : free open source ANSI-C Compiler
                              3 ; Version 4.0.0 #11528 (MINGW32)
                              4 ;--------------------------------------------------------
                              5 	.module C__Users_Mills_AppData_Local_Temp_lcc11321
                              6 	.optsdcc -mgbz80
                              7 	
                              8 ;--------------------------------------------------------
                              9 ; Public variables in this module
                             10 ;--------------------------------------------------------
                             11 	.globl _Persp3DClouds
                             12 	.globl _Persp3DCloudsCGB
                             13 	.globl _Persp3DCloudsPAL
                             14 ;--------------------------------------------------------
                             15 ; special function registers
                             16 ;--------------------------------------------------------
                             17 ;--------------------------------------------------------
                             18 ; ram data
                             19 ;--------------------------------------------------------
                             20 	.area _DATA
                             21 ;--------------------------------------------------------
                             22 ; absolute external ram data
                             23 ;--------------------------------------------------------
                             24 	.area _DABS (ABS)
                             25 ;--------------------------------------------------------
                             26 ; global & static initialisations
                             27 ;--------------------------------------------------------
                             28 	.area _HOME
                             29 	.area _GSINIT
                             30 	.area _GSFINAL
                             31 	.area _GSINIT
                             32 ;--------------------------------------------------------
                             33 ; Home
                             34 ;--------------------------------------------------------
                             35 	.area _HOME
                             36 	.area _HOME
                             37 ;--------------------------------------------------------
                             38 ; code
                             39 ;--------------------------------------------------------
                             40 	.area _CODE_5
                             41 	.area _CODE_5
   0000                      42 _Persp3DCloudsPAL:
   0000 0B 7E                43 	.dw #0x7e0b
   0002 FF 7F                44 	.dw #0x7fff
   0004 10 52                45 	.dw #0x5210
   0006 00 00                46 	.dw #0x0000
   0008 D1 3B                47 	.dw #0x3bd1
   000A E6 03                48 	.dw #0x03e6
   000C 60 0E                49 	.dw #0x0e60
   000E A1 04                50 	.dw #0x04a1
   0010 F9 1D                51 	.dw #0x1df9
   0012 ED 1C                52 	.dw #0x1ced
   0014 60 0E                53 	.dw #0x0e60
   0016 00 00                54 	.dw #0x0000
   0018 0B 7E                55 	.dw #0x7e0b
   001A D0 47                56 	.dw #0x47d0
   001C E0 06                57 	.dw #0x06e0
   001E 00 00                58 	.dw #0x0000
   0020 F3 43                59 	.dw #0x43f3
   0022 E6 03                60 	.dw #0x03e6
   0024 C0 21                61 	.dw #0x21c0
   0026 A1 04                62 	.dw #0x04a1
   0028 FF 7F                63 	.dw #0x7fff
   002A 0B 7E                64 	.dw #0x7e0b
   002C BE 4E                65 	.dw #0x4ebe
   002E 1F 00                66 	.dw #0x001f
   0030 FF 7F                67 	.dw #0x7fff
   0032 B5 56                68 	.dw #0x56b5
   0034 6B 2D                69 	.dw #0x2d6b
   0036 00 00                70 	.dw #0x0000
   0038 63 14                71 	.dw #0x1463
   003A 08 29                72 	.dw #0x2908
   003C CE 41                73 	.dw #0x41ce
   003E 21 14                74 	.dw #0x1421
   0040                      75 _Persp3DCloudsCGB:
   0040 00                   76 	.db #0x00	; 0
   0041 00                   77 	.db #0x00	; 0
   0042 00                   78 	.db #0x00	; 0
   0043 00                   79 	.db #0x00	; 0
   0044 00                   80 	.db #0x00	; 0
   0045 00                   81 	.db #0x00	; 0
   0046 00                   82 	.db #0x00	; 0
   0047 00                   83 	.db #0x00	; 0
   0048 00                   84 	.db #0x00	; 0
   0049 00                   85 	.db #0x00	; 0
   004A 00                   86 	.db #0x00	; 0
   004B 00                   87 	.db #0x00	; 0
   004C 00                   88 	.db #0x00	; 0
   004D 00                   89 	.db #0x00	; 0
   004E 00                   90 	.db #0x00	; 0
   004F 00                   91 	.db #0x00	; 0
   0050                      92 _Persp3DClouds:
   0050 00                   93 	.db #0x00	; 0
   0051 00                   94 	.db #0x00	; 0
   0052 00                   95 	.db #0x00	; 0
   0053 00                   96 	.db #0x00	; 0
   0054 00                   97 	.db #0x00	; 0
   0055 00                   98 	.db #0x00	; 0
   0056 00                   99 	.db #0x00	; 0
   0057 00                  100 	.db #0x00	; 0
   0058 00                  101 	.db #0x00	; 0
   0059 00                  102 	.db #0x00	; 0
   005A 00                  103 	.db #0x00	; 0
   005B 00                  104 	.db #0x00	; 0
   005C 00                  105 	.db #0x00	; 0
   005D 00                  106 	.db #0x00	; 0
   005E 00                  107 	.db #0x00	; 0
   005F 00                  108 	.db #0x00	; 0
   0060 00                  109 	.db #0x00	; 0
   0061 00                  110 	.db #0x00	; 0
   0062 00                  111 	.db #0x00	; 0
   0063 00                  112 	.db #0x00	; 0
   0064 00                  113 	.db #0x00	; 0
   0065 00                  114 	.db #0x00	; 0
   0066 00                  115 	.db #0x00	; 0
   0067 00                  116 	.db #0x00	; 0
   0068 00                  117 	.db #0x00	; 0
   0069 00                  118 	.db #0x00	; 0
   006A 07                  119 	.db #0x07	; 7
   006B 07                  120 	.db #0x07	; 7
   006C 1F                  121 	.db #0x1f	; 31
   006D 18                  122 	.db #0x18	; 24
   006E 3F                  123 	.db #0x3f	; 63
   006F 20                  124 	.db #0x20	; 32
   0070 00                  125 	.db #0x00	; 0
   0071 00                  126 	.db #0x00	; 0
   0072 00                  127 	.db #0x00	; 0
   0073 00                  128 	.db #0x00	; 0
   0074 01                  129 	.db #0x01	; 1
   0075 01                  130 	.db #0x01	; 1
   0076 07                  131 	.db #0x07	; 7
   0077 06                  132 	.db #0x06	; 6
   0078 0F                  133 	.db #0x0f	; 15
   0079 08                  134 	.db #0x08	; 8
   007A 1F                  135 	.db #0x1f	; 31
   007B 10                  136 	.db #0x10	; 16
   007C 3F                  137 	.db #0x3f	; 63
   007D 20                  138 	.db #0x20	; 32
   007E 3F                  139 	.db #0x3f	; 63
   007F 20                  140 	.db #0x20	; 32
   0080 7F                  141 	.db #0x7f	; 127
   0081 40                  142 	.db #0x40	; 64
   0082 7F                  143 	.db #0x7f	; 127
   0083 40                  144 	.db #0x40	; 64
   0084 FF                  145 	.db #0xff	; 255
   0085 80                  146 	.db #0x80	; 128
   0086 FF                  147 	.db #0xff	; 255
   0087 80                  148 	.db #0x80	; 128
   0088 FF                  149 	.db #0xff	; 255
   0089 80                  150 	.db #0x80	; 128
   008A FF                  151 	.db #0xff	; 255
   008B 01                  152 	.db #0x01	; 1
   008C FF                  153 	.db #0xff	; 255
   008D 02                  154 	.db #0x02	; 2
   008E FF                  155 	.db #0xff	; 255
   008F 02                  156 	.db #0x02	; 2
   0090 01                  157 	.db #0x01	; 1
   0091 01                  158 	.db #0x01	; 1
   0092 3F                  159 	.db #0x3f	; 63
   0093 3E                  160 	.db #0x3e	; 62
   0094 FF                  161 	.db #0xff	; 255
   0095 C0                  162 	.db #0xc0	; 192
   0096 FF                  163 	.db #0xff	; 255
   0097 00                  164 	.db #0x00	; 0
   0098 FF                  165 	.db #0xff	; 255
   0099 00                  166 	.db #0x00	; 0
   009A FF                  167 	.db #0xff	; 255
   009B 00                  168 	.db #0x00	; 0
   009C FF                  169 	.db #0xff	; 255
   009D 00                  170 	.db #0x00	; 0
   009E FF                  171 	.db #0xff	; 255
   009F 00                  172 	.db #0x00	; 0
   00A0 FF                  173 	.db #0xff	; 255
   00A1 00                  174 	.db #0x00	; 0
   00A2 FF                  175 	.db #0xff	; 255
   00A3 00                  176 	.db #0x00	; 0
   00A4 FF                  177 	.db #0xff	; 255
   00A5 1E                  178 	.db #0x1e	; 30
   00A6 FF                  179 	.db #0xff	; 255
   00A7 61                  180 	.db #0x61	; 97	'a'
   00A8 FF                  181 	.db #0xff	; 255
   00A9 80                  182 	.db #0x80	; 128
   00AA F4                  183 	.db #0xf4	; 244
   00AB 0B                  184 	.db #0x0b	; 11
   00AC F0                  185 	.db #0xf0	; 240
   00AD 0F                  186 	.db #0x0f	; 15
   00AE C0                  187 	.db #0xc0	; 192
   00AF 3F                  188 	.db #0x3f	; 63
   00B0 F0                  189 	.db #0xf0	; 240
   00B1 F0                  190 	.db #0xf0	; 240
   00B2 FF                  191 	.db #0xff	; 255
   00B3 0F                  192 	.db #0x0f	; 15
   00B4 FF                  193 	.db #0xff	; 255
   00B5 00                  194 	.db #0x00	; 0
   00B6 FF                  195 	.db #0xff	; 255
   00B7 00                  196 	.db #0x00	; 0
   00B8 FF                  197 	.db #0xff	; 255
   00B9 00                  198 	.db #0x00	; 0
   00BA FF                  199 	.db #0xff	; 255
   00BB 00                  200 	.db #0x00	; 0
   00BC FF                  201 	.db #0xff	; 255
   00BD 00                  202 	.db #0x00	; 0
   00BE FF                  203 	.db #0xff	; 255
   00BF 00                  204 	.db #0x00	; 0
   00C0 FC                  205 	.db #0xfc	; 252
   00C1 03                  206 	.db #0x03	; 3
   00C2 FC                  207 	.db #0xfc	; 252
   00C3 03                  208 	.db #0x03	; 3
   00C4 F8                  209 	.db #0xf8	; 248
   00C5 07                  210 	.db #0x07	; 7
   00C6 F8                  211 	.db #0xf8	; 248
   00C7 87                  212 	.db #0x87	; 135
   00C8 70                  213 	.db #0x70	; 112	'p'
   00C9 CF                  214 	.db #0xcf	; 207
   00CA 30                  215 	.db #0x30	; 48	'0'
   00CB EF                  216 	.db #0xef	; 239
   00CC 03                  217 	.db #0x03	; 3
   00CD FC                  218 	.db #0xfc	; 252
   00CE 3F                  219 	.db #0x3f	; 63
   00CF C0                  220 	.db #0xc0	; 192
   00D0 00                  221 	.db #0x00	; 0
   00D1 00                  222 	.db #0x00	; 0
   00D2 00                  223 	.db #0x00	; 0
   00D3 00                  224 	.db #0x00	; 0
   00D4 C0                  225 	.db #0xc0	; 192
   00D5 C0                  226 	.db #0xc0	; 192
   00D6 E0                  227 	.db #0xe0	; 224
   00D7 20                  228 	.db #0x20	; 32
   00D8 D0                  229 	.db #0xd0	; 208
   00D9 30                  230 	.db #0x30	; 48	'0'
   00DA C8                  231 	.db #0xc8	; 200
   00DB 38                  232 	.db #0x38	; 56	'8'
   00DC 88                  233 	.db #0x88	; 136
   00DD 78                  234 	.db #0x78	; 120	'x'
   00DE 08                  235 	.db #0x08	; 8
   00DF F8                  236 	.db #0xf8	; 248
   00E0 04                  237 	.db #0x04	; 4
   00E1 FC                  238 	.db #0xfc	; 252
   00E2 04                  239 	.db #0x04	; 4
   00E3 FC                  240 	.db #0xfc	; 252
   00E4 02                  241 	.db #0x02	; 2
   00E5 FE                  242 	.db #0xfe	; 254
   00E6 01                  243 	.db #0x01	; 1
   00E7 FF                  244 	.db #0xff	; 255
   00E8 0F                  245 	.db #0x0f	; 15
   00E9 F0                  246 	.db #0xf0	; 240
   00EA FF                  247 	.db #0xff	; 255
   00EB 00                  248 	.db #0x00	; 0
   00EC FF                  249 	.db #0xff	; 255
   00ED 00                  250 	.db #0x00	; 0
   00EE FF                  251 	.db #0xff	; 255
   00EF 00                  252 	.db #0x00	; 0
   00F0 00                  253 	.db #0x00	; 0
   00F1 00                  254 	.db #0x00	; 0
   00F2 00                  255 	.db #0x00	; 0
   00F3 00                  256 	.db #0x00	; 0
   00F4 00                  257 	.db #0x00	; 0
   00F5 00                  258 	.db #0x00	; 0
   00F6 00                  259 	.db #0x00	; 0
   00F7 00                  260 	.db #0x00	; 0
   00F8 00                  261 	.db #0x00	; 0
   00F9 00                  262 	.db #0x00	; 0
   00FA 00                  263 	.db #0x00	; 0
   00FB 00                  264 	.db #0x00	; 0
   00FC 00                  265 	.db #0x00	; 0
   00FD 00                  266 	.db #0x00	; 0
   00FE 00                  267 	.db #0x00	; 0
   00FF 00                  268 	.db #0x00	; 0
   0100 00                  269 	.db #0x00	; 0
   0101 00                  270 	.db #0x00	; 0
   0102 00                  271 	.db #0x00	; 0
   0103 00                  272 	.db #0x00	; 0
   0104 00                  273 	.db #0x00	; 0
   0105 00                  274 	.db #0x00	; 0
   0106 80                  275 	.db #0x80	; 128
   0107 80                  276 	.db #0x80	; 128
   0108 E0                  277 	.db #0xe0	; 224
   0109 60                  278 	.db #0x60	; 96
   010A F0                  279 	.db #0xf0	; 240
   010B 10                  280 	.db #0x10	; 16
   010C F8                  281 	.db #0xf8	; 248
   010D 08                  282 	.db #0x08	; 8
   010E FC                  283 	.db #0xfc	; 252
   010F 04                  284 	.db #0x04	; 4
   0110 7F                  285 	.db #0x7f	; 127
   0111 40                  286 	.db #0x40	; 64
   0112 7F                  287 	.db #0x7f	; 127
   0113 40                  288 	.db #0x40	; 64
   0114 FF                  289 	.db #0xff	; 255
   0115 80                  290 	.db #0x80	; 128
   0116 FF                  291 	.db #0xff	; 255
   0117 80                  292 	.db #0x80	; 128
   0118 FF                  293 	.db #0xff	; 255
   0119 80                  294 	.db #0x80	; 128
   011A FF                  295 	.db #0xff	; 255
   011B 80                  296 	.db #0x80	; 128
   011C 7F                  297 	.db #0x7f	; 127
   011D 40                  298 	.db #0x40	; 64
   011E 7F                  299 	.db #0x7f	; 127
   011F 40                  300 	.db #0x40	; 64
   0120 7F                  301 	.db #0x7f	; 127
   0121 40                  302 	.db #0x40	; 64
   0122 3F                  303 	.db #0x3f	; 63
   0123 20                  304 	.db #0x20	; 32
   0124 3F                  305 	.db #0x3f	; 63
   0125 20                  306 	.db #0x20	; 32
   0126 1F                  307 	.db #0x1f	; 31
   0127 10                  308 	.db #0x10	; 16
   0128 0F                  309 	.db #0x0f	; 15
   0129 0C                  310 	.db #0x0c	; 12
   012A 03                  311 	.db #0x03	; 3
   012B 03                  312 	.db #0x03	; 3
   012C 00                  313 	.db #0x00	; 0
   012D 00                  314 	.db #0x00	; 0
   012E 00                  315 	.db #0x00	; 0
   012F 00                  316 	.db #0x00	; 0
   0130 FF                  317 	.db #0xff	; 255
   0131 04                  318 	.db #0x04	; 4
   0132 FF                  319 	.db #0xff	; 255
   0133 04                  320 	.db #0x04	; 4
   0134 FF                  321 	.db #0xff	; 255
   0135 00                  322 	.db #0x00	; 0
   0136 FF                  323 	.db #0xff	; 255
   0137 00                  324 	.db #0x00	; 0
   0138 FF                  325 	.db #0xff	; 255
   0139 00                  326 	.db #0x00	; 0
   013A FF                  327 	.db #0xff	; 255
   013B 00                  328 	.db #0x00	; 0
   013C FF                  329 	.db #0xff	; 255
   013D 00                  330 	.db #0x00	; 0
   013E FF                  331 	.db #0xff	; 255
   013F 00                  332 	.db #0x00	; 0
   0140 FF                  333 	.db #0xff	; 255
   0141 00                  334 	.db #0x00	; 0
   0142 FF                  335 	.db #0xff	; 255
   0143 00                  336 	.db #0x00	; 0
   0144 FF                  337 	.db #0xff	; 255
   0145 00                  338 	.db #0x00	; 0
   0146 FF                  339 	.db #0xff	; 255
   0147 00                  340 	.db #0x00	; 0
   0148 FF                  341 	.db #0xff	; 255
   0149 00                  342 	.db #0x00	; 0
   014A 00                  343 	.db #0x00	; 0
   014B FF                  344 	.db #0xff	; 255
   014C E0                  345 	.db #0xe0	; 224
   014D FF                  346 	.db #0xff	; 255
   014E 1F                  347 	.db #0x1f	; 31
   014F 1F                  348 	.db #0x1f	; 31
   0150 80                  349 	.db #0x80	; 128
   0151 7F                  350 	.db #0x7f	; 127
   0152 01                  351 	.db #0x01	; 1
   0153 FE                  352 	.db #0xfe	; 254
   0154 0F                  353 	.db #0x0f	; 15
   0155 F0                  354 	.db #0xf0	; 240
   0156 FF                  355 	.db #0xff	; 255
   0157 00                  356 	.db #0x00	; 0
   0158 FF                  357 	.db #0xff	; 255
   0159 00                  358 	.db #0x00	; 0
   015A FF                  359 	.db #0xff	; 255
   015B 00                  360 	.db #0x00	; 0
   015C FF                  361 	.db #0xff	; 255
   015D 00                  362 	.db #0x00	; 0
   015E FF                  363 	.db #0xff	; 255
   015F 00                  364 	.db #0x00	; 0
   0160 FF                  365 	.db #0xff	; 255
   0161 00                  366 	.db #0x00	; 0
   0162 FF                  367 	.db #0xff	; 255
   0163 00                  368 	.db #0x00	; 0
   0164 FF                  369 	.db #0xff	; 255
   0165 00                  370 	.db #0x00	; 0
   0166 FF                  371 	.db #0xff	; 255
   0167 00                  372 	.db #0x00	; 0
   0168 C0                  373 	.db #0xc0	; 192
   0169 3F                  374 	.db #0x3f	; 63
   016A 00                  375 	.db #0x00	; 0
   016B FF                  376 	.db #0xff	; 255
   016C 00                  377 	.db #0x00	; 0
   016D FF                  378 	.db #0xff	; 255
   016E FF                  379 	.db #0xff	; 255
   016F FF                  380 	.db #0xff	; 255
   0170 FF                  381 	.db #0xff	; 255
   0171 01                  382 	.db #0x01	; 1
   0172 FF                  383 	.db #0xff	; 255
   0173 06                  384 	.db #0x06	; 6
   0174 FF                  385 	.db #0xff	; 255
   0175 08                  386 	.db #0x08	; 8
   0176 FF                  387 	.db #0xff	; 255
   0177 10                  388 	.db #0x10	; 16
   0178 FF                  389 	.db #0xff	; 255
   0179 10                  390 	.db #0x10	; 16
   017A FE                  391 	.db #0xfe	; 254
   017B 11                  392 	.db #0x11	; 17
   017C FC                  393 	.db #0xfc	; 252
   017D 23                  394 	.db #0x23	; 35
   017E FC                  395 	.db #0xfc	; 252
   017F 23                  396 	.db #0x23	; 35
   0180 F8                  397 	.db #0xf8	; 248
   0181 27                  398 	.db #0x27	; 39
   0182 F8                  399 	.db #0xf8	; 248
   0183 07                  400 	.db #0x07	; 7
   0184 F8                  401 	.db #0xf8	; 248
   0185 07                  402 	.db #0x07	; 7
   0186 E0                  403 	.db #0xe0	; 224
   0187 1F                  404 	.db #0x1f	; 31
   0188 00                  405 	.db #0x00	; 0
   0189 FF                  406 	.db #0xff	; 255
   018A 00                  407 	.db #0x00	; 0
   018B FF                  408 	.db #0xff	; 255
   018C 00                  409 	.db #0x00	; 0
   018D FF                  410 	.db #0xff	; 255
   018E FF                  411 	.db #0xff	; 255
   018F FF                  412 	.db #0xff	; 255
   0190 FF                  413 	.db #0xff	; 255
   0191 E0                  414 	.db #0xe0	; 224
   0192 FF                  415 	.db #0xff	; 255
   0193 18                  416 	.db #0x18	; 24
   0194 F7                  417 	.db #0xf7	; 247
   0195 0E                  418 	.db #0x0e	; 14
   0196 81                  419 	.db #0x81	; 129
   0197 7F                  420 	.db #0x7f	; 127
   0198 00                  421 	.db #0x00	; 0
   0199 FF                  422 	.db #0xff	; 255
   019A 00                  423 	.db #0x00	; 0
   019B FF                  424 	.db #0xff	; 255
   019C 00                  425 	.db #0x00	; 0
   019D FF                  426 	.db #0xff	; 255
   019E 00                  427 	.db #0x00	; 0
   019F FF                  428 	.db #0xff	; 255
   01A0 00                  429 	.db #0x00	; 0
   01A1 FF                  430 	.db #0xff	; 255
   01A2 00                  431 	.db #0x00	; 0
   01A3 FF                  432 	.db #0xff	; 255
   01A4 00                  433 	.db #0x00	; 0
   01A5 FF                  434 	.db #0xff	; 255
   01A6 00                  435 	.db #0x00	; 0
   01A7 FF                  436 	.db #0xff	; 255
   01A8 00                  437 	.db #0x00	; 0
   01A9 FF                  438 	.db #0xff	; 255
   01AA 00                  439 	.db #0x00	; 0
   01AB FF                  440 	.db #0xff	; 255
   01AC 07                  441 	.db #0x07	; 7
   01AD FF                  442 	.db #0xff	; 255
   01AE FC                  443 	.db #0xfc	; 252
   01AF FC                  444 	.db #0xfc	; 252
   01B0 F4                  445 	.db #0xf4	; 244
   01B1 0C                  446 	.db #0x0c	; 12
   01B2 F2                  447 	.db #0xf2	; 242
   01B3 0E                  448 	.db #0x0e	; 14
   01B4 E2                  449 	.db #0xe2	; 226
   01B5 1E                  450 	.db #0x1e	; 30
   01B6 C2                  451 	.db #0xc2	; 194
   01B7 3E                  452 	.db #0x3e	; 62
   01B8 01                  453 	.db #0x01	; 1
   01B9 FF                  454 	.db #0xff	; 255
   01BA 01                  455 	.db #0x01	; 1
   01BB FF                  456 	.db #0xff	; 255
   01BC 01                  457 	.db #0x01	; 1
   01BD FF                  458 	.db #0xff	; 255
   01BE 01                  459 	.db #0x01	; 1
   01BF FF                  460 	.db #0xff	; 255
   01C0 01                  461 	.db #0x01	; 1
   01C1 FF                  462 	.db #0xff	; 255
   01C2 03                  463 	.db #0x03	; 3
   01C3 FF                  464 	.db #0xff	; 255
   01C4 02                  465 	.db #0x02	; 2
   01C5 FE                  466 	.db #0xfe	; 254
   01C6 04                  467 	.db #0x04	; 4
   01C7 FC                  468 	.db #0xfc	; 252
   01C8 08                  469 	.db #0x08	; 8
   01C9 F8                  470 	.db #0xf8	; 248
   01CA 30                  471 	.db #0x30	; 48	'0'
   01CB F0                  472 	.db #0xf0	; 240
   01CC C0                  473 	.db #0xc0	; 192
   01CD C0                  474 	.db #0xc0	; 192
   01CE 00                  475 	.db #0x00	; 0
   01CF 00                  476 	.db #0x00	; 0
   01D0 01                  477 	.db #0x01	; 1
   01D1 01                  478 	.db #0x01	; 1
   01D2 03                  479 	.db #0x03	; 3
   01D3 02                  480 	.db #0x02	; 2
   01D4 07                  481 	.db #0x07	; 7
   01D5 04                  482 	.db #0x04	; 4
   01D6 0F                  483 	.db #0x0f	; 15
   01D7 08                  484 	.db #0x08	; 8
   01D8 0F                  485 	.db #0x0f	; 15
   01D9 08                  486 	.db #0x08	; 8
   01DA 1F                  487 	.db #0x1f	; 31
   01DB 10                  488 	.db #0x10	; 16
   01DC 1F                  489 	.db #0x1f	; 31
   01DD 10                  490 	.db #0x10	; 16
   01DE 3F                  491 	.db #0x3f	; 63
   01DF 20                  492 	.db #0x20	; 32
   01E0 7F                  493 	.db #0x7f	; 127
   01E1 40                  494 	.db #0x40	; 64
   01E2 FF                  495 	.db #0xff	; 255
   01E3 80                  496 	.db #0x80	; 128
   01E4 FE                  497 	.db #0xfe	; 254
   01E5 81                  498 	.db #0x81	; 129
   01E6 FC                  499 	.db #0xfc	; 252
   01E7 83                  500 	.db #0x83	; 131
   01E8 F8                  501 	.db #0xf8	; 248
   01E9 87                  502 	.db #0x87	; 135
   01EA 60                  503 	.db #0x60	; 96
   01EB 5F                  504 	.db #0x5f	; 95
   01EC 20                  505 	.db #0x20	; 32
   01ED 3F                  506 	.db #0x3f	; 63
   01EE 1F                  507 	.db #0x1f	; 31
   01EF 1F                  508 	.db #0x1f	; 31
   01F0 F0                  509 	.db #0xf0	; 240
   01F1 F0                  510 	.db #0xf0	; 240
   01F2 F8                  511 	.db #0xf8	; 248
   01F3 08                  512 	.db #0x08	; 8
   01F4 F4                  513 	.db #0xf4	; 244
   01F5 0C                  514 	.db #0x0c	; 12
   01F6 E2                  515 	.db #0xe2	; 226
   01F7 1E                  516 	.db #0x1e	; 30
   01F8 82                  517 	.db #0x82	; 130
   01F9 7E                  518 	.db #0x7e	; 126
   01FA 02                  519 	.db #0x02	; 2
   01FB FE                  520 	.db #0xfe	; 254
   01FC 3E                  521 	.db #0x3e	; 62
   01FD C2                  522 	.db #0xc2	; 194
   01FE EC                  523 	.db #0xec	; 236
   01FF 14                  524 	.db #0x14	; 20
   0200 82                  525 	.db #0x82	; 130
   0201 7E                  526 	.db #0x7e	; 126
   0202 01                  527 	.db #0x01	; 1
   0203 FF                  528 	.db #0xff	; 255
   0204 01                  529 	.db #0x01	; 1
   0205 FF                  530 	.db #0xff	; 255
   0206 01                  531 	.db #0x01	; 1
   0207 FF                  532 	.db #0xff	; 255
   0208 01                  533 	.db #0x01	; 1
   0209 FF                  534 	.db #0xff	; 255
   020A 02                  535 	.db #0x02	; 2
   020B FE                  536 	.db #0xfe	; 254
   020C 0C                  537 	.db #0x0c	; 12
   020D FC                  538 	.db #0xfc	; 252
   020E F0                  539 	.db #0xf0	; 240
   020F F0                  540 	.db #0xf0	; 240
   0210 00                  541 	.db #0x00	; 0
   0211 00                  542 	.db #0x00	; 0
   0212 00                  543 	.db #0x00	; 0
   0213 00                  544 	.db #0x00	; 0
   0214 00                  545 	.db #0x00	; 0
   0215 00                  546 	.db #0x00	; 0
   0216 00                  547 	.db #0x00	; 0
   0217 00                  548 	.db #0x00	; 0
   0218 00                  549 	.db #0x00	; 0
   0219 00                  550 	.db #0x00	; 0
   021A 00                  551 	.db #0x00	; 0
   021B 00                  552 	.db #0x00	; 0
   021C 00                  553 	.db #0x00	; 0
   021D 00                  554 	.db #0x00	; 0
   021E 00                  555 	.db #0x00	; 0
   021F 00                  556 	.db #0x00	; 0
   0220 00                  557 	.db #0x00	; 0
   0221 00                  558 	.db #0x00	; 0
   0222 00                  559 	.db #0x00	; 0
   0223 00                  560 	.db #0x00	; 0
   0224 00                  561 	.db #0x00	; 0
   0225 00                  562 	.db #0x00	; 0
   0226 00                  563 	.db #0x00	; 0
   0227 00                  564 	.db #0x00	; 0
   0228 00                  565 	.db #0x00	; 0
   0229 00                  566 	.db #0x00	; 0
   022A 00                  567 	.db #0x00	; 0
   022B 00                  568 	.db #0x00	; 0
   022C 00                  569 	.db #0x00	; 0
   022D 00                  570 	.db #0x00	; 0
   022E 00                  571 	.db #0x00	; 0
   022F 00                  572 	.db #0x00	; 0
                            573 	.area _CABS (ABS)
