                              1 ;--------------------------------------------------------
                              2 ; File Created by SDCC : free open source ANSI-C Compiler
                              3 ; Version 4.0.0 #11528 (MINGW32)
                              4 ;--------------------------------------------------------
                              5 	.module C__Users_Mills_AppData_Local_Temp_lcc41121
                              6 	.optsdcc -mgbz80
                              7 	
                              8 ;--------------------------------------------------------
                              9 ; Public variables in this module
                             10 ;--------------------------------------------------------
                             11 	.globl _Plasma_Tiles
                             12 	.globl _Plasma_TilesPAL
                             13 ;--------------------------------------------------------
                             14 ; special function registers
                             15 ;--------------------------------------------------------
                             16 ;--------------------------------------------------------
                             17 ; ram data
                             18 ;--------------------------------------------------------
                             19 	.area _DATA
                             20 ;--------------------------------------------------------
                             21 ; absolute external ram data
                             22 ;--------------------------------------------------------
                             23 	.area _DABS (ABS)
                             24 ;--------------------------------------------------------
                             25 ; global & static initialisations
                             26 ;--------------------------------------------------------
                             27 	.area _HOME
                             28 	.area _GSINIT
                             29 	.area _GSFINAL
                             30 	.area _GSINIT
                             31 ;--------------------------------------------------------
                             32 ; Home
                             33 ;--------------------------------------------------------
                             34 	.area _HOME
                             35 	.area _HOME
                             36 ;--------------------------------------------------------
                             37 ; code
                             38 ;--------------------------------------------------------
                             39 	.area _CODE_14
                             40 	.area _CODE_14
   0000                      41 _Plasma_TilesPAL:
   0000 E1 04                42 	.dw #0x04e1
   0002 20 12                43 	.dw #0x1220
   0004 F0 37                44 	.dw #0x37f0
   0006 E1 04                45 	.dw #0x04e1
   0008 E1 04                46 	.dw #0x04e1
   000A 20 12                47 	.dw #0x1220
   000C FD 17                48 	.dw #0x17fd
   000E 00 00                49 	.dw #0x0000
   0010 E1 04                50 	.dw #0x04e1
   0012 20 12                51 	.dw #0x1220
   0014 F8 7A                52 	.dw #0x7af8
   0016 00 64                53 	.dw #0x6400
   0018 E1 04                54 	.dw #0x04e1
   001A 20 12                55 	.dw #0x1220
   001C 7E 46                56 	.dw #0x467e
   001E 1A 20                57 	.dw #0x201a
   0020 E1 04                58 	.dw #0x04e1
   0022 F0 37                59 	.dw #0x37f0
   0024 D6 5A                60 	.dw #0x5ad6
   0026 00 00                61 	.dw #0x0000
   0028 E1 04                62 	.dw #0x04e1
   002A 20 12                63 	.dw #0x1220
   002C D6 5A                64 	.dw #0x5ad6
   002E 00 00                65 	.dw #0x0000
   0030 E1 04                66 	.dw #0x04e1
   0032 20 12                67 	.dw #0x1220
   0034 8C 31                68 	.dw #0x318c
   0036 00 00                69 	.dw #0x0000
   0038 E1 04                70 	.dw #0x04e1
   003A 5A 6B                71 	.dw #0x6b5a
   003C EF 3D                72 	.dw #0x3def
   003E A5 14                73 	.dw #0x14a5
   0040                      74 _Plasma_Tiles:
   0040 FF                   75 	.db #0xff	; 255
   0041 00                   76 	.db #0x00	; 0
   0042 FF                   77 	.db #0xff	; 255
   0043 00                   78 	.db #0x00	; 0
   0044 FF                   79 	.db #0xff	; 255
   0045 00                   80 	.db #0x00	; 0
   0046 FF                   81 	.db #0xff	; 255
   0047 00                   82 	.db #0x00	; 0
   0048 FF                   83 	.db #0xff	; 255
   0049 00                   84 	.db #0x00	; 0
   004A FF                   85 	.db #0xff	; 255
   004B 00                   86 	.db #0x00	; 0
   004C FF                   87 	.db #0xff	; 255
   004D 00                   88 	.db #0x00	; 0
   004E FF                   89 	.db #0xff	; 255
   004F 00                   90 	.db #0x00	; 0
   0050 FF                   91 	.db #0xff	; 255
   0051 54                   92 	.db #0x54	; 84	'T'
   0052 FF                   93 	.db #0xff	; 255
   0053 7E                   94 	.db #0x7e	; 126
   0054 FF                   95 	.db #0xff	; 255
   0055 FF                   96 	.db #0xff	; 255
   0056 FF                   97 	.db #0xff	; 255
   0057 7E                   98 	.db #0x7e	; 126
   0058 FF                   99 	.db #0xff	; 255
   0059 FF                  100 	.db #0xff	; 255
   005A FF                  101 	.db #0xff	; 255
   005B 7E                  102 	.db #0x7e	; 126
   005C FF                  103 	.db #0xff	; 255
   005D FF                  104 	.db #0xff	; 255
   005E FF                  105 	.db #0xff	; 255
   005F 2A                  106 	.db #0x2a	; 42
   0060 FF                  107 	.db #0xff	; 255
   0061 00                  108 	.db #0x00	; 0
   0062 FF                  109 	.db #0xff	; 255
   0063 00                  110 	.db #0x00	; 0
   0064 00                  111 	.db #0x00	; 0
   0065 00                  112 	.db #0x00	; 0
   0066 00                  113 	.db #0x00	; 0
   0067 00                  114 	.db #0x00	; 0
   0068 00                  115 	.db #0x00	; 0
   0069 00                  116 	.db #0x00	; 0
   006A 00                  117 	.db #0x00	; 0
   006B 00                  118 	.db #0x00	; 0
   006C FF                  119 	.db #0xff	; 255
   006D 00                  120 	.db #0x00	; 0
   006E FF                  121 	.db #0xff	; 255
   006F 00                  122 	.db #0x00	; 0
   0070 FF                  123 	.db #0xff	; 255
   0071 00                  124 	.db #0x00	; 0
   0072 FF                  125 	.db #0xff	; 255
   0073 00                  126 	.db #0x00	; 0
   0074 7F                  127 	.db #0x7f	; 127
   0075 00                  128 	.db #0x00	; 0
   0076 3F                  129 	.db #0x3f	; 63
   0077 00                  130 	.db #0x00	; 0
   0078 1F                  131 	.db #0x1f	; 31
   0079 00                  132 	.db #0x00	; 0
   007A 0F                  133 	.db #0x0f	; 15
   007B 00                  134 	.db #0x00	; 0
   007C 07                  135 	.db #0x07	; 7
   007D 00                  136 	.db #0x00	; 0
   007E 83                  137 	.db #0x83	; 131
   007F 00                  138 	.db #0x00	; 0
   0080 C1                  139 	.db #0xc1	; 193
   0081 00                  140 	.db #0x00	; 0
   0082 E0                  141 	.db #0xe0	; 224
   0083 00                  142 	.db #0x00	; 0
   0084 F0                  143 	.db #0xf0	; 240
   0085 00                  144 	.db #0x00	; 0
   0086 F8                  145 	.db #0xf8	; 248
   0087 00                  146 	.db #0x00	; 0
   0088 FC                  147 	.db #0xfc	; 252
   0089 00                  148 	.db #0x00	; 0
   008A FE                  149 	.db #0xfe	; 254
   008B 00                  150 	.db #0x00	; 0
   008C FF                  151 	.db #0xff	; 255
   008D 00                  152 	.db #0x00	; 0
   008E FF                  153 	.db #0xff	; 255
   008F 00                  154 	.db #0x00	; 0
   0090 83                  155 	.db #0x83	; 131
   0091 00                  156 	.db #0x00	; 0
   0092 07                  157 	.db #0x07	; 7
   0093 00                  158 	.db #0x00	; 0
   0094 0F                  159 	.db #0x0f	; 15
   0095 00                  160 	.db #0x00	; 0
   0096 1F                  161 	.db #0x1f	; 31
   0097 00                  162 	.db #0x00	; 0
   0098 3F                  163 	.db #0x3f	; 63
   0099 00                  164 	.db #0x00	; 0
   009A 7F                  165 	.db #0x7f	; 127
   009B 00                  166 	.db #0x00	; 0
   009C FF                  167 	.db #0xff	; 255
   009D 00                  168 	.db #0x00	; 0
   009E FF                  169 	.db #0xff	; 255
   009F 00                  170 	.db #0x00	; 0
   00A0 FF                  171 	.db #0xff	; 255
   00A1 00                  172 	.db #0x00	; 0
   00A2 FF                  173 	.db #0xff	; 255
   00A3 00                  174 	.db #0x00	; 0
   00A4 FE                  175 	.db #0xfe	; 254
   00A5 00                  176 	.db #0x00	; 0
   00A6 FC                  177 	.db #0xfc	; 252
   00A7 00                  178 	.db #0x00	; 0
   00A8 F8                  179 	.db #0xf8	; 248
   00A9 00                  180 	.db #0x00	; 0
   00AA F0                  181 	.db #0xf0	; 240
   00AB 00                  182 	.db #0x00	; 0
   00AC E0                  183 	.db #0xe0	; 224
   00AD 00                  184 	.db #0x00	; 0
   00AE C1                  185 	.db #0xc1	; 193
   00AF 00                  186 	.db #0x00	; 0
   00B0 00                  187 	.db #0x00	; 0
   00B1 FF                  188 	.db #0xff	; 255
   00B2 00                  189 	.db #0x00	; 0
   00B3 FF                  190 	.db #0xff	; 255
   00B4 00                  191 	.db #0x00	; 0
   00B5 FF                  192 	.db #0xff	; 255
   00B6 00                  193 	.db #0x00	; 0
   00B7 FF                  194 	.db #0xff	; 255
   00B8 00                  195 	.db #0x00	; 0
   00B9 FF                  196 	.db #0xff	; 255
   00BA 00                  197 	.db #0x00	; 0
   00BB FF                  198 	.db #0xff	; 255
   00BC 00                  199 	.db #0x00	; 0
   00BD FF                  200 	.db #0xff	; 255
   00BE 00                  201 	.db #0x00	; 0
   00BF FF                  202 	.db #0xff	; 255
   00C0 FF                  203 	.db #0xff	; 255
   00C1 00                  204 	.db #0x00	; 0
   00C2 FE                  205 	.db #0xfe	; 254
   00C3 01                  206 	.db #0x01	; 1
   00C4 FC                  207 	.db #0xfc	; 252
   00C5 03                  208 	.db #0x03	; 3
   00C6 F8                  209 	.db #0xf8	; 248
   00C7 07                  210 	.db #0x07	; 7
   00C8 F0                  211 	.db #0xf0	; 240
   00C9 0F                  212 	.db #0x0f	; 15
   00CA E0                  213 	.db #0xe0	; 224
   00CB 1F                  214 	.db #0x1f	; 31
   00CC C0                  215 	.db #0xc0	; 192
   00CD 3F                  216 	.db #0x3f	; 63
   00CE 80                  217 	.db #0x80	; 128
   00CF 7F                  218 	.db #0x7f	; 127
   00D0 FF                  219 	.db #0xff	; 255
   00D1 00                  220 	.db #0x00	; 0
   00D2 7F                  221 	.db #0x7f	; 127
   00D3 80                  222 	.db #0x80	; 128
   00D4 3F                  223 	.db #0x3f	; 63
   00D5 C0                  224 	.db #0xc0	; 192
   00D6 1F                  225 	.db #0x1f	; 31
   00D7 E0                  226 	.db #0xe0	; 224
   00D8 0F                  227 	.db #0x0f	; 15
   00D9 F0                  228 	.db #0xf0	; 240
   00DA 07                  229 	.db #0x07	; 7
   00DB F8                  230 	.db #0xf8	; 248
   00DC 03                  231 	.db #0x03	; 3
   00DD FC                  232 	.db #0xfc	; 252
   00DE 01                  233 	.db #0x01	; 1
   00DF FE                  234 	.db #0xfe	; 254
   00E0 01                  235 	.db #0x01	; 1
   00E1 FE                  236 	.db #0xfe	; 254
   00E2 03                  237 	.db #0x03	; 3
   00E3 FC                  238 	.db #0xfc	; 252
   00E4 07                  239 	.db #0x07	; 7
   00E5 F8                  240 	.db #0xf8	; 248
   00E6 0F                  241 	.db #0x0f	; 15
   00E7 F0                  242 	.db #0xf0	; 240
   00E8 1F                  243 	.db #0x1f	; 31
   00E9 E0                  244 	.db #0xe0	; 224
   00EA 3F                  245 	.db #0x3f	; 63
   00EB C0                  246 	.db #0xc0	; 192
   00EC 7F                  247 	.db #0x7f	; 127
   00ED 80                  248 	.db #0x80	; 128
   00EE FF                  249 	.db #0xff	; 255
   00EF 00                  250 	.db #0x00	; 0
   00F0 FF                  251 	.db #0xff	; 255
   00F1 0F                  252 	.db #0x0f	; 15
   00F2 F0                  253 	.db #0xf0	; 240
   00F3 3F                  254 	.db #0x3f	; 63
   00F4 C0                  255 	.db #0xc0	; 192
   00F5 7F                  256 	.db #0x7f	; 127
   00F6 C0                  257 	.db #0xc0	; 192
   00F7 7F                  258 	.db #0x7f	; 127
   00F8 80                  259 	.db #0x80	; 128
   00F9 FF                  260 	.db #0xff	; 255
   00FA 80                  261 	.db #0x80	; 128
   00FB FF                  262 	.db #0xff	; 255
   00FC 80                  263 	.db #0x80	; 128
   00FD FF                  264 	.db #0xff	; 255
   00FE 80                  265 	.db #0x80	; 128
   00FF FF                  266 	.db #0xff	; 255
   0100 FF                  267 	.db #0xff	; 255
   0101 FF                  268 	.db #0xff	; 255
   0102 00                  269 	.db #0x00	; 0
   0103 FF                  270 	.db #0xff	; 255
   0104 42                  271 	.db #0x42	; 66	'B'
   0105 FF                  272 	.db #0xff	; 255
   0106 E7                  273 	.db #0xe7	; 231
   0107 FF                  274 	.db #0xff	; 255
   0108 E7                  275 	.db #0xe7	; 231
   0109 FF                  276 	.db #0xff	; 255
   010A E7                  277 	.db #0xe7	; 231
   010B FF                  278 	.db #0xff	; 255
   010C E7                  279 	.db #0xe7	; 231
   010D FF                  280 	.db #0xff	; 255
   010E 42                  281 	.db #0x42	; 66	'B'
   010F FF                  282 	.db #0xff	; 255
   0110 00                  283 	.db #0x00	; 0
   0111 FF                  284 	.db #0xff	; 255
   0112 00                  285 	.db #0x00	; 0
   0113 FF                  286 	.db #0xff	; 255
   0114 7E                  287 	.db #0x7e	; 126
   0115 FF                  288 	.db #0xff	; 255
   0116 7E                  289 	.db #0x7e	; 126
   0117 FF                  290 	.db #0xff	; 255
   0118 3C                  291 	.db #0x3c	; 60
   0119 FF                  292 	.db #0xff	; 255
   011A 00                  293 	.db #0x00	; 0
   011B FF                  294 	.db #0xff	; 255
   011C 7F                  295 	.db #0x7f	; 127
   011D FF                  296 	.db #0xff	; 255
   011E FF                  297 	.db #0xff	; 255
   011F FF                  298 	.db #0xff	; 255
   0120 01                  299 	.db #0x01	; 1
   0121 FF                  300 	.db #0xff	; 255
   0122 03                  301 	.db #0x03	; 3
   0123 FF                  302 	.db #0xff	; 255
   0124 03                  303 	.db #0x03	; 3
   0125 FF                  304 	.db #0xff	; 255
   0126 07                  305 	.db #0x07	; 7
   0127 FF                  306 	.db #0xff	; 255
   0128 1F                  307 	.db #0x1f	; 31
   0129 FE                  308 	.db #0xfe	; 254
   012A FF                  309 	.db #0xff	; 255
   012B FE                  310 	.db #0xfe	; 254
   012C FF                  311 	.db #0xff	; 255
   012D FC                  312 	.db #0xfc	; 252
   012E FF                  313 	.db #0xff	; 255
   012F F0                  314 	.db #0xf0	; 240
   0130 FF                  315 	.db #0xff	; 255
   0131 1F                  316 	.db #0x1f	; 31
   0132 E0                  317 	.db #0xe0	; 224
   0133 3F                  318 	.db #0x3f	; 63
   0134 C0                  319 	.db #0xc0	; 192
   0135 7F                  320 	.db #0x7f	; 127
   0136 80                  321 	.db #0x80	; 128
   0137 FF                  322 	.db #0xff	; 255
   0138 80                  323 	.db #0x80	; 128
   0139 FF                  324 	.db #0xff	; 255
   013A 80                  325 	.db #0x80	; 128
   013B FF                  326 	.db #0xff	; 255
   013C 80                  327 	.db #0x80	; 128
   013D FF                  328 	.db #0xff	; 255
   013E 80                  329 	.db #0x80	; 128
   013F FF                  330 	.db #0xff	; 255
   0140 FF                  331 	.db #0xff	; 255
   0141 F8                  332 	.db #0xf8	; 248
   0142 07                  333 	.db #0x07	; 7
   0143 FC                  334 	.db #0xfc	; 252
   0144 03                  335 	.db #0x03	; 3
   0145 FE                  336 	.db #0xfe	; 254
   0146 03                  337 	.db #0x03	; 3
   0147 FF                  338 	.db #0xff	; 255
   0148 05                  339 	.db #0x05	; 5
   0149 FF                  340 	.db #0xff	; 255
   014A 0B                  341 	.db #0x0b	; 11
   014B FF                  342 	.db #0xff	; 255
   014C 05                  343 	.db #0x05	; 5
   014D FF                  344 	.db #0xff	; 255
   014E 0B                  345 	.db #0x0b	; 11
   014F FF                  346 	.db #0xff	; 255
   0150 FF                  347 	.db #0xff	; 255
   0151 00                  348 	.db #0x00	; 0
   0152 FF                  349 	.db #0xff	; 255
   0153 00                  350 	.db #0x00	; 0
   0154 FF                  351 	.db #0xff	; 255
   0155 00                  352 	.db #0x00	; 0
   0156 FF                  353 	.db #0xff	; 255
   0157 00                  354 	.db #0x00	; 0
   0158 FF                  355 	.db #0xff	; 255
   0159 06                  356 	.db #0x06	; 6
   015A F9                  357 	.db #0xf9	; 249
   015B 0F                  358 	.db #0x0f	; 15
   015C F9                  359 	.db #0xf9	; 249
   015D 0F                  360 	.db #0x0f	; 15
   015E F9                  361 	.db #0xf9	; 249
   015F 0F                  362 	.db #0x0f	; 15
   0160 FF                  363 	.db #0xff	; 255
   0161 00                  364 	.db #0x00	; 0
   0162 FF                  365 	.db #0xff	; 255
   0163 00                  366 	.db #0x00	; 0
   0164 FF                  367 	.db #0xff	; 255
   0165 00                  368 	.db #0x00	; 0
   0166 FF                  369 	.db #0xff	; 255
   0167 00                  370 	.db #0x00	; 0
   0168 FF                  371 	.db #0xff	; 255
   0169 18                  372 	.db #0x18	; 24
   016A E7                  373 	.db #0xe7	; 231
   016B 3C                  374 	.db #0x3c	; 60
   016C E7                  375 	.db #0xe7	; 231
   016D 3C                  376 	.db #0x3c	; 60
   016E E7                  377 	.db #0xe7	; 231
   016F 3C                  378 	.db #0x3c	; 60
   0170 FF                  379 	.db #0xff	; 255
   0171 1F                  380 	.db #0x1f	; 31
   0172 E0                  381 	.db #0xe0	; 224
   0173 3F                  382 	.db #0x3f	; 63
   0174 C0                  383 	.db #0xc0	; 192
   0175 7F                  384 	.db #0x7f	; 127
   0176 80                  385 	.db #0x80	; 128
   0177 FF                  386 	.db #0xff	; 255
   0178 80                  387 	.db #0x80	; 128
   0179 FF                  388 	.db #0xff	; 255
   017A 80                  389 	.db #0x80	; 128
   017B FF                  390 	.db #0xff	; 255
   017C 80                  391 	.db #0x80	; 128
   017D FF                  392 	.db #0xff	; 255
   017E 80                  393 	.db #0x80	; 128
   017F FF                  394 	.db #0xff	; 255
   0180 FF                  395 	.db #0xff	; 255
   0181 F8                  396 	.db #0xf8	; 248
   0182 07                  397 	.db #0x07	; 7
   0183 FC                  398 	.db #0xfc	; 252
   0184 03                  399 	.db #0x03	; 3
   0185 FE                  400 	.db #0xfe	; 254
   0186 03                  401 	.db #0x03	; 3
   0187 FF                  402 	.db #0xff	; 255
   0188 05                  403 	.db #0x05	; 5
   0189 FF                  404 	.db #0xff	; 255
   018A 0B                  405 	.db #0x0b	; 11
   018B FF                  406 	.db #0xff	; 255
   018C 05                  407 	.db #0x05	; 5
   018D FF                  408 	.db #0xff	; 255
   018E 0B                  409 	.db #0x0b	; 11
   018F FF                  410 	.db #0xff	; 255
   0190 05                  411 	.db #0x05	; 5
   0191 FF                  412 	.db #0xff	; 255
   0192 0B                  413 	.db #0x0b	; 11
   0193 FF                  414 	.db #0xff	; 255
   0194 05                  415 	.db #0x05	; 5
   0195 FF                  416 	.db #0xff	; 255
   0196 0B                  417 	.db #0x0b	; 11
   0197 FF                  418 	.db #0xff	; 255
   0198 55                  419 	.db #0x55	; 85	'U'
   0199 FF                  420 	.db #0xff	; 255
   019A AB                  421 	.db #0xab	; 171
   019B FE                  422 	.db #0xfe	; 254
   019C 57                  423 	.db #0x57	; 87	'W'
   019D FC                  424 	.db #0xfc	; 252
   019E FF                  425 	.db #0xff	; 255
   019F F8                  426 	.db #0xf8	; 248
   01A0 80                  427 	.db #0x80	; 128
   01A1 FF                  428 	.db #0xff	; 255
   01A2 80                  429 	.db #0x80	; 128
   01A3 FF                  430 	.db #0xff	; 255
   01A4 80                  431 	.db #0x80	; 128
   01A5 FF                  432 	.db #0xff	; 255
   01A6 80                  433 	.db #0x80	; 128
   01A7 FF                  434 	.db #0xff	; 255
   01A8 95                  435 	.db #0x95	; 149
   01A9 FF                  436 	.db #0xff	; 255
   01AA EA                  437 	.db #0xea	; 234
   01AB 7F                  438 	.db #0x7f	; 127
   01AC F5                  439 	.db #0xf5	; 245
   01AD 3F                  440 	.db #0x3f	; 63
   01AE FF                  441 	.db #0xff	; 255
   01AF 1F                  442 	.db #0x1f	; 31
   01B0 C3                  443 	.db #0xc3	; 195
   01B1 3C                  444 	.db #0x3c	; 60
   01B2 81                  445 	.db #0x81	; 129
   01B3 7E                  446 	.db #0x7e	; 126
   01B4 03                  447 	.db #0x03	; 3
   01B5 FF                  448 	.db #0xff	; 255
   01B6 01                  449 	.db #0x01	; 1
   01B7 FF                  450 	.db #0xff	; 255
   01B8 07                  451 	.db #0x07	; 7
   01B9 FF                  452 	.db #0xff	; 255
   01BA 0B                  453 	.db #0x0b	; 11
   01BB FF                  454 	.db #0xff	; 255
   01BC AF                  455 	.db #0xaf	; 175
   01BD 7E                  456 	.db #0x7e	; 126
   01BE FF                  457 	.db #0xff	; 255
   01BF 3C                  458 	.db #0x3c	; 60
   01C0 00                  459 	.db #0x00	; 0
   01C1 FF                  460 	.db #0xff	; 255
   01C2 80                  461 	.db #0x80	; 128
   01C3 7F                  462 	.db #0x7f	; 127
   01C4 C0                  463 	.db #0xc0	; 192
   01C5 3F                  464 	.db #0x3f	; 63
   01C6 E0                  465 	.db #0xe0	; 224
   01C7 1F                  466 	.db #0x1f	; 31
   01C8 F0                  467 	.db #0xf0	; 240
   01C9 0F                  468 	.db #0x0f	; 15
   01CA F8                  469 	.db #0xf8	; 248
   01CB 07                  470 	.db #0x07	; 7
   01CC FC                  471 	.db #0xfc	; 252
   01CD 03                  472 	.db #0x03	; 3
   01CE FE                  473 	.db #0xfe	; 254
   01CF 01                  474 	.db #0x01	; 1
   01D0 FF                  475 	.db #0xff	; 255
   01D1 00                  476 	.db #0x00	; 0
   01D2 00                  477 	.db #0x00	; 0
   01D3 FF                  478 	.db #0xff	; 255
   01D4 00                  479 	.db #0x00	; 0
   01D5 FF                  480 	.db #0xff	; 255
   01D6 FF                  481 	.db #0xff	; 255
   01D7 00                  482 	.db #0x00	; 0
   01D8 FF                  483 	.db #0xff	; 255
   01D9 00                  484 	.db #0x00	; 0
   01DA 00                  485 	.db #0x00	; 0
   01DB FF                  486 	.db #0xff	; 255
   01DC 00                  487 	.db #0x00	; 0
   01DD FF                  488 	.db #0xff	; 255
   01DE FF                  489 	.db #0xff	; 255
   01DF 00                  490 	.db #0x00	; 0
   01E0 FF                  491 	.db #0xff	; 255
   01E1 00                  492 	.db #0x00	; 0
   01E2 FF                  493 	.db #0xff	; 255
   01E3 00                  494 	.db #0x00	; 0
   01E4 7F                  495 	.db #0x7f	; 127
   01E5 80                  496 	.db #0x80	; 128
   01E6 3F                  497 	.db #0x3f	; 63
   01E7 C0                  498 	.db #0xc0	; 192
   01E8 9F                  499 	.db #0x9f	; 159
   01E9 60                  500 	.db #0x60	; 96
   01EA CF                  501 	.db #0xcf	; 207
   01EB 30                  502 	.db #0x30	; 48	'0'
   01EC 67                  503 	.db #0x67	; 103	'g'
   01ED 98                  504 	.db #0x98	; 152
   01EE 33                  505 	.db #0x33	; 51	'3'
   01EF CC                  506 	.db #0xcc	; 204
   01F0 99                  507 	.db #0x99	; 153
   01F1 66                  508 	.db #0x66	; 102	'f'
   01F2 CC                  509 	.db #0xcc	; 204
   01F3 33                  510 	.db #0x33	; 51	'3'
   01F4 E6                  511 	.db #0xe6	; 230
   01F5 19                  512 	.db #0x19	; 25
   01F6 F3                  513 	.db #0xf3	; 243
   01F7 0C                  514 	.db #0x0c	; 12
   01F8 F9                  515 	.db #0xf9	; 249
   01F9 06                  516 	.db #0x06	; 6
   01FA FC                  517 	.db #0xfc	; 252
   01FB 03                  518 	.db #0x03	; 3
   01FC FE                  519 	.db #0xfe	; 254
   01FD 01                  520 	.db #0x01	; 1
   01FE FF                  521 	.db #0xff	; 255
   01FF 00                  522 	.db #0x00	; 0
   0200 99                  523 	.db #0x99	; 153
   0201 66                  524 	.db #0x66	; 102	'f'
   0202 33                  525 	.db #0x33	; 51	'3'
   0203 CC                  526 	.db #0xcc	; 204
   0204 67                  527 	.db #0x67	; 103	'g'
   0205 98                  528 	.db #0x98	; 152
   0206 CF                  529 	.db #0xcf	; 207
   0207 30                  530 	.db #0x30	; 48	'0'
   0208 9F                  531 	.db #0x9f	; 159
   0209 60                  532 	.db #0x60	; 96
   020A 3F                  533 	.db #0x3f	; 63
   020B C0                  534 	.db #0xc0	; 192
   020C 7F                  535 	.db #0x7f	; 127
   020D 80                  536 	.db #0x80	; 128
   020E FF                  537 	.db #0xff	; 255
   020F 00                  538 	.db #0x00	; 0
   0210 FF                  539 	.db #0xff	; 255
   0211 00                  540 	.db #0x00	; 0
   0212 FF                  541 	.db #0xff	; 255
   0213 00                  542 	.db #0x00	; 0
   0214 FE                  543 	.db #0xfe	; 254
   0215 01                  544 	.db #0x01	; 1
   0216 FC                  545 	.db #0xfc	; 252
   0217 03                  546 	.db #0x03	; 3
   0218 F9                  547 	.db #0xf9	; 249
   0219 06                  548 	.db #0x06	; 6
   021A F3                  549 	.db #0xf3	; 243
   021B 0C                  550 	.db #0x0c	; 12
   021C E6                  551 	.db #0xe6	; 230
   021D 19                  552 	.db #0x19	; 25
   021E CC                  553 	.db #0xcc	; 204
   021F 33                  554 	.db #0x33	; 51	'3'
   0220 99                  555 	.db #0x99	; 153
   0221 66                  556 	.db #0x66	; 102	'f'
   0222 99                  557 	.db #0x99	; 153
   0223 66                  558 	.db #0x66	; 102	'f'
   0224 99                  559 	.db #0x99	; 153
   0225 66                  560 	.db #0x66	; 102	'f'
   0226 99                  561 	.db #0x99	; 153
   0227 66                  562 	.db #0x66	; 102	'f'
   0228 99                  563 	.db #0x99	; 153
   0229 66                  564 	.db #0x66	; 102	'f'
   022A 99                  565 	.db #0x99	; 153
   022B 66                  566 	.db #0x66	; 102	'f'
   022C 99                  567 	.db #0x99	; 153
   022D 66                  568 	.db #0x66	; 102	'f'
   022E 99                  569 	.db #0x99	; 153
   022F 66                  570 	.db #0x66	; 102	'f'
   0230 C3                  571 	.db #0xc3	; 195
   0231 00                  572 	.db #0x00	; 0
   0232 C3                  573 	.db #0xc3	; 195
   0233 00                  574 	.db #0x00	; 0
   0234 C3                  575 	.db #0xc3	; 195
   0235 00                  576 	.db #0x00	; 0
   0236 C3                  577 	.db #0xc3	; 195
   0237 00                  578 	.db #0x00	; 0
   0238 C3                  579 	.db #0xc3	; 195
   0239 00                  580 	.db #0x00	; 0
   023A C3                  581 	.db #0xc3	; 195
   023B 00                  582 	.db #0x00	; 0
   023C C3                  583 	.db #0xc3	; 195
   023D 00                  584 	.db #0x00	; 0
   023E C3                  585 	.db #0xc3	; 195
   023F 00                  586 	.db #0x00	; 0
   0240 00                  587 	.db #0x00	; 0
   0241 00                  588 	.db #0x00	; 0
   0242 00                  589 	.db #0x00	; 0
   0243 00                  590 	.db #0x00	; 0
   0244 00                  591 	.db #0x00	; 0
   0245 00                  592 	.db #0x00	; 0
   0246 00                  593 	.db #0x00	; 0
   0247 00                  594 	.db #0x00	; 0
   0248 00                  595 	.db #0x00	; 0
   0249 00                  596 	.db #0x00	; 0
   024A 00                  597 	.db #0x00	; 0
   024B 00                  598 	.db #0x00	; 0
   024C 00                  599 	.db #0x00	; 0
   024D 00                  600 	.db #0x00	; 0
   024E 00                  601 	.db #0x00	; 0
   024F 00                  602 	.db #0x00	; 0
                            603 	.area _CABS (ABS)
