                              1 ;--------------------------------------------------------
                              2 ; File Created by SDCC : free open source ANSI-C Compiler
                              3 ; Version 4.0.0 #11528 (MINGW32)
                              4 ;--------------------------------------------------------
                              5 	.module C__Users_Mills_AppData_Local_Temp_lcc65801
                              6 	.optsdcc -mgbz80
                              7 	
                              8 ;--------------------------------------------------------
                              9 ; Public variables in this module
                             10 ;--------------------------------------------------------
                             11 	.globl _Window_MapPLN1
                             12 	.globl _Window_MapPLN0
                             13 ;--------------------------------------------------------
                             14 ; special function registers
                             15 ;--------------------------------------------------------
                             16 ;--------------------------------------------------------
                             17 ; ram data
                             18 ;--------------------------------------------------------
                             19 	.area _DATA
                             20 ;--------------------------------------------------------
                             21 ; absolute external ram data
                             22 ;--------------------------------------------------------
                             23 	.area _DABS (ABS)
                             24 ;--------------------------------------------------------
                             25 ; global & static initialisations
                             26 ;--------------------------------------------------------
                             27 	.area _HOME
                             28 	.area _GSINIT
                             29 	.area _GSFINAL
                             30 	.area _GSINIT
                             31 ;--------------------------------------------------------
                             32 ; Home
                             33 ;--------------------------------------------------------
                             34 	.area _HOME
                             35 	.area _HOME
                             36 ;--------------------------------------------------------
                             37 ; code
                             38 ;--------------------------------------------------------
                             39 	.area _CODE
                             40 	.area _CODE
   0000                      41 _Window_MapPLN0:
   0000 B1                   42 	.db #0xb1	; 177
   0001 B1                   43 	.db #0xb1	; 177
   0002 B1                   44 	.db #0xb1	; 177
   0003 B1                   45 	.db #0xb1	; 177
   0004 B1                   46 	.db #0xb1	; 177
   0005 B1                   47 	.db #0xb1	; 177
   0006 B1                   48 	.db #0xb1	; 177
   0007 B1                   49 	.db #0xb1	; 177
   0008 B1                   50 	.db #0xb1	; 177
   0009 B1                   51 	.db #0xb1	; 177
   000A B5                   52 	.db #0xb5	; 181
   000B B1                   53 	.db #0xb1	; 177
   000C B6                   54 	.db #0xb6	; 182
   000D B1                   55 	.db #0xb1	; 177
   000E B1                   56 	.db #0xb1	; 177
   000F B1                   57 	.db #0xb1	; 177
   0010 B1                   58 	.db #0xb1	; 177
   0011 B1                   59 	.db #0xb1	; 177
   0012 B1                   60 	.db #0xb1	; 177
   0013 B1                   61 	.db #0xb1	; 177
   0014 B8                   62 	.db #0xb8	; 184
   0015 B9                   63 	.db #0xb9	; 185
   0016 B1                   64 	.db #0xb1	; 177
   0017 B1                   65 	.db #0xb1	; 177
   0018 B1                   66 	.db #0xb1	; 177
   0019 B1                   67 	.db #0xb1	; 177
   001A B1                   68 	.db #0xb1	; 177
   001B B1                   69 	.db #0xb1	; 177
   001C B1                   70 	.db #0xb1	; 177
   001D B1                   71 	.db #0xb1	; 177
   001E B4                   72 	.db #0xb4	; 180
   001F B7                   73 	.db #0xb7	; 183
   0020 B4                   74 	.db #0xb4	; 180
   0021 B1                   75 	.db #0xb1	; 177
   0022 B1                   76 	.db #0xb1	; 177
   0023 B1                   77 	.db #0xb1	; 177
   0024 B1                   78 	.db #0xb1	; 177
   0025 B1                   79 	.db #0xb1	; 177
   0026 B1                   80 	.db #0xb1	; 177
   0027 B1                   81 	.db #0xb1	; 177
   0028 B9                   82 	.db #0xb9	; 185
   0029 B9                   83 	.db #0xb9	; 185
   002A B1                   84 	.db #0xb1	; 177
   002B BA                   85 	.db #0xba	; 186
   002C BB                   86 	.db #0xbb	; 187
   002D BC                   87 	.db #0xbc	; 188
   002E BD                   88 	.db #0xbd	; 189
   002F BE                   89 	.db #0xbe	; 190
   0030 BF                   90 	.db #0xbf	; 191
   0031 B1                   91 	.db #0xb1	; 177
   0032 B1                   92 	.db #0xb1	; 177
   0033 B1                   93 	.db #0xb1	; 177
   0034 B1                   94 	.db #0xb1	; 177
   0035 B1                   95 	.db #0xb1	; 177
   0036 B1                   96 	.db #0xb1	; 177
   0037 B1                   97 	.db #0xb1	; 177
   0038 B1                   98 	.db #0xb1	; 177
   0039 B1                   99 	.db #0xb1	; 177
   003A B8                  100 	.db #0xb8	; 184
   003B B9                  101 	.db #0xb9	; 185
   003C B1                  102 	.db #0xb1	; 177
   003D B1                  103 	.db #0xb1	; 177
   003E C0                  104 	.db #0xc0	; 192
   003F C1                  105 	.db #0xc1	; 193
   0040 C2                  106 	.db #0xc2	; 194
   0041 C3                  107 	.db #0xc3	; 195
   0042 C3                  108 	.db #0xc3	; 195
   0043 C2                  109 	.db #0xc2	; 194
   0044 C4                  110 	.db #0xc4	; 196
   0045 C5                  111 	.db #0xc5	; 197
   0046 B1                  112 	.db #0xb1	; 177
   0047 B1                  113 	.db #0xb1	; 177
   0048 B1                  114 	.db #0xb1	; 177
   0049 B1                  115 	.db #0xb1	; 177
   004A B1                  116 	.db #0xb1	; 177
   004B B1                  117 	.db #0xb1	; 177
   004C B1                  118 	.db #0xb1	; 177
   004D B1                  119 	.db #0xb1	; 177
   004E B9                  120 	.db #0xb9	; 185
   004F B9                  121 	.db #0xb9	; 185
   0050 B1                  122 	.db #0xb1	; 177
   0051 B1                  123 	.db #0xb1	; 177
   0052 C6                  124 	.db #0xc6	; 198
   0053 C7                  125 	.db #0xc7	; 199
   0054 B1                  126 	.db #0xb1	; 177
   0055 C8                  127 	.db #0xc8	; 200
   0056 C8                  128 	.db #0xc8	; 200
   0057 B1                  129 	.db #0xb1	; 177
   0058 C9                  130 	.db #0xc9	; 201
   0059 CA                  131 	.db #0xca	; 202
   005A B1                  132 	.db #0xb1	; 177
   005B B1                  133 	.db #0xb1	; 177
   005C B1                  134 	.db #0xb1	; 177
   005D B1                  135 	.db #0xb1	; 177
   005E B1                  136 	.db #0xb1	; 177
   005F B1                  137 	.db #0xb1	; 177
   0060 B1                  138 	.db #0xb1	; 177
   0061 B1                  139 	.db #0xb1	; 177
   0062 B1                  140 	.db #0xb1	; 177
   0063 B1                  141 	.db #0xb1	; 177
   0064 B1                  142 	.db #0xb1	; 177
   0065 B1                  143 	.db #0xb1	; 177
   0066 CB                  144 	.db #0xcb	; 203
   0067 CC                  145 	.db #0xcc	; 204
   0068 CD                  146 	.db #0xcd	; 205
   0069 CE                  147 	.db #0xce	; 206
   006A CF                  148 	.db #0xcf	; 207
   006B D0                  149 	.db #0xd0	; 208
   006C D1                  150 	.db #0xd1	; 209
   006D D2                  151 	.db #0xd2	; 210
   006E B1                  152 	.db #0xb1	; 177
   006F B1                  153 	.db #0xb1	; 177
   0070 B1                  154 	.db #0xb1	; 177
   0071 B1                  155 	.db #0xb1	; 177
   0072 B1                  156 	.db #0xb1	; 177
   0073 B1                  157 	.db #0xb1	; 177
   0074 B1                  158 	.db #0xb1	; 177
   0075 B1                  159 	.db #0xb1	; 177
   0076 B1                  160 	.db #0xb1	; 177
   0077 B1                  161 	.db #0xb1	; 177
   0078 B1                  162 	.db #0xb1	; 177
   0079 B1                  163 	.db #0xb1	; 177
   007A D3                  164 	.db #0xd3	; 211
   007B D4                  165 	.db #0xd4	; 212
   007C D5                  166 	.db #0xd5	; 213
   007D D6                  167 	.db #0xd6	; 214
   007E D6                  168 	.db #0xd6	; 214
   007F D5                  169 	.db #0xd5	; 213
   0080 D7                  170 	.db #0xd7	; 215
   0081 D2                  171 	.db #0xd2	; 210
   0082 B1                  172 	.db #0xb1	; 177
   0083 B1                  173 	.db #0xb1	; 177
   0084 B1                  174 	.db #0xb1	; 177
   0085 B1                  175 	.db #0xb1	; 177
   0086 B1                  176 	.db #0xb1	; 177
   0087 B1                  177 	.db #0xb1	; 177
   0088 B1                  178 	.db #0xb1	; 177
   0089 B1                  179 	.db #0xb1	; 177
   008A B1                  180 	.db #0xb1	; 177
   008B B1                  181 	.db #0xb1	; 177
   008C B1                  182 	.db #0xb1	; 177
   008D B1                  183 	.db #0xb1	; 177
   008E D8                  184 	.db #0xd8	; 216
   008F D9                  185 	.db #0xd9	; 217
   0090 B0                  186 	.db #0xb0	; 176
   0091 B0                  187 	.db #0xb0	; 176
   0092 B0                  188 	.db #0xb0	; 176
   0093 B0                  189 	.db #0xb0	; 176
   0094 D9                  190 	.db #0xd9	; 217
   0095 D8                  191 	.db #0xd8	; 216
   0096 B1                  192 	.db #0xb1	; 177
   0097 B1                  193 	.db #0xb1	; 177
   0098 B8                  194 	.db #0xb8	; 184
   0099 B9                  195 	.db #0xb9	; 185
   009A B1                  196 	.db #0xb1	; 177
   009B B1                  197 	.db #0xb1	; 177
   009C B1                  198 	.db #0xb1	; 177
   009D B1                  199 	.db #0xb1	; 177
   009E B1                  200 	.db #0xb1	; 177
   009F B2                  201 	.db #0xb2	; 178
   00A0 B1                  202 	.db #0xb1	; 177
   00A1 B1                  203 	.db #0xb1	; 177
   00A2 C5                  204 	.db #0xc5	; 197
   00A3 DA                  205 	.db #0xda	; 218
   00A4 DB                  206 	.db #0xdb	; 219
   00A5 B0                  207 	.db #0xb0	; 176
   00A6 B0                  208 	.db #0xb0	; 176
   00A7 DB                  209 	.db #0xdb	; 219
   00A8 DA                  210 	.db #0xda	; 218
   00A9 C5                  211 	.db #0xc5	; 197
   00AA B1                  212 	.db #0xb1	; 177
   00AB B1                  213 	.db #0xb1	; 177
   00AC B9                  214 	.db #0xb9	; 185
   00AD B9                  215 	.db #0xb9	; 185
   00AE B1                  216 	.db #0xb1	; 177
   00AF B1                  217 	.db #0xb1	; 177
   00B0 B1                  218 	.db #0xb1	; 177
   00B1 B1                  219 	.db #0xb1	; 177
   00B2 B1                  220 	.db #0xb1	; 177
   00B3 B5                  221 	.db #0xb5	; 181
   00B4 B1                  222 	.db #0xb1	; 177
   00B5 B1                  223 	.db #0xb1	; 177
   00B6 B1                  224 	.db #0xb1	; 177
   00B7 BF                  225 	.db #0xbf	; 191
   00B8 BE                  226 	.db #0xbe	; 190
   00B9 DC                  227 	.db #0xdc	; 220
   00BA DC                  228 	.db #0xdc	; 220
   00BB BE                  229 	.db #0xbe	; 190
   00BC BF                  230 	.db #0xbf	; 191
   00BD B1                  231 	.db #0xb1	; 177
   00BE B1                  232 	.db #0xb1	; 177
   00BF B1                  233 	.db #0xb1	; 177
   00C0 B1                  234 	.db #0xb1	; 177
   00C1 B1                  235 	.db #0xb1	; 177
   00C2 B1                  236 	.db #0xb1	; 177
   00C3 B1                  237 	.db #0xb1	; 177
   00C4 B1                  238 	.db #0xb1	; 177
   00C5 B1                  239 	.db #0xb1	; 177
   00C6 B1                  240 	.db #0xb1	; 177
   00C7 B4                  241 	.db #0xb4	; 180
   00C8 B1                  242 	.db #0xb1	; 177
   00C9 B1                  243 	.db #0xb1	; 177
   00CA B1                  244 	.db #0xb1	; 177
   00CB B1                  245 	.db #0xb1	; 177
   00CC B1                  246 	.db #0xb1	; 177
   00CD B1                  247 	.db #0xb1	; 177
   00CE B1                  248 	.db #0xb1	; 177
   00CF B1                  249 	.db #0xb1	; 177
   00D0 B1                  250 	.db #0xb1	; 177
   00D1 B1                  251 	.db #0xb1	; 177
   00D2 B1                  252 	.db #0xb1	; 177
   00D3 B1                  253 	.db #0xb1	; 177
   00D4 B1                  254 	.db #0xb1	; 177
   00D5 B1                  255 	.db #0xb1	; 177
   00D6 B1                  256 	.db #0xb1	; 177
   00D7 B1                  257 	.db #0xb1	; 177
   00D8 B1                  258 	.db #0xb1	; 177
   00D9 B1                  259 	.db #0xb1	; 177
   00DA B1                  260 	.db #0xb1	; 177
   00DB B1                  261 	.db #0xb1	; 177
   00DC B2                  262 	.db #0xb2	; 178
   00DD B3                  263 	.db #0xb3	; 179
   00DE B4                  264 	.db #0xb4	; 180
   00DF B1                  265 	.db #0xb1	; 177
   00E0 B1                  266 	.db #0xb1	; 177
   00E1 B1                  267 	.db #0xb1	; 177
   00E2 B1                  268 	.db #0xb1	; 177
   00E3 B1                  269 	.db #0xb1	; 177
   00E4 B1                  270 	.db #0xb1	; 177
   00E5 B1                  271 	.db #0xb1	; 177
   00E6 B1                  272 	.db #0xb1	; 177
   00E7 B1                  273 	.db #0xb1	; 177
   00E8 DD                  274 	.db #0xdd	; 221
   00E9 DE                  275 	.db #0xde	; 222
   00EA DF                  276 	.db #0xdf	; 223
   00EB E0                  277 	.db #0xe0	; 224
   00EC E1                  278 	.db #0xe1	; 225
   00ED DD                  279 	.db #0xdd	; 221
   00EE B1                  280 	.db #0xb1	; 177
   00EF B1                  281 	.db #0xb1	; 177
   00F0 B5                  282 	.db #0xb5	; 181
   00F1 B1                  283 	.db #0xb1	; 177
   00F2 B6                  284 	.db #0xb6	; 182
   00F3 B1                  285 	.db #0xb1	; 177
   00F4 B1                  286 	.db #0xb1	; 177
   00F5 B1                  287 	.db #0xb1	; 177
   00F6 B1                  288 	.db #0xb1	; 177
   00F7 B1                  289 	.db #0xb1	; 177
   00F8 B1                  290 	.db #0xb1	; 177
   00F9 B1                  291 	.db #0xb1	; 177
   00FA B1                  292 	.db #0xb1	; 177
   00FB B1                  293 	.db #0xb1	; 177
   00FC E2                  294 	.db #0xe2	; 226
   00FD E3                  295 	.db #0xe3	; 227
   00FE E4                  296 	.db #0xe4	; 228
   00FF E5                  297 	.db #0xe5	; 229
   0100 E6                  298 	.db #0xe6	; 230
   0101 E7                  299 	.db #0xe7	; 231
   0102 B1                  300 	.db #0xb1	; 177
   0103 B1                  301 	.db #0xb1	; 177
   0104 B4                  302 	.db #0xb4	; 180
   0105 B7                  303 	.db #0xb7	; 183
   0106 B4                  304 	.db #0xb4	; 180
   0107 B1                  305 	.db #0xb1	; 177
   0108 B1                  306 	.db #0xb1	; 177
   0109 B1                  307 	.db #0xb1	; 177
   010A B1                  308 	.db #0xb1	; 177
   010B B1                  309 	.db #0xb1	; 177
   010C B1                  310 	.db #0xb1	; 177
   010D B1                  311 	.db #0xb1	; 177
   010E B1                  312 	.db #0xb1	; 177
   010F B1                  313 	.db #0xb1	; 177
   0110 E8                  314 	.db #0xe8	; 232
   0111 E9                  315 	.db #0xe9	; 233
   0112 EA                  316 	.db #0xea	; 234
   0113 EB                  317 	.db #0xeb	; 235
   0114 DD                  318 	.db #0xdd	; 221
   0115 EC                  319 	.db #0xec	; 236
   0116 B1                  320 	.db #0xb1	; 177
   0117 B1                  321 	.db #0xb1	; 177
   0118 B1                  322 	.db #0xb1	; 177
   0119 B1                  323 	.db #0xb1	; 177
   011A B1                  324 	.db #0xb1	; 177
   011B B1                  325 	.db #0xb1	; 177
   011C B8                  326 	.db #0xb8	; 184
   011D B9                  327 	.db #0xb9	; 185
   011E B1                  328 	.db #0xb1	; 177
   011F B1                  329 	.db #0xb1	; 177
   0120 B1                  330 	.db #0xb1	; 177
   0121 B1                  331 	.db #0xb1	; 177
   0122 B1                  332 	.db #0xb1	; 177
   0123 B1                  333 	.db #0xb1	; 177
   0124 ED                  334 	.db #0xed	; 237
   0125 EE                  335 	.db #0xee	; 238
   0126 EF                  336 	.db #0xef	; 239
   0127 EF                  337 	.db #0xef	; 239
   0128 EE                  338 	.db #0xee	; 238
   0129 F0                  339 	.db #0xf0	; 240
   012A B1                  340 	.db #0xb1	; 177
   012B B1                  341 	.db #0xb1	; 177
   012C B1                  342 	.db #0xb1	; 177
   012D B1                  343 	.db #0xb1	; 177
   012E B1                  344 	.db #0xb1	; 177
   012F B1                  345 	.db #0xb1	; 177
   0130 B9                  346 	.db #0xb9	; 185
   0131 B9                  347 	.db #0xb9	; 185
   0132 B1                  348 	.db #0xb1	; 177
   0133 B1                  349 	.db #0xb1	; 177
   0134 B1                  350 	.db #0xb1	; 177
   0135 B1                  351 	.db #0xb1	; 177
   0136 B1                  352 	.db #0xb1	; 177
   0137 B1                  353 	.db #0xb1	; 177
   0138 F1                  354 	.db #0xf1	; 241
   0139 F2                  355 	.db #0xf2	; 242
   013A B0                  356 	.db #0xb0	; 176
   013B B0                  357 	.db #0xb0	; 176
   013C F3                  358 	.db #0xf3	; 243
   013D F4                  359 	.db #0xf4	; 244
   013E B1                  360 	.db #0xb1	; 177
   013F B1                  361 	.db #0xb1	; 177
   0140 B1                  362 	.db #0xb1	; 177
   0141 B1                  363 	.db #0xb1	; 177
   0142 B1                  364 	.db #0xb1	; 177
   0143 B1                  365 	.db #0xb1	; 177
   0144 B1                  366 	.db #0xb1	; 177
   0145 B1                  367 	.db #0xb1	; 177
   0146 B1                  368 	.db #0xb1	; 177
   0147 B1                  369 	.db #0xb1	; 177
   0148 B2                  370 	.db #0xb2	; 178
   0149 B3                  371 	.db #0xb3	; 179
   014A B4                  372 	.db #0xb4	; 180
   014B B1                  373 	.db #0xb1	; 177
   014C DD                  374 	.db #0xdd	; 221
   014D F5                  375 	.db #0xf5	; 245
   014E F6                  376 	.db #0xf6	; 246
   014F F6                  377 	.db #0xf6	; 246
   0150 F7                  378 	.db #0xf7	; 247
   0151 DD                  379 	.db #0xdd	; 221
   0152 B1                  380 	.db #0xb1	; 177
   0153 B1                  381 	.db #0xb1	; 177
   0154 B1                  382 	.db #0xb1	; 177
   0155 B1                  383 	.db #0xb1	; 177
   0156 B1                  384 	.db #0xb1	; 177
   0157 B1                  385 	.db #0xb1	; 177
   0158 B1                  386 	.db #0xb1	; 177
   0159 B1                  387 	.db #0xb1	; 177
   015A B1                  388 	.db #0xb1	; 177
   015B B1                  389 	.db #0xb1	; 177
   015C B5                  390 	.db #0xb5	; 181
   015D B1                  391 	.db #0xb1	; 177
   015E B6                  392 	.db #0xb6	; 182
   015F B1                  393 	.db #0xb1	; 177
   0160 B1                  394 	.db #0xb1	; 177
   0161 B1                  395 	.db #0xb1	; 177
   0162 B1                  396 	.db #0xb1	; 177
   0163 B1                  397 	.db #0xb1	; 177
   0164 B1                  398 	.db #0xb1	; 177
   0165 B8                  399 	.db #0xb8	; 184
   0166 B9                  400 	.db #0xb9	; 185
   0167 B1                  401 	.db #0xb1	; 177
   0168                     402 _Window_MapPLN1:
   0168 8F                  403 	.db #0x8f	; 143
   0169 8F                  404 	.db #0x8f	; 143
   016A 8F                  405 	.db #0x8f	; 143
   016B 8F                  406 	.db #0x8f	; 143
   016C 8F                  407 	.db #0x8f	; 143
   016D 8F                  408 	.db #0x8f	; 143
   016E 8F                  409 	.db #0x8f	; 143
   016F 8F                  410 	.db #0x8f	; 143
   0170 8F                  411 	.db #0x8f	; 143
   0171 8F                  412 	.db #0x8f	; 143
   0172 8F                  413 	.db #0x8f	; 143
   0173 8F                  414 	.db #0x8f	; 143
   0174 8F                  415 	.db #0x8f	; 143
   0175 8F                  416 	.db #0x8f	; 143
   0176 8F                  417 	.db #0x8f	; 143
   0177 8F                  418 	.db #0x8f	; 143
   0178 8F                  419 	.db #0x8f	; 143
   0179 8F                  420 	.db #0x8f	; 143
   017A 8F                  421 	.db #0x8f	; 143
   017B 8F                  422 	.db #0x8f	; 143
   017C 8F                  423 	.db #0x8f	; 143
   017D 8F                  424 	.db #0x8f	; 143
   017E 8F                  425 	.db #0x8f	; 143
   017F 8F                  426 	.db #0x8f	; 143
   0180 8F                  427 	.db #0x8f	; 143
   0181 8F                  428 	.db #0x8f	; 143
   0182 8F                  429 	.db #0x8f	; 143
   0183 8F                  430 	.db #0x8f	; 143
   0184 8F                  431 	.db #0x8f	; 143
   0185 8F                  432 	.db #0x8f	; 143
   0186 EF                  433 	.db #0xef	; 239
   0187 8F                  434 	.db #0x8f	; 143
   0188 CF                  435 	.db #0xcf	; 207
   0189 8F                  436 	.db #0x8f	; 143
   018A 8F                  437 	.db #0x8f	; 143
   018B 8F                  438 	.db #0x8f	; 143
   018C 8F                  439 	.db #0x8f	; 143
   018D 8F                  440 	.db #0x8f	; 143
   018E 8F                  441 	.db #0x8f	; 143
   018F 8F                  442 	.db #0x8f	; 143
   0190 EF                  443 	.db #0xef	; 239
   0191 CF                  444 	.db #0xcf	; 207
   0192 8F                  445 	.db #0x8f	; 143
   0193 8F                  446 	.db #0x8f	; 143
   0194 8F                  447 	.db #0x8f	; 143
   0195 8F                  448 	.db #0x8f	; 143
   0196 8F                  449 	.db #0x8f	; 143
   0197 8F                  450 	.db #0x8f	; 143
   0198 8F                  451 	.db #0x8f	; 143
   0199 8F                  452 	.db #0x8f	; 143
   019A 8F                  453 	.db #0x8f	; 143
   019B 8F                  454 	.db #0x8f	; 143
   019C 8F                  455 	.db #0x8f	; 143
   019D 8F                  456 	.db #0x8f	; 143
   019E 8F                  457 	.db #0x8f	; 143
   019F 8F                  458 	.db #0x8f	; 143
   01A0 8F                  459 	.db #0x8f	; 143
   01A1 8F                  460 	.db #0x8f	; 143
   01A2 8F                  461 	.db #0x8f	; 143
   01A3 8F                  462 	.db #0x8f	; 143
   01A4 8F                  463 	.db #0x8f	; 143
   01A5 8F                  464 	.db #0x8f	; 143
   01A6 8F                  465 	.db #0x8f	; 143
   01A7 8F                  466 	.db #0x8f	; 143
   01A8 8F                  467 	.db #0x8f	; 143
   01A9 8F                  468 	.db #0x8f	; 143
   01AA AF                  469 	.db #0xaf	; 175
   01AB AF                  470 	.db #0xaf	; 175
   01AC 8F                  471 	.db #0x8f	; 143
   01AD 8F                  472 	.db #0x8f	; 143
   01AE 8F                  473 	.db #0x8f	; 143
   01AF 8F                  474 	.db #0x8f	; 143
   01B0 8F                  475 	.db #0x8f	; 143
   01B1 8F                  476 	.db #0x8f	; 143
   01B2 8F                  477 	.db #0x8f	; 143
   01B3 8F                  478 	.db #0x8f	; 143
   01B4 8F                  479 	.db #0x8f	; 143
   01B5 8F                  480 	.db #0x8f	; 143
   01B6 EF                  481 	.db #0xef	; 239
   01B7 CF                  482 	.db #0xcf	; 207
   01B8 8F                  483 	.db #0x8f	; 143
   01B9 8F                  484 	.db #0x8f	; 143
   01BA 8F                  485 	.db #0x8f	; 143
   01BB 8F                  486 	.db #0x8f	; 143
   01BC 8F                  487 	.db #0x8f	; 143
   01BD 8F                  488 	.db #0x8f	; 143
   01BE AF                  489 	.db #0xaf	; 175
   01BF 8F                  490 	.db #0x8f	; 143
   01C0 8F                  491 	.db #0x8f	; 143
   01C1 8F                  492 	.db #0x8f	; 143
   01C2 8F                  493 	.db #0x8f	; 143
   01C3 8F                  494 	.db #0x8f	; 143
   01C4 8F                  495 	.db #0x8f	; 143
   01C5 8F                  496 	.db #0x8f	; 143
   01C6 8F                  497 	.db #0x8f	; 143
   01C7 8F                  498 	.db #0x8f	; 143
   01C8 8F                  499 	.db #0x8f	; 143
   01C9 8F                  500 	.db #0x8f	; 143
   01CA 8F                  501 	.db #0x8f	; 143
   01CB 8F                  502 	.db #0x8f	; 143
   01CC 8F                  503 	.db #0x8f	; 143
   01CD 8F                  504 	.db #0x8f	; 143
   01CE 8F                  505 	.db #0x8f	; 143
   01CF 8F                  506 	.db #0x8f	; 143
   01D0 8F                  507 	.db #0x8f	; 143
   01D1 8F                  508 	.db #0x8f	; 143
   01D2 8F                  509 	.db #0x8f	; 143
   01D3 8F                  510 	.db #0x8f	; 143
   01D4 8F                  511 	.db #0x8f	; 143
   01D5 8F                  512 	.db #0x8f	; 143
   01D6 8F                  513 	.db #0x8f	; 143
   01D7 8F                  514 	.db #0x8f	; 143
   01D8 8F                  515 	.db #0x8f	; 143
   01D9 8F                  516 	.db #0x8f	; 143
   01DA 8F                  517 	.db #0x8f	; 143
   01DB 8F                  518 	.db #0x8f	; 143
   01DC 8F                  519 	.db #0x8f	; 143
   01DD 8F                  520 	.db #0x8f	; 143
   01DE 8F                  521 	.db #0x8f	; 143
   01DF 8F                  522 	.db #0x8f	; 143
   01E0 8F                  523 	.db #0x8f	; 143
   01E1 8F                  524 	.db #0x8f	; 143
   01E2 8F                  525 	.db #0x8f	; 143
   01E3 8F                  526 	.db #0x8f	; 143
   01E4 8F                  527 	.db #0x8f	; 143
   01E5 8F                  528 	.db #0x8f	; 143
   01E6 AF                  529 	.db #0xaf	; 175
   01E7 AF                  530 	.db #0xaf	; 175
   01E8 8F                  531 	.db #0x8f	; 143
   01E9 CF                  532 	.db #0xcf	; 207
   01EA 8F                  533 	.db #0x8f	; 143
   01EB 8F                  534 	.db #0x8f	; 143
   01EC 8F                  535 	.db #0x8f	; 143
   01ED 8F                  536 	.db #0x8f	; 143
   01EE 8F                  537 	.db #0x8f	; 143
   01EF 8F                  538 	.db #0x8f	; 143
   01F0 8F                  539 	.db #0x8f	; 143
   01F1 8F                  540 	.db #0x8f	; 143
   01F2 8F                  541 	.db #0x8f	; 143
   01F3 8F                  542 	.db #0x8f	; 143
   01F4 8F                  543 	.db #0x8f	; 143
   01F5 8F                  544 	.db #0x8f	; 143
   01F6 8F                  545 	.db #0x8f	; 143
   01F7 8F                  546 	.db #0x8f	; 143
   01F8 8F                  547 	.db #0x8f	; 143
   01F9 8F                  548 	.db #0x8f	; 143
   01FA 8F                  549 	.db #0x8f	; 143
   01FB 8F                  550 	.db #0x8f	; 143
   01FC 8F                  551 	.db #0x8f	; 143
   01FD AF                  552 	.db #0xaf	; 175
   01FE 8F                  553 	.db #0x8f	; 143
   01FF 8F                  554 	.db #0x8f	; 143
   0200 8F                  555 	.db #0x8f	; 143
   0201 8F                  556 	.db #0x8f	; 143
   0202 8F                  557 	.db #0x8f	; 143
   0203 8F                  558 	.db #0x8f	; 143
   0204 8F                  559 	.db #0x8f	; 143
   0205 8F                  560 	.db #0x8f	; 143
   0206 8F                  561 	.db #0x8f	; 143
   0207 8F                  562 	.db #0x8f	; 143
   0208 8F                  563 	.db #0x8f	; 143
   0209 8F                  564 	.db #0x8f	; 143
   020A EF                  565 	.db #0xef	; 239
   020B 8F                  566 	.db #0x8f	; 143
   020C 8F                  567 	.db #0x8f	; 143
   020D 8F                  568 	.db #0x8f	; 143
   020E 8F                  569 	.db #0x8f	; 143
   020F AF                  570 	.db #0xaf	; 175
   0210 AF                  571 	.db #0xaf	; 175
   0211 CF                  572 	.db #0xcf	; 207
   0212 8F                  573 	.db #0x8f	; 143
   0213 8F                  574 	.db #0x8f	; 143
   0214 EF                  575 	.db #0xef	; 239
   0215 CF                  576 	.db #0xcf	; 207
   0216 8F                  577 	.db #0x8f	; 143
   0217 8F                  578 	.db #0x8f	; 143
   0218 8F                  579 	.db #0x8f	; 143
   0219 8F                  580 	.db #0x8f	; 143
   021A 8F                  581 	.db #0x8f	; 143
   021B 8F                  582 	.db #0x8f	; 143
   021C 8F                  583 	.db #0x8f	; 143
   021D 8F                  584 	.db #0x8f	; 143
   021E 8F                  585 	.db #0x8f	; 143
   021F EF                  586 	.db #0xef	; 239
   0220 EF                  587 	.db #0xef	; 239
   0221 8F                  588 	.db #0x8f	; 143
   0222 AF                  589 	.db #0xaf	; 175
   0223 CF                  590 	.db #0xcf	; 207
   0224 CF                  591 	.db #0xcf	; 207
   0225 8F                  592 	.db #0x8f	; 143
   0226 8F                  593 	.db #0x8f	; 143
   0227 8F                  594 	.db #0x8f	; 143
   0228 8F                  595 	.db #0x8f	; 143
   0229 8F                  596 	.db #0x8f	; 143
   022A 8F                  597 	.db #0x8f	; 143
   022B 8F                  598 	.db #0x8f	; 143
   022C 8F                  599 	.db #0x8f	; 143
   022D 8F                  600 	.db #0x8f	; 143
   022E 8F                  601 	.db #0x8f	; 143
   022F EF                  602 	.db #0xef	; 239
   0230 8F                  603 	.db #0x8f	; 143
   0231 8F                  604 	.db #0x8f	; 143
   0232 8F                  605 	.db #0x8f	; 143
   0233 8F                  606 	.db #0x8f	; 143
   0234 8F                  607 	.db #0x8f	; 143
   0235 8F                  608 	.db #0x8f	; 143
   0236 8F                  609 	.db #0x8f	; 143
   0237 8F                  610 	.db #0x8f	; 143
   0238 8F                  611 	.db #0x8f	; 143
   0239 8F                  612 	.db #0x8f	; 143
   023A 8F                  613 	.db #0x8f	; 143
   023B 8F                  614 	.db #0x8f	; 143
   023C 8F                  615 	.db #0x8f	; 143
   023D 8F                  616 	.db #0x8f	; 143
   023E 8F                  617 	.db #0x8f	; 143
   023F 8F                  618 	.db #0x8f	; 143
   0240 8F                  619 	.db #0x8f	; 143
   0241 8F                  620 	.db #0x8f	; 143
   0242 8F                  621 	.db #0x8f	; 143
   0243 8F                  622 	.db #0x8f	; 143
   0244 8F                  623 	.db #0x8f	; 143
   0245 8F                  624 	.db #0x8f	; 143
   0246 8F                  625 	.db #0x8f	; 143
   0247 8F                  626 	.db #0x8f	; 143
   0248 8F                  627 	.db #0x8f	; 143
   0249 8F                  628 	.db #0x8f	; 143
   024A 8F                  629 	.db #0x8f	; 143
   024B 8F                  630 	.db #0x8f	; 143
   024C 8F                  631 	.db #0x8f	; 143
   024D 8F                  632 	.db #0x8f	; 143
   024E 8F                  633 	.db #0x8f	; 143
   024F 8F                  634 	.db #0x8f	; 143
   0250 8F                  635 	.db #0x8f	; 143
   0251 8F                  636 	.db #0x8f	; 143
   0252 8F                  637 	.db #0x8f	; 143
   0253 8F                  638 	.db #0x8f	; 143
   0254 8F                  639 	.db #0x8f	; 143
   0255 AF                  640 	.db #0xaf	; 175
   0256 8F                  641 	.db #0x8f	; 143
   0257 8F                  642 	.db #0x8f	; 143
   0258 8F                  643 	.db #0x8f	; 143
   0259 8F                  644 	.db #0x8f	; 143
   025A 8F                  645 	.db #0x8f	; 143
   025B 8F                  646 	.db #0x8f	; 143
   025C 8F                  647 	.db #0x8f	; 143
   025D 8F                  648 	.db #0x8f	; 143
   025E 8F                  649 	.db #0x8f	; 143
   025F 8F                  650 	.db #0x8f	; 143
   0260 8F                  651 	.db #0x8f	; 143
   0261 8F                  652 	.db #0x8f	; 143
   0262 8F                  653 	.db #0x8f	; 143
   0263 8F                  654 	.db #0x8f	; 143
   0264 8F                  655 	.db #0x8f	; 143
   0265 8F                  656 	.db #0x8f	; 143
   0266 8F                  657 	.db #0x8f	; 143
   0267 8F                  658 	.db #0x8f	; 143
   0268 8F                  659 	.db #0x8f	; 143
   0269 8F                  660 	.db #0x8f	; 143
   026A 8F                  661 	.db #0x8f	; 143
   026B 8F                  662 	.db #0x8f	; 143
   026C EF                  663 	.db #0xef	; 239
   026D 8F                  664 	.db #0x8f	; 143
   026E CF                  665 	.db #0xcf	; 207
   026F 8F                  666 	.db #0x8f	; 143
   0270 8F                  667 	.db #0x8f	; 143
   0271 8F                  668 	.db #0x8f	; 143
   0272 8F                  669 	.db #0x8f	; 143
   0273 8F                  670 	.db #0x8f	; 143
   0274 8F                  671 	.db #0x8f	; 143
   0275 8F                  672 	.db #0x8f	; 143
   0276 8F                  673 	.db #0x8f	; 143
   0277 8F                  674 	.db #0x8f	; 143
   0278 8F                  675 	.db #0x8f	; 143
   0279 8F                  676 	.db #0x8f	; 143
   027A 8F                  677 	.db #0x8f	; 143
   027B 8F                  678 	.db #0x8f	; 143
   027C 8F                  679 	.db #0x8f	; 143
   027D 8F                  680 	.db #0x8f	; 143
   027E 8F                  681 	.db #0x8f	; 143
   027F 8F                  682 	.db #0x8f	; 143
   0280 8F                  683 	.db #0x8f	; 143
   0281 8F                  684 	.db #0x8f	; 143
   0282 8F                  685 	.db #0x8f	; 143
   0283 8F                  686 	.db #0x8f	; 143
   0284 8F                  687 	.db #0x8f	; 143
   0285 8F                  688 	.db #0x8f	; 143
   0286 8F                  689 	.db #0x8f	; 143
   0287 8F                  690 	.db #0x8f	; 143
   0288 8F                  691 	.db #0x8f	; 143
   0289 8F                  692 	.db #0x8f	; 143
   028A 8F                  693 	.db #0x8f	; 143
   028B 8F                  694 	.db #0x8f	; 143
   028C 8F                  695 	.db #0x8f	; 143
   028D 8F                  696 	.db #0x8f	; 143
   028E 8F                  697 	.db #0x8f	; 143
   028F AF                  698 	.db #0xaf	; 175
   0290 AF                  699 	.db #0xaf	; 175
   0291 8F                  700 	.db #0x8f	; 143
   0292 8F                  701 	.db #0x8f	; 143
   0293 8F                  702 	.db #0x8f	; 143
   0294 8F                  703 	.db #0x8f	; 143
   0295 8F                  704 	.db #0x8f	; 143
   0296 8F                  705 	.db #0x8f	; 143
   0297 8F                  706 	.db #0x8f	; 143
   0298 EF                  707 	.db #0xef	; 239
   0299 CF                  708 	.db #0xcf	; 207
   029A 8F                  709 	.db #0x8f	; 143
   029B 8F                  710 	.db #0x8f	; 143
   029C 8F                  711 	.db #0x8f	; 143
   029D 8F                  712 	.db #0x8f	; 143
   029E 8F                  713 	.db #0x8f	; 143
   029F 8F                  714 	.db #0x8f	; 143
   02A0 8F                  715 	.db #0x8f	; 143
   02A1 8F                  716 	.db #0x8f	; 143
   02A2 8F                  717 	.db #0x8f	; 143
   02A3 8F                  718 	.db #0x8f	; 143
   02A4 8F                  719 	.db #0x8f	; 143
   02A5 8F                  720 	.db #0x8f	; 143
   02A6 8F                  721 	.db #0x8f	; 143
   02A7 8F                  722 	.db #0x8f	; 143
   02A8 8F                  723 	.db #0x8f	; 143
   02A9 8F                  724 	.db #0x8f	; 143
   02AA 8F                  725 	.db #0x8f	; 143
   02AB 8F                  726 	.db #0x8f	; 143
   02AC 8F                  727 	.db #0x8f	; 143
   02AD 8F                  728 	.db #0x8f	; 143
   02AE 8F                  729 	.db #0x8f	; 143
   02AF 8F                  730 	.db #0x8f	; 143
   02B0 8F                  731 	.db #0x8f	; 143
   02B1 8F                  732 	.db #0x8f	; 143
   02B2 8F                  733 	.db #0x8f	; 143
   02B3 8F                  734 	.db #0x8f	; 143
   02B4 CF                  735 	.db #0xcf	; 207
   02B5 8F                  736 	.db #0x8f	; 143
   02B6 8F                  737 	.db #0x8f	; 143
   02B7 AF                  738 	.db #0xaf	; 175
   02B8 8F                  739 	.db #0x8f	; 143
   02B9 EF                  740 	.db #0xef	; 239
   02BA 8F                  741 	.db #0x8f	; 143
   02BB 8F                  742 	.db #0x8f	; 143
   02BC 8F                  743 	.db #0x8f	; 143
   02BD 8F                  744 	.db #0x8f	; 143
   02BE 8F                  745 	.db #0x8f	; 143
   02BF 8F                  746 	.db #0x8f	; 143
   02C0 8F                  747 	.db #0x8f	; 143
   02C1 8F                  748 	.db #0x8f	; 143
   02C2 8F                  749 	.db #0x8f	; 143
   02C3 8F                  750 	.db #0x8f	; 143
   02C4 8F                  751 	.db #0x8f	; 143
   02C5 8F                  752 	.db #0x8f	; 143
   02C6 8F                  753 	.db #0x8f	; 143
   02C7 8F                  754 	.db #0x8f	; 143
   02C8 8F                  755 	.db #0x8f	; 143
   02C9 8F                  756 	.db #0x8f	; 143
   02CA 8F                  757 	.db #0x8f	; 143
   02CB 8F                  758 	.db #0x8f	; 143
   02CC 8F                  759 	.db #0x8f	; 143
   02CD 8F                  760 	.db #0x8f	; 143
   02CE 8F                  761 	.db #0x8f	; 143
   02CF 8F                  762 	.db #0x8f	; 143
                            763 	.area _CABS (ABS)
