                              1 ;--------------------------------------------------------
                              2 ; File Created by SDCC : free open source ANSI-C Compiler
                              3 ; Version 4.0.0 #11528 (MINGW32)
                              4 ;--------------------------------------------------------
                              5 	.module C__Users_Mills_AppData_Local_Temp_lcc12121
                              6 	.optsdcc -mgbz80
                              7 	
                              8 ;--------------------------------------------------------
                              9 ; Public variables in this module
                             10 ;--------------------------------------------------------
                             11 	.globl _Zilog_Sprites
                             12 	.globl _Zilog_SpritesCGB
                             13 	.globl _Zilog_SpritesPAL
                             14 ;--------------------------------------------------------
                             15 ; special function registers
                             16 ;--------------------------------------------------------
                             17 ;--------------------------------------------------------
                             18 ; ram data
                             19 ;--------------------------------------------------------
                             20 	.area _DATA
                             21 ;--------------------------------------------------------
                             22 ; absolute external ram data
                             23 ;--------------------------------------------------------
                             24 	.area _DABS (ABS)
                             25 ;--------------------------------------------------------
                             26 ; global & static initialisations
                             27 ;--------------------------------------------------------
                             28 	.area _HOME
                             29 	.area _GSINIT
                             30 	.area _GSFINAL
                             31 	.area _GSINIT
                             32 ;--------------------------------------------------------
                             33 ; Home
                             34 ;--------------------------------------------------------
                             35 	.area _HOME
                             36 	.area _HOME
                             37 ;--------------------------------------------------------
                             38 ; code
                             39 ;--------------------------------------------------------
                             40 	.area _CODE
                             41 	.area _CODE
   0000                      42 _Zilog_SpritesPAL:
   0000 FF 7F                43 	.dw #0x7fff
   0002 DE 73                44 	.dw #0x73de
   0004 DF 7C                45 	.dw #0x7cdf
   0006 00 00                46 	.dw #0x0000
   0008 DB 77                47 	.dw #0x77db
   000A 4D 7F                48 	.dw #0x7f4d
   000C 89 7E                49 	.dw #0x7e89
   000E 00 7C                50 	.dw #0x7c00
   0010 DB 77                51 	.dw #0x77db
   0012 4D 7F                52 	.dw #0x7f4d
   0014 89 7E                53 	.dw #0x7e89
   0016 00 7C                54 	.dw #0x7c00
   0018 DB 77                55 	.dw #0x77db
   001A 4D 7F                56 	.dw #0x7f4d
   001C 89 7E                57 	.dw #0x7e89
   001E 00 7C                58 	.dw #0x7c00
   0020 DB 77                59 	.dw #0x77db
   0022 4D 7F                60 	.dw #0x7f4d
   0024 89 7E                61 	.dw #0x7e89
   0026 00 7C                62 	.dw #0x7c00
   0028 DB 77                63 	.dw #0x77db
   002A 4D 7F                64 	.dw #0x7f4d
   002C 89 7E                65 	.dw #0x7e89
   002E 00 7C                66 	.dw #0x7c00
   0030 DB 77                67 	.dw #0x77db
   0032 4D 7F                68 	.dw #0x7f4d
   0034 89 7E                69 	.dw #0x7e89
   0036 00 7C                70 	.dw #0x7c00
   0038 DB 77                71 	.dw #0x77db
   003A 4D 7F                72 	.dw #0x7f4d
   003C 89 7E                73 	.dw #0x7e89
   003E 00 7C                74 	.dw #0x7c00
   0040                      75 _Zilog_SpritesCGB:
   0040 00                   76 	.db #0x00	; 0
   0041 00                   77 	.db #0x00	; 0
   0042 00                   78 	.db #0x00	; 0
   0043 00                   79 	.db #0x00	; 0
   0044 00                   80 	.db #0x00	; 0
   0045 00                   81 	.db #0x00	; 0
   0046 00                   82 	.db #0x00	; 0
   0047 00                   83 	.db #0x00	; 0
   0048 00                   84 	.db #0x00	; 0
   0049 00                   85 	.db #0x00	; 0
   004A 00                   86 	.db #0x00	; 0
   004B 00                   87 	.db #0x00	; 0
   004C 00                   88 	.db #0x00	; 0
   004D 00                   89 	.db #0x00	; 0
   004E 00                   90 	.db #0x00	; 0
   004F 00                   91 	.db #0x00	; 0
   0050                      92 _Zilog_Sprites:
   0050 00                   93 	.db #0x00	; 0
   0051 00                   94 	.db #0x00	; 0
   0052 3F                   95 	.db #0x3f	; 63
   0053 3F                   96 	.db #0x3f	; 63
   0054 40                   97 	.db #0x40	; 64
   0055 7F                   98 	.db #0x7f	; 127
   0056 40                   99 	.db #0x40	; 64
   0057 7F                  100 	.db #0x7f	; 127
   0058 46                  101 	.db #0x46	; 70	'F'
   0059 7F                  102 	.db #0x7f	; 127
   005A 49                  103 	.db #0x49	; 73	'I'
   005B 79                  104 	.db #0x79	; 121	'y'
   005C 49                  105 	.db #0x49	; 73	'I'
   005D 79                  106 	.db #0x79	; 121	'y'
   005E 46                  107 	.db #0x46	; 70	'F'
   005F 7F                  108 	.db #0x7f	; 127
   0060 40                  109 	.db #0x40	; 64
   0061 7F                  110 	.db #0x7f	; 127
   0062 40                  111 	.db #0x40	; 64
   0063 7F                  112 	.db #0x7f	; 127
   0064 21                  113 	.db #0x21	; 33
   0065 3F                  114 	.db #0x3f	; 63
   0066 22                  115 	.db #0x22	; 34
   0067 3E                  116 	.db #0x3e	; 62
   0068 22                  117 	.db #0x22	; 34
   0069 3E                  118 	.db #0x3e	; 62
   006A 22                  119 	.db #0x22	; 34
   006B 3E                  120 	.db #0x3e	; 62
   006C 1C                  121 	.db #0x1c	; 28
   006D 1C                  122 	.db #0x1c	; 28
   006E 00                  123 	.db #0x00	; 0
   006F 00                  124 	.db #0x00	; 0
   0070 00                  125 	.db #0x00	; 0
   0071 00                  126 	.db #0x00	; 0
   0072 83                  127 	.db #0x83	; 131
   0073 83                  128 	.db #0x83	; 131
   0074 4C                  129 	.db #0x4c	; 76	'L'
   0075 CF                  130 	.db #0xcf	; 207
   0076 30                  131 	.db #0x30	; 48	'0'
   0077 FF                  132 	.db #0xff	; 255
   0078 21                  133 	.db #0x21	; 33
   0079 FF                  134 	.db #0xff	; 255
   007A 42                  135 	.db #0x42	; 66	'B'
   007B FE                  136 	.db #0xfe	; 254
   007C 42                  137 	.db #0x42	; 66	'B'
   007D FE                  138 	.db #0xfe	; 254
   007E 44                  139 	.db #0x44	; 68	'D'
   007F FC                  140 	.db #0xfc	; 252
   0080 44                  141 	.db #0x44	; 68	'D'
   0081 FC                  142 	.db #0xfc	; 252
   0082 44                  143 	.db #0x44	; 68	'D'
   0083 FC                  144 	.db #0xfc	; 252
   0084 A2                  145 	.db #0xa2	; 162
   0085 BE                  146 	.db #0xbe	; 190
   0086 21                  147 	.db #0x21	; 33
   0087 3F                  148 	.db #0x3f	; 63
   0088 10                  149 	.db #0x10	; 16
   0089 1F                  150 	.db #0x1f	; 31
   008A 08                  151 	.db #0x08	; 8
   008B 0F                  152 	.db #0x0f	; 15
   008C 07                  153 	.db #0x07	; 7
   008D 07                  154 	.db #0x07	; 7
   008E 00                  155 	.db #0x00	; 0
   008F 00                  156 	.db #0x00	; 0
   0090 03                  157 	.db #0x03	; 3
   0091 03                  158 	.db #0x03	; 3
   0092 F2                  159 	.db #0xf2	; 242
   0093 F3                  160 	.db #0xf3	; 243
   0094 0A                  161 	.db #0x0a	; 10
   0095 FB                  162 	.db #0xfb	; 251
   0096 06                  163 	.db #0x06	; 6
   0097 FF                  164 	.db #0xff	; 255
   0098 C2                  165 	.db #0xc2	; 194
   0099 FF                  166 	.db #0xff	; 255
   009A 22                  167 	.db #0x22	; 34
   009B 3F                  168 	.db #0x3f	; 63
   009C 12                  169 	.db #0x12	; 18
   009D 1F                  170 	.db #0x1f	; 31
   009E 12                  171 	.db #0x12	; 18
   009F 1F                  172 	.db #0x1f	; 31
   00A0 12                  173 	.db #0x12	; 18
   00A1 1F                  174 	.db #0x1f	; 31
   00A2 22                  175 	.db #0x22	; 34
   00A3 3F                  176 	.db #0x3f	; 63
   00A4 22                  177 	.db #0x22	; 34
   00A5 3F                  178 	.db #0x3f	; 63
   00A6 C2                  179 	.db #0xc2	; 194
   00A7 FF                  180 	.db #0xff	; 255
   00A8 06                  181 	.db #0x06	; 6
   00A9 FF                  182 	.db #0xff	; 255
   00AA 19                  183 	.db #0x19	; 25
   00AB F9                  184 	.db #0xf9	; 249
   00AC E0                  185 	.db #0xe0	; 224
   00AD E0                  186 	.db #0xe0	; 224
   00AE 00                  187 	.db #0x00	; 0
   00AF 00                  188 	.db #0x00	; 0
   00B0 80                  189 	.db #0x80	; 128
   00B1 80                  190 	.db #0x80	; 128
   00B2 46                  191 	.db #0x46	; 70	'F'
   00B3 C6                  192 	.db #0xc6	; 198
   00B4 49                  193 	.db #0x49	; 73	'I'
   00B5 CF                  194 	.db #0xcf	; 207
   00B6 51                  195 	.db #0x51	; 81	'Q'
   00B7 DF                  196 	.db #0xdf	; 223
   00B8 51                  197 	.db #0x51	; 81	'Q'
   00B9 DF                  198 	.db #0xdf	; 223
   00BA 21                  199 	.db #0x21	; 33
   00BB FF                  200 	.db #0xff	; 255
   00BC 01                  201 	.db #0x01	; 1
   00BD FF                  202 	.db #0xff	; 255
   00BE 00                  203 	.db #0x00	; 0
   00BF FF                  204 	.db #0xff	; 255
   00C0 00                  205 	.db #0x00	; 0
   00C1 FF                  206 	.db #0xff	; 255
   00C2 08                  207 	.db #0x08	; 8
   00C3 FF                  208 	.db #0xff	; 255
   00C4 14                  209 	.db #0x14	; 20
   00C5 F7                  210 	.db #0xf7	; 247
   00C6 14                  211 	.db #0x14	; 20
   00C7 F7                  212 	.db #0xf7	; 247
   00C8 24                  213 	.db #0x24	; 36
   00C9 E7                  214 	.db #0xe7	; 231
   00CA C4                  215 	.db #0xc4	; 196
   00CB C7                  216 	.db #0xc7	; 199
   00CC 03                  217 	.db #0x03	; 3
   00CD 03                  218 	.db #0x03	; 3
   00CE 00                  219 	.db #0x00	; 0
   00CF 00                  220 	.db #0x00	; 0
   00D0 00                  221 	.db #0x00	; 0
   00D1 00                  222 	.db #0x00	; 0
   00D2 01                  223 	.db #0x01	; 1
   00D3 01                  224 	.db #0x01	; 1
   00D4 1D                  225 	.db #0x1d	; 29
   00D5 1D                  226 	.db #0x1d	; 29
   00D6 22                  227 	.db #0x22	; 34
   00D7 3F                  228 	.db #0x3f	; 63
   00D8 22                  229 	.db #0x22	; 34
   00D9 3F                  230 	.db #0x3f	; 63
   00DA 46                  231 	.db #0x46	; 70	'F'
   00DB 7F                  232 	.db #0x7f	; 127
   00DC 44                  233 	.db #0x44	; 68	'D'
   00DD 7F                  234 	.db #0x7f	; 127
   00DE 84                  235 	.db #0x84	; 132
   00DF FF                  236 	.db #0xff	; 255
   00E0 0C                  237 	.db #0x0c	; 12
   00E1 FF                  238 	.db #0xff	; 255
   00E2 14                  239 	.db #0x14	; 20
   00E3 F7                  240 	.db #0xf7	; 247
   00E4 14                  241 	.db #0x14	; 20
   00E5 F7                  242 	.db #0xf7	; 247
   00E6 24                  243 	.db #0x24	; 36
   00E7 E7                  244 	.db #0xe7	; 231
   00E8 24                  245 	.db #0x24	; 36
   00E9 E7                  246 	.db #0xe7	; 231
   00EA 46                  247 	.db #0x46	; 70	'F'
   00EB C7                  248 	.db #0xc7	; 199
   00EC 81                  249 	.db #0x81	; 129
   00ED 81                  250 	.db #0x81	; 129
   00EE 00                  251 	.db #0x00	; 0
   00EF 00                  252 	.db #0x00	; 0
   00F0 00                  253 	.db #0x00	; 0
   00F1 00                  254 	.db #0x00	; 0
   00F2 F9                  255 	.db #0xf9	; 249
   00F3 F9                  256 	.db #0xf9	; 249
   00F4 06                  257 	.db #0x06	; 6
   00F5 FF                  258 	.db #0xff	; 255
   00F6 02                  259 	.db #0x02	; 2
   00F7 FF                  260 	.db #0xff	; 255
   00F8 7E                  261 	.db #0x7e	; 126
   00F9 FF                  262 	.db #0xff	; 255
   00FA 42                  263 	.db #0x42	; 66	'B'
   00FB C3                  264 	.db #0xc3	; 195
   00FC 7A                  265 	.db #0x7a	; 122	'z'
   00FD FB                  266 	.db #0xfb	; 251
   00FE 06                  267 	.db #0x06	; 6
   00FF FF                  268 	.db #0xff	; 255
   0100 06                  269 	.db #0x06	; 6
   0101 FF                  270 	.db #0xff	; 255
   0102 7A                  271 	.db #0x7a	; 122	'z'
   0103 FB                  272 	.db #0xfb	; 251
   0104 84                  273 	.db #0x84	; 132
   0105 87                  274 	.db #0x87	; 135
   0106 74                  275 	.db #0x74	; 116	't'
   0107 F7                  276 	.db #0xf7	; 247
   0108 0C                  277 	.db #0x0c	; 12
   0109 FF                  278 	.db #0xff	; 255
   010A 0A                  279 	.db #0x0a	; 10
   010B FB                  280 	.db #0xfb	; 251
   010C F9                  281 	.db #0xf9	; 249
   010D F9                  282 	.db #0xf9	; 249
   010E 00                  283 	.db #0x00	; 0
   010F 00                  284 	.db #0x00	; 0
   0110 00                  285 	.db #0x00	; 0
   0111 00                  286 	.db #0x00	; 0
   0112 FC                  287 	.db #0xfc	; 252
   0113 FC                  288 	.db #0xfc	; 252
   0114 02                  289 	.db #0x02	; 2
   0115 FE                  290 	.db #0xfe	; 254
   0116 01                  291 	.db #0x01	; 1
   0117 FF                  292 	.db #0xff	; 255
   0118 30                  293 	.db #0x30	; 48	'0'
   0119 FF                  294 	.db #0xff	; 255
   011A 28                  295 	.db #0x28	; 40
   011B EF                  296 	.db #0xef	; 239
   011C 30                  297 	.db #0x30	; 48	'0'
   011D FF                  298 	.db #0xff	; 255
   011E 00                  299 	.db #0x00	; 0
   011F FF                  300 	.db #0xff	; 255
   0120 03                  301 	.db #0x03	; 3
   0121 FF                  302 	.db #0xff	; 255
   0122 05                  303 	.db #0x05	; 5
   0123 FD                  304 	.db #0xfd	; 253
   0124 03                  305 	.db #0x03	; 3
   0125 FF                  306 	.db #0xff	; 255
   0126 21                  307 	.db #0x21	; 33
   0127 FF                  308 	.db #0xff	; 255
   0128 51                  309 	.db #0x51	; 81	'Q'
   0129 DF                  310 	.db #0xdf	; 223
   012A 49                  311 	.db #0x49	; 73	'I'
   012B CF                  312 	.db #0xcf	; 207
   012C 8E                  313 	.db #0x8e	; 142
   012D 8E                  314 	.db #0x8e	; 142
   012E 00                  315 	.db #0x00	; 0
   012F 00                  316 	.db #0x00	; 0
   0130 00                  317 	.db #0x00	; 0
   0131 00                  318 	.db #0x00	; 0
   0132 7E                  319 	.db #0x7e	; 126
   0133 7E                  320 	.db #0x7e	; 126
   0134 41                  321 	.db #0x41	; 65	'A'
   0135 7F                  322 	.db #0x7f	; 127
   0136 80                  323 	.db #0x80	; 128
   0137 FF                  324 	.db #0xff	; 255
   0138 9E                  325 	.db #0x9e	; 158
   0139 FF                  326 	.db #0xff	; 255
   013A 91                  327 	.db #0x91	; 145
   013B F1                  328 	.db #0xf1	; 241
   013C 8E                  329 	.db #0x8e	; 142
   013D FE                  330 	.db #0xfe	; 254
   013E 81                  331 	.db #0x81	; 129
   013F FF                  332 	.db #0xff	; 255
   0140 01                  333 	.db #0x01	; 1
   0141 FF                  334 	.db #0xff	; 255
   0142 3E                  335 	.db #0x3e	; 62
   0143 FE                  336 	.db #0xfe	; 254
   0144 20                  337 	.db #0x20	; 32
   0145 E0                  338 	.db #0xe0	; 224
   0146 1C                  339 	.db #0x1c	; 28
   0147 FC                  340 	.db #0xfc	; 252
   0148 02                  341 	.db #0x02	; 2
   0149 FE                  342 	.db #0xfe	; 254
   014A 82                  343 	.db #0x82	; 130
   014B FE                  344 	.db #0xfe	; 254
   014C 7E                  345 	.db #0x7e	; 126
   014D 7E                  346 	.db #0x7e	; 126
   014E 00                  347 	.db #0x00	; 0
   014F 00                  348 	.db #0x00	; 0
   0150 00                  349 	.db #0x00	; 0
   0151 00                  350 	.db #0x00	; 0
   0152 7F                  351 	.db #0x7f	; 127
   0153 7F                  352 	.db #0x7f	; 127
   0154 80                  353 	.db #0x80	; 128
   0155 FF                  354 	.db #0xff	; 255
   0156 80                  355 	.db #0x80	; 128
   0157 FF                  356 	.db #0xff	; 255
   0158 86                  357 	.db #0x86	; 134
   0159 FF                  358 	.db #0xff	; 255
   015A 89                  359 	.db #0x89	; 137
   015B F9                  360 	.db #0xf9	; 249
   015C 88                  361 	.db #0x88	; 136
   015D F8                  362 	.db #0xf8	; 248
   015E 88                  363 	.db #0x88	; 136
   015F F8                  364 	.db #0xf8	; 248
   0160 48                  365 	.db #0x48	; 72	'H'
   0161 78                  366 	.db #0x78	; 120	'x'
   0162 48                  367 	.db #0x48	; 72	'H'
   0163 78                  368 	.db #0x78	; 120	'x'
   0164 49                  369 	.db #0x49	; 73	'I'
   0165 79                  370 	.db #0x79	; 121	'y'
   0166 46                  371 	.db #0x46	; 70	'F'
   0167 7F                  372 	.db #0x7f	; 127
   0168 40                  373 	.db #0x40	; 64
   0169 7F                  374 	.db #0x7f	; 127
   016A 40                  375 	.db #0x40	; 64
   016B 7F                  376 	.db #0x7f	; 127
   016C 3F                  377 	.db #0x3f	; 63
   016D 3F                  378 	.db #0x3f	; 63
   016E 00                  379 	.db #0x00	; 0
   016F 00                  380 	.db #0x00	; 0
   0170 00                  381 	.db #0x00	; 0
   0171 00                  382 	.db #0x00	; 0
   0172 80                  383 	.db #0x80	; 128
   0173 80                  384 	.db #0x80	; 128
   0174 40                  385 	.db #0x40	; 64
   0175 C0                  386 	.db #0xc0	; 192
   0176 20                  387 	.db #0x20	; 32
   0177 E0                  388 	.db #0xe0	; 224
   0178 10                  389 	.db #0x10	; 16
   0179 F0                  390 	.db #0xf0	; 240
   017A 10                  391 	.db #0x10	; 16
   017B F0                  392 	.db #0xf0	; 240
   017C 90                  393 	.db #0x90	; 144
   017D F0                  394 	.db #0xf0	; 240
   017E 90                  395 	.db #0x90	; 144
   017F F0                  396 	.db #0xf0	; 240
   0180 90                  397 	.db #0x90	; 144
   0181 F0                  398 	.db #0xf0	; 240
   0182 90                  399 	.db #0x90	; 144
   0183 F0                  400 	.db #0xf0	; 240
   0184 10                  401 	.db #0x10	; 16
   0185 F0                  402 	.db #0xf0	; 240
   0186 10                  403 	.db #0x10	; 16
   0187 F0                  404 	.db #0xf0	; 240
   0188 20                  405 	.db #0x20	; 32
   0189 E0                  406 	.db #0xe0	; 224
   018A C0                  407 	.db #0xc0	; 192
   018B C0                  408 	.db #0xc0	; 192
   018C 00                  409 	.db #0x00	; 0
   018D 00                  410 	.db #0x00	; 0
   018E 00                  411 	.db #0x00	; 0
   018F 00                  412 	.db #0x00	; 0
   0190 00                  413 	.db #0x00	; 0
   0191 00                  414 	.db #0x00	; 0
   0192 0F                  415 	.db #0x0f	; 15
   0193 0F                  416 	.db #0x0f	; 15
   0194 10                  417 	.db #0x10	; 16
   0195 1F                  418 	.db #0x1f	; 31
   0196 10                  419 	.db #0x10	; 16
   0197 1F                  420 	.db #0x1f	; 31
   0198 11                  421 	.db #0x11	; 17
   0199 1F                  422 	.db #0x1f	; 31
   019A 12                  423 	.db #0x12	; 18
   019B 1E                  424 	.db #0x1e	; 30
   019C 11                  425 	.db #0x11	; 17
   019D 1F                  426 	.db #0x1f	; 31
   019E 10                  427 	.db #0x10	; 16
   019F 1F                  428 	.db #0x1f	; 31
   01A0 10                  429 	.db #0x10	; 16
   01A1 1F                  430 	.db #0x1f	; 31
   01A2 10                  431 	.db #0x10	; 16
   01A3 1F                  432 	.db #0x1f	; 31
   01A4 09                  433 	.db #0x09	; 9
   01A5 0F                  434 	.db #0x0f	; 15
   01A6 08                  435 	.db #0x08	; 8
   01A7 0F                  436 	.db #0x0f	; 15
   01A8 08                  437 	.db #0x08	; 8
   01A9 0F                  438 	.db #0x0f	; 15
   01AA 08                  439 	.db #0x08	; 8
   01AB 0F                  440 	.db #0x0f	; 15
   01AC 07                  441 	.db #0x07	; 7
   01AD 07                  442 	.db #0x07	; 7
   01AE 00                  443 	.db #0x00	; 0
   01AF 00                  444 	.db #0x00	; 0
   01B0 00                  445 	.db #0x00	; 0
   01B1 00                  446 	.db #0x00	; 0
   01B2 E0                  447 	.db #0xe0	; 224
   01B3 E0                  448 	.db #0xe0	; 224
   01B4 18                  449 	.db #0x18	; 24
   01B5 F8                  450 	.db #0xf8	; 248
   01B6 26                  451 	.db #0x26	; 38
   01B7 FE                  452 	.db #0xfe	; 254
   01B8 A1                  453 	.db #0xa1	; 161
   01B9 FF                  454 	.db #0xff	; 255
   01BA 50                  455 	.db #0x50	; 80	'P'
   01BB 7F                  456 	.db #0x7f	; 127
   01BC 88                  457 	.db #0x88	; 136
   01BD FF                  458 	.db #0xff	; 255
   01BE 16                  459 	.db #0x16	; 22
   01BF F7                  460 	.db #0xf7	; 247
   01C0 09                  461 	.db #0x09	; 9
   01C1 F9                  462 	.db #0xf9	; 249
   01C2 C4                  463 	.db #0xc4	; 196
   01C3 FC                  464 	.db #0xfc	; 252
   01C4 24                  465 	.db #0x24	; 36
   01C5 3C                  466 	.db #0x3c	; 60
   01C6 C4                  467 	.db #0xc4	; 196
   01C7 FC                  468 	.db #0xfc	; 252
   01C8 04                  469 	.db #0x04	; 4
   01C9 FC                  470 	.db #0xfc	; 252
   01CA 18                  471 	.db #0x18	; 24
   01CB F8                  472 	.db #0xf8	; 248
   01CC E0                  473 	.db #0xe0	; 224
   01CD E0                  474 	.db #0xe0	; 224
   01CE 00                  475 	.db #0x00	; 0
   01CF 00                  476 	.db #0x00	; 0
   01D0 38                  477 	.db #0x38	; 56	'8'
   01D1 38                  478 	.db #0x38	; 56	'8'
   01D2 48                  479 	.db #0x48	; 72	'H'
   01D3 78                  480 	.db #0x78	; 120	'x'
   01D4 48                  481 	.db #0x48	; 72	'H'
   01D5 78                  482 	.db #0x78	; 120	'x'
   01D6 48                  483 	.db #0x48	; 72	'H'
   01D7 78                  484 	.db #0x78	; 120	'x'
   01D8 88                  485 	.db #0x88	; 136
   01D9 F8                  486 	.db #0xf8	; 248
   01DA 08                  487 	.db #0x08	; 8
   01DB F8                  488 	.db #0xf8	; 248
   01DC 08                  489 	.db #0x08	; 8
   01DD F8                  490 	.db #0xf8	; 248
   01DE 10                  491 	.db #0x10	; 16
   01DF F0                  492 	.db #0xf0	; 240
   01E0 88                  493 	.db #0x88	; 136
   01E1 F8                  494 	.db #0xf8	; 248
   01E2 48                  495 	.db #0x48	; 72	'H'
   01E3 78                  496 	.db #0x78	; 120	'x'
   01E4 44                  497 	.db #0x44	; 68	'D'
   01E5 7C                  498 	.db #0x7c	; 124
   01E6 44                  499 	.db #0x44	; 68	'D'
   01E7 7C                  500 	.db #0x7c	; 124
   01E8 24                  501 	.db #0x24	; 36
   01E9 3C                  502 	.db #0x3c	; 60
   01EA 3C                  503 	.db #0x3c	; 60
   01EB 3C                  504 	.db #0x3c	; 60
   01EC 00                  505 	.db #0x00	; 0
   01ED 00                  506 	.db #0x00	; 0
   01EE 00                  507 	.db #0x00	; 0
   01EF 00                  508 	.db #0x00	; 0
                            509 	.area _CABS (ABS)
